[2020-02-07T21:38:51.637+0800][gc,heap] Heap region size: 1M
[2020-02-07T21:38:51.645+0800][gc     ] Using G1
[2020-02-07T21:38:51.645+0800][gc,heap,coops] Heap address: 0x00000000c0000000, size: 1024 MB, Compressed Oops mode: 32-bit
[2020-02-07T21:38:51.646+0800][gc,cds       ] Mark closed archive regions in map: [0x00000000fff00000, 0x00000000fff69ff8]
[2020-02-07T21:38:51.646+0800][gc,cds       ] Mark open archive regions in map: [0x00000000ffe00000, 0x00000000ffe34ff8]
[2020-02-07T21:38:52.434+0800][gc,start     ] GC(0) Pause Young (Normal) (G1 Evacuation Pause)
[2020-02-07T21:38:52.434+0800][gc,task      ] GC(0) Using 8 workers of 8 for evacuation
[2020-02-07T21:38:52.443+0800][gc,phases    ] GC(0)   Pre Evacuate Collection Set: 0.0ms
[2020-02-07T21:38:52.443+0800][gc,phases    ] GC(0)   Evacuate Collection Set: 8.1ms
[2020-02-07T21:38:52.443+0800][gc,phases    ] GC(0)   Post Evacuate Collection Set: 0.4ms
[2020-02-07T21:38:52.443+0800][gc,phases    ] GC(0)   Other: 0.8ms
[2020-02-07T21:38:52.443+0800][gc,heap      ] GC(0) Eden regions: 51->0(44)
[2020-02-07T21:38:52.443+0800][gc,heap      ] GC(0) Survivor regions: 0->7(7)
[2020-02-07T21:38:52.443+0800][gc,heap      ] GC(0) Old regions: 2->2
[2020-02-07T21:38:52.443+0800][gc,heap      ] GC(0) Humongous regions: 1->1
[2020-02-07T21:38:52.443+0800][gc,metaspace ] GC(0) Metaspace: 14549K->14549K(1062912K)
[2020-02-07T21:38:52.443+0800][gc           ] GC(0) Pause Young (Normal) (G1 Evacuation Pause) 52M->8M(1024M) 9.392ms
[2020-02-07T21:38:52.443+0800][gc,cpu       ] GC(0) User=0.05s Sys=0.01s Real=0.01s
[2020-02-07T21:38:53.062+0800][gc,start     ] GC(1) Pause Young (Concurrent Start) (Metadata GC Threshold)
[2020-02-07T21:38:53.062+0800][gc,task      ] GC(1) Using 8 workers of 8 for evacuation
[2020-02-07T21:38:53.070+0800][gc,phases    ] GC(1)   Pre Evacuate Collection Set: 0.0ms
[2020-02-07T21:38:53.070+0800][gc,phases    ] GC(1)   Evacuate Collection Set: 6.5ms
[2020-02-07T21:38:53.070+0800][gc,phases    ] GC(1)   Post Evacuate Collection Set: 0.4ms
[2020-02-07T21:38:53.070+0800][gc,phases    ] GC(1)   Other: 0.3ms
[2020-02-07T21:38:53.070+0800][gc,heap      ] GC(1) Eden regions: 34->0(49)
[2020-02-07T21:38:53.070+0800][gc,heap      ] GC(1) Survivor regions: 7->2(7)
[2020-02-07T21:38:53.070+0800][gc,heap      ] GC(1) Old regions: 2->9
[2020-02-07T21:38:53.070+0800][gc,heap      ] GC(1) Humongous regions: 130->130
[2020-02-07T21:38:53.070+0800][gc,metaspace ] GC(1) Metaspace: 20514K->20514K(1067008K)
[2020-02-07T21:38:53.070+0800][gc           ] GC(1) Pause Young (Concurrent Start) (Metadata GC Threshold) 170M->138M(1024M) 7.306ms
[2020-02-07T21:38:53.070+0800][gc,cpu       ] GC(1) User=0.02s Sys=0.01s Real=0.00s
[2020-02-07T21:38:53.070+0800][gc           ] GC(2) Concurrent Cycle
[2020-02-07T21:38:53.070+0800][gc,marking   ] GC(2) Concurrent Clear Claimed Marks
[2020-02-07T21:38:53.070+0800][gc,marking   ] GC(2) Concurrent Clear Claimed Marks 0.011ms
[2020-02-07T21:38:53.070+0800][gc,marking   ] GC(2) Concurrent Scan Root Regions
[2020-02-07T21:38:53.070+0800][gc,marking   ] GC(2) Concurrent Scan Root Regions 0.718ms
[2020-02-07T21:38:53.070+0800][gc,marking   ] GC(2) Concurrent Mark (1.436s)
[2020-02-07T21:38:53.070+0800][gc,marking   ] GC(2) Concurrent Mark From Roots
[2020-02-07T21:38:53.071+0800][gc,task      ] GC(2) Using 2 workers of 2 for marking
[2020-02-07T21:38:53.075+0800][gc,marking   ] GC(2) Concurrent Mark From Roots 4.000ms
[2020-02-07T21:38:53.075+0800][gc,marking   ] GC(2) Concurrent Preclean
[2020-02-07T21:38:53.075+0800][gc,marking   ] GC(2) Concurrent Preclean 0.106ms
[2020-02-07T21:38:53.075+0800][gc,marking   ] GC(2) Concurrent Mark (1.436s, 1.440s) 4.150ms
[2020-02-07T21:38:53.075+0800][gc,start     ] GC(2) Pause Remark
[2020-02-07T21:38:53.077+0800][gc,stringtable] GC(2) Cleaned string and symbol table, strings: 5907 processed, 0 removed, symbols: 50312 processed, 45 removed
[2020-02-07T21:38:53.078+0800][gc            ] GC(2) Pause Remark 140M->140M(1024M) 2.785ms
[2020-02-07T21:38:53.078+0800][gc,cpu        ] GC(2) User=0.02s Sys=0.00s Real=0.00s
[2020-02-07T21:38:53.078+0800][gc,marking    ] GC(2) Concurrent Rebuild Remembered Sets
[2020-02-07T21:38:53.079+0800][gc,marking    ] GC(2) Concurrent Rebuild Remembered Sets 1.943ms
[2020-02-07T21:38:53.080+0800][gc,start      ] GC(2) Pause Cleanup
[2020-02-07T21:38:53.080+0800][gc            ] GC(2) Pause Cleanup 140M->140M(1024M) 0.121ms
[2020-02-07T21:38:53.080+0800][gc,cpu        ] GC(2) User=0.00s Sys=0.00s Real=0.00s
[2020-02-07T21:38:53.080+0800][gc,marking    ] GC(2) Concurrent Cleanup for Next Mark
[2020-02-07T21:38:53.083+0800][gc,marking    ] GC(2) Concurrent Cleanup for Next Mark 3.050ms
[2020-02-07T21:38:53.083+0800][gc            ] GC(2) Concurrent Cycle 13.207ms
[2020-02-07T21:38:53.504+0800][gc,start      ] GC(3) Pause Young (Normal) (G1 Evacuation Pause)
[2020-02-07T21:38:53.504+0800][gc,task       ] GC(3) Using 8 workers of 8 for evacuation
[2020-02-07T21:38:53.509+0800][gc,phases     ] GC(3)   Pre Evacuate Collection Set: 0.0ms
[2020-02-07T21:38:53.509+0800][gc,phases     ] GC(3)   Evacuate Collection Set: 4.3ms
[2020-02-07T21:38:53.509+0800][gc,phases     ] GC(3)   Post Evacuate Collection Set: 0.3ms
[2020-02-07T21:38:53.509+0800][gc,phases     ] GC(3)   Other: 0.3ms
[2020-02-07T21:38:53.509+0800][gc,heap       ] GC(3) Eden regions: 49->0(45)
[2020-02-07T21:38:53.509+0800][gc,heap       ] GC(3) Survivor regions: 2->6(7)
[2020-02-07T21:38:53.509+0800][gc,heap       ] GC(3) Old regions: 9->9
[2020-02-07T21:38:53.509+0800][gc,heap       ] GC(3) Humongous regions: 130->130
[2020-02-07T21:38:53.509+0800][gc,metaspace  ] GC(3) Metaspace: 28825K->28825K(1075200K)
[2020-02-07T21:38:53.509+0800][gc            ] GC(3) Pause Young (Normal) (G1 Evacuation Pause) 187M->142M(1024M) 5.017ms
[2020-02-07T21:38:53.509+0800][gc,cpu        ] GC(3) User=0.03s Sys=0.00s Real=0.00s
[2020-02-07T21:41:49.372+0800][gc,start      ] GC(4) Pause Young (Normal) (G1 Evacuation Pause)
[2020-02-07T21:41:49.372+0800][gc,task       ] GC(4) Using 8 workers of 8 for evacuation
[2020-02-07T21:41:49.377+0800][gc,phases     ] GC(4)   Pre Evacuate Collection Set: 0.0ms
[2020-02-07T21:41:49.377+0800][gc,phases     ] GC(4)   Evacuate Collection Set: 4.1ms
[2020-02-07T21:41:49.377+0800][gc,phases     ] GC(4)   Post Evacuate Collection Set: 0.5ms
[2020-02-07T21:41:49.377+0800][gc,phases     ] GC(4)   Other: 0.3ms
[2020-02-07T21:41:49.377+0800][gc,heap       ] GC(4) Eden regions: 45->0(49)
[2020-02-07T21:41:49.377+0800][gc,heap       ] GC(4) Survivor regions: 6->2(7)
[2020-02-07T21:41:49.377+0800][gc,heap       ] GC(4) Old regions: 9->14
[2020-02-07T21:41:49.377+0800][gc,heap       ] GC(4) Humongous regions: 142->130
[2020-02-07T21:41:49.377+0800][gc,metaspace  ] GC(4) Metaspace: 33820K->33820K(1079296K)
[2020-02-07T21:41:49.377+0800][gc            ] GC(4) Pause Young (Normal) (G1 Evacuation Pause) 199M->144M(1024M) 4.922ms
[2020-02-07T21:41:49.377+0800][gc,cpu        ] GC(4) User=0.03s Sys=0.01s Real=0.01s
[2020-02-07T21:52:05.912+0800][gc,start      ] GC(5) Pause Young (Normal) (G1 Evacuation Pause)
[2020-02-07T21:52:05.912+0800][gc,task       ] GC(5) Using 8 workers of 8 for evacuation
[2020-02-07T21:52:05.915+0800][gc,phases     ] GC(5)   Pre Evacuate Collection Set: 0.0ms
[2020-02-07T21:52:05.915+0800][gc,phases     ] GC(5)   Evacuate Collection Set: 2.3ms
[2020-02-07T21:52:05.915+0800][gc,phases     ] GC(5)   Post Evacuate Collection Set: 0.4ms
[2020-02-07T21:52:05.915+0800][gc,phases     ] GC(5)   Other: 0.2ms
[2020-02-07T21:52:05.915+0800][gc,heap       ] GC(5) Eden regions: 49->0(47)
[2020-02-07T21:52:05.915+0800][gc,heap       ] GC(5) Survivor regions: 2->4(7)
[2020-02-07T21:52:05.915+0800][gc,heap       ] GC(5) Old regions: 14->14
[2020-02-07T21:52:05.915+0800][gc,heap       ] GC(5) Humongous regions: 130->130
[2020-02-07T21:52:05.915+0800][gc,metaspace  ] GC(5) Metaspace: 34403K->34403K(1081344K)
[2020-02-07T21:52:05.915+0800][gc            ] GC(5) Pause Young (Normal) (G1 Evacuation Pause) 193M->145M(1024M) 3.099ms
[2020-02-07T21:52:05.915+0800][gc,cpu        ] GC(5) User=0.01s Sys=0.00s Real=0.01s
[2020-02-07T22:02:33.845+0800][gc,start      ] GC(6) Pause Young (Normal) (G1 Evacuation Pause)
[2020-02-07T22:02:33.845+0800][gc,task       ] GC(6) Using 8 workers of 8 for evacuation
[2020-02-07T22:02:33.848+0800][gc,phases     ] GC(6)   Pre Evacuate Collection Set: 0.0ms
[2020-02-07T22:02:33.848+0800][gc,phases     ] GC(6)   Evacuate Collection Set: 2.5ms
[2020-02-07T22:02:33.848+0800][gc,phases     ] GC(6)   Post Evacuate Collection Set: 0.4ms
[2020-02-07T22:02:33.848+0800][gc,phases     ] GC(6)   Other: 0.3ms
[2020-02-07T22:02:33.848+0800][gc,heap       ] GC(6) Eden regions: 47->0(47)
[2020-02-07T22:02:33.848+0800][gc,heap       ] GC(6) Survivor regions: 4->4(7)
[2020-02-07T22:02:33.848+0800][gc,heap       ] GC(6) Old regions: 14->14
[2020-02-07T22:02:33.848+0800][gc,heap       ] GC(6) Humongous regions: 130->130
[2020-02-07T22:02:33.848+0800][gc,metaspace  ] GC(6) Metaspace: 34584K->34584K(1081344K)
[2020-02-07T22:02:33.848+0800][gc            ] GC(6) Pause Young (Normal) (G1 Evacuation Pause) 192M->145M(1024M) 3.207ms
[2020-02-07T22:02:33.848+0800][gc,cpu        ] GC(6) User=0.02s Sys=0.00s Real=0.00s
[2020-02-07T22:03:12.842+0800][gc,start      ] GC(7) Pause Young (Concurrent Start) (Metadata GC Threshold)
[2020-02-07T22:03:12.842+0800][gc,task       ] GC(7) Using 8 workers of 8 for evacuation
[2020-02-07T22:03:12.897+0800][gc,mmu        ] GC(7) MMU target violated: 21.0ms (20.0ms/21.0ms)
[2020-02-07T22:03:12.897+0800][gc,phases     ] GC(7)   Pre Evacuate Collection Set: 0.1ms
[2020-02-07T22:03:12.897+0800][gc,phases     ] GC(7)   Evacuate Collection Set: 50.5ms
[2020-02-07T22:03:12.897+0800][gc,phases     ] GC(7)   Post Evacuate Collection Set: 4.8ms
[2020-02-07T22:03:12.897+0800][gc,phases     ] GC(7)   Other: 0.4ms
[2020-02-07T22:03:12.897+0800][gc,heap       ] GC(7) Eden regions: 23->0(47)
[2020-02-07T22:03:12.897+0800][gc,heap       ] GC(7) Survivor regions: 4->4(7)
[2020-02-07T22:03:12.897+0800][gc,heap       ] GC(7) Old regions: 14->14
[2020-02-07T22:03:12.897+0800][gc,heap       ] GC(7) Humongous regions: 130->130
[2020-02-07T22:03:12.897+0800][gc,metaspace  ] GC(7) Metaspace: 34912K->34912K(1081344K)
[2020-02-07T22:03:12.897+0800][gc            ] GC(7) Pause Young (Concurrent Start) (Metadata GC Threshold) 168M->146M(1024M) 55.820ms
[2020-02-07T22:03:12.897+0800][gc,cpu        ] GC(7) User=0.08s Sys=0.00s Real=0.05s
[2020-02-07T22:03:12.900+0800][gc            ] GC(8) Concurrent Cycle
[2020-02-07T22:03:12.900+0800][gc,marking    ] GC(8) Concurrent Clear Claimed Marks
[2020-02-07T22:03:12.900+0800][gc,marking    ] GC(8) Concurrent Clear Claimed Marks 0.047ms
[2020-02-07T22:03:12.901+0800][gc,marking    ] GC(8) Concurrent Scan Root Regions
[2020-02-07T22:03:12.905+0800][gc,marking    ] GC(8) Concurrent Scan Root Regions 4.607ms
[2020-02-07T22:03:12.905+0800][gc,marking    ] GC(8) Concurrent Mark (1461.271s)
[2020-02-07T22:03:12.905+0800][gc,marking    ] GC(8) Concurrent Mark From Roots
[2020-02-07T22:03:12.905+0800][gc,task       ] GC(8) Using 2 workers of 2 for marking
[2020-02-07T22:03:12.931+0800][gc,marking    ] GC(8) Concurrent Mark From Roots 25.610ms
[2020-02-07T22:03:12.931+0800][gc,marking    ] GC(8) Concurrent Preclean
[2020-02-07T22:03:12.931+0800][gc,marking    ] GC(8) Concurrent Preclean 0.314ms
[2020-02-07T22:03:12.931+0800][gc,marking    ] GC(8) Concurrent Mark (1461.271s, 1461.297s) 26.003ms
[2020-02-07T22:03:12.932+0800][gc,start      ] GC(8) Pause Remark
[2020-02-07T22:03:12.957+0800][gc,stringtable] GC(8) Cleaned string and symbol table, strings: 12812 processed, 294 removed, symbols: 72503 processed, 17 removed
[2020-02-07T22:03:12.957+0800][gc,mmu        ] GC(8) MMU target violated: 21.0ms (20.0ms/21.0ms)
[2020-02-07T22:03:12.957+0800][gc            ] GC(8) Pause Remark 147M->147M(1024M) 25.549ms
[2020-02-07T22:03:12.957+0800][gc,cpu        ] GC(8) User=0.03s Sys=0.00s Real=0.03s
[2020-02-07T22:03:12.958+0800][gc,marking    ] GC(8) Concurrent Rebuild Remembered Sets
[2020-02-07T22:03:12.972+0800][gc,marking    ] GC(8) Concurrent Rebuild Remembered Sets 13.728ms
[2020-02-07T22:03:12.972+0800][gc,start      ] GC(8) Pause Cleanup
[2020-02-07T22:03:12.972+0800][gc            ] GC(8) Pause Cleanup 148M->148M(1024M) 0.221ms
[2020-02-07T22:03:12.972+0800][gc,cpu        ] GC(8) User=0.01s Sys=0.01s Real=0.00s
[2020-02-07T22:03:12.972+0800][gc,marking    ] GC(8) Concurrent Cleanup for Next Mark
[2020-02-07T22:03:12.981+0800][gc,marking    ] GC(8) Concurrent Cleanup for Next Mark 8.244ms
[2020-02-07T22:03:12.981+0800][gc            ] GC(8) Concurrent Cycle 80.302ms
[2020-02-07T22:03:13.317+0800][gc,start      ] GC(9) Pause Young (Normal) (G1 Evacuation Pause)
[2020-02-07T22:03:13.317+0800][gc,task       ] GC(9) Using 8 workers of 8 for evacuation
[2020-02-07T22:03:13.329+0800][gc,phases     ] GC(9)   Pre Evacuate Collection Set: 0.0ms
[2020-02-07T22:03:13.329+0800][gc,phases     ] GC(9)   Evacuate Collection Set: 7.3ms
[2020-02-07T22:03:13.329+0800][gc,phases     ] GC(9)   Post Evacuate Collection Set: 3.8ms
[2020-02-07T22:03:13.329+0800][gc,phases     ] GC(9)   Other: 0.2ms
[2020-02-07T22:03:13.329+0800][gc,heap       ] GC(9) Eden regions: 47->0(47)
[2020-02-07T22:03:13.329+0800][gc,heap       ] GC(9) Survivor regions: 4->4(7)
[2020-02-07T22:03:13.329+0800][gc,heap       ] GC(9) Old regions: 14->15
[2020-02-07T22:03:13.329+0800][gc,heap       ] GC(9) Humongous regions: 130->130
[2020-02-07T22:03:13.329+0800][gc,metaspace  ] GC(9) Metaspace: 34878K->34878K(1081344K)
[2020-02-07T22:03:13.329+0800][gc            ] GC(9) Pause Young (Normal) (G1 Evacuation Pause) 193M->146M(1024M) 11.476ms
[2020-02-07T22:03:13.329+0800][gc,cpu        ] GC(9) User=0.03s Sys=0.00s Real=0.01s
[2020-02-07T22:03:13.586+0800][gc,start      ] GC(10) Pause Young (Normal) (G1 Evacuation Pause)
[2020-02-07T22:03:13.586+0800][gc,task       ] GC(10) Using 8 workers of 8 for evacuation
[2020-02-07T22:03:13.601+0800][gc,phases     ] GC(10)   Pre Evacuate Collection Set: 0.1ms
[2020-02-07T22:03:13.601+0800][gc,phases     ] GC(10)   Evacuate Collection Set: 9.9ms
[2020-02-07T22:03:13.601+0800][gc,phases     ] GC(10)   Post Evacuate Collection Set: 4.1ms
[2020-02-07T22:03:13.601+0800][gc,phases     ] GC(10)   Other: 0.3ms
[2020-02-07T22:03:13.601+0800][gc,heap       ] GC(10) Eden regions: 47->0(48)
[2020-02-07T22:03:13.601+0800][gc,heap       ] GC(10) Survivor regions: 4->4(7)
[2020-02-07T22:03:13.601+0800][gc,heap       ] GC(10) Old regions: 15->15
[2020-02-07T22:03:13.601+0800][gc,heap       ] GC(10) Humongous regions: 130->130
[2020-02-07T22:03:13.601+0800][gc,metaspace  ] GC(10) Metaspace: 34923K->34923K(1081344K)
[2020-02-07T22:03:13.601+0800][gc            ] GC(10) Pause Young (Normal) (G1 Evacuation Pause) 193M->146M(1024M) 14.422ms
[2020-02-07T22:03:13.601+0800][gc,cpu        ] GC(10) User=0.01s Sys=0.01s Real=0.02s
[2020-02-07T22:03:13.853+0800][gc,start      ] GC(11) Pause Young (Normal) (G1 Evacuation Pause)
[2020-02-07T22:03:13.853+0800][gc,task       ] GC(11) Using 8 workers of 8 for evacuation
[2020-02-07T22:03:13.861+0800][gc,phases     ] GC(11)   Pre Evacuate Collection Set: 0.0ms
[2020-02-07T22:03:13.861+0800][gc,phases     ] GC(11)   Evacuate Collection Set: 7.7ms
[2020-02-07T22:03:13.861+0800][gc,phases     ] GC(11)   Post Evacuate Collection Set: 0.4ms
[2020-02-07T22:03:13.861+0800][gc,phases     ] GC(11)   Other: 0.2ms
[2020-02-07T22:03:13.861+0800][gc,heap       ] GC(11) Eden regions: 48->0(57)
[2020-02-07T22:03:13.861+0800][gc,heap       ] GC(11) Survivor regions: 4->4(7)
[2020-02-07T22:03:13.861+0800][gc,heap       ] GC(11) Old regions: 15->15
[2020-02-07T22:03:13.861+0800][gc,heap       ] GC(11) Humongous regions: 130->130
[2020-02-07T22:03:13.861+0800][gc,metaspace  ] GC(11) Metaspace: 34928K->34928K(1081344K)
[2020-02-07T22:03:13.861+0800][gc            ] GC(11) Pause Young (Normal) (G1 Evacuation Pause) 194M->146M(1024M) 8.447ms
[2020-02-07T22:03:13.861+0800][gc,cpu        ] GC(11) User=0.02s Sys=0.01s Real=0.01s
[2020-02-07T22:03:14.145+0800][gc,start      ] GC(12) Pause Young (Normal) (G1 Evacuation Pause)
[2020-02-07T22:03:14.145+0800][gc,task       ] GC(12) Using 8 workers of 8 for evacuation
[2020-02-07T22:03:14.152+0800][gc,phases     ] GC(12)   Pre Evacuate Collection Set: 0.0ms
[2020-02-07T22:03:14.152+0800][gc,phases     ] GC(12)   Evacuate Collection Set: 6.1ms
[2020-02-07T22:03:14.152+0800][gc,phases     ] GC(12)   Post Evacuate Collection Set: 0.4ms
[2020-02-07T22:03:14.152+0800][gc,phases     ] GC(12)   Other: 0.3ms
[2020-02-07T22:03:14.152+0800][gc,heap       ] GC(12) Eden regions: 57->0(68)
[2020-02-07T22:03:14.152+0800][gc,heap       ] GC(12) Survivor regions: 4->4(8)
[2020-02-07T22:03:14.152+0800][gc,heap       ] GC(12) Old regions: 15->15
[2020-02-07T22:03:14.152+0800][gc,heap       ] GC(12) Humongous regions: 130->130
[2020-02-07T22:03:14.152+0800][gc,metaspace  ] GC(12) Metaspace: 34928K->34928K(1081344K)
[2020-02-07T22:03:14.152+0800][gc            ] GC(12) Pause Young (Normal) (G1 Evacuation Pause) 203M->146M(1024M) 6.939ms
[2020-02-07T22:03:14.152+0800][gc,cpu        ] GC(12) User=0.02s Sys=0.00s Real=0.00s
[2020-02-07T22:03:14.350+0800][gc,start      ] GC(13) Pause Young (Normal) (G1 Evacuation Pause)
[2020-02-07T22:03:14.350+0800][gc,task       ] GC(13) Using 8 workers of 8 for evacuation
[2020-02-07T22:03:14.361+0800][gc,phases     ] GC(13)   Pre Evacuate Collection Set: 0.0ms
[2020-02-07T22:03:14.361+0800][gc,phases     ] GC(13)   Evacuate Collection Set: 10.1ms
[2020-02-07T22:03:14.361+0800][gc,phases     ] GC(13)   Post Evacuate Collection Set: 0.3ms
[2020-02-07T22:03:14.361+0800][gc,phases     ] GC(13)   Other: 0.2ms
[2020-02-07T22:03:14.361+0800][gc,heap       ] GC(13) Eden regions: 68->0(75)
[2020-02-07T22:03:14.361+0800][gc,heap       ] GC(13) Survivor regions: 4->4(9)
[2020-02-07T22:03:14.361+0800][gc,heap       ] GC(13) Old regions: 15->15
[2020-02-07T22:03:14.361+0800][gc,heap       ] GC(13) Humongous regions: 130->130
[2020-02-07T22:03:14.361+0800][gc,metaspace  ] GC(13) Metaspace: 34928K->34928K(1081344K)
[2020-02-07T22:03:14.361+0800][gc            ] GC(13) Pause Young (Normal) (G1 Evacuation Pause) 214M->147M(1024M) 10.797ms
[2020-02-07T22:03:14.361+0800][gc,cpu        ] GC(13) User=0.04s Sys=0.00s Real=0.02s
[2020-02-07T22:03:14.613+0800][gc,start      ] GC(14) Pause Young (Normal) (G1 Evacuation Pause)
[2020-02-07T22:03:14.613+0800][gc,task       ] GC(14) Using 8 workers of 8 for evacuation
[2020-02-07T22:03:14.629+0800][gc,phases     ] GC(14)   Pre Evacuate Collection Set: 0.0ms
[2020-02-07T22:03:14.629+0800][gc,phases     ] GC(14)   Evacuate Collection Set: 15.4ms
[2020-02-07T22:03:14.629+0800][gc,phases     ] GC(14)   Post Evacuate Collection Set: 0.5ms
[2020-02-07T22:03:14.629+0800][gc,phases     ] GC(14)   Other: 0.2ms
[2020-02-07T22:03:14.629+0800][gc,heap       ] GC(14) Eden regions: 75->0(83)
[2020-02-07T22:03:14.629+0800][gc,heap       ] GC(14) Survivor regions: 4->5(10)
[2020-02-07T22:03:14.629+0800][gc,heap       ] GC(14) Old regions: 15->15
[2020-02-07T22:03:14.629+0800][gc,heap       ] GC(14) Humongous regions: 130->130
[2020-02-07T22:03:14.629+0800][gc,metaspace  ] GC(14) Metaspace: 34928K->34928K(1081344K)
[2020-02-07T22:03:14.629+0800][gc            ] GC(14) Pause Young (Normal) (G1 Evacuation Pause) 222M->147M(1024M) 16.279ms
[2020-02-07T22:03:14.629+0800][gc,cpu        ] GC(14) User=0.06s Sys=0.00s Real=0.01s
[2020-02-07T22:03:14.872+0800][gc,start      ] GC(15) Pause Young (Normal) (G1 Evacuation Pause)
[2020-02-07T22:03:14.872+0800][gc,task       ] GC(15) Using 8 workers of 8 for evacuation
[2020-02-07T22:03:14.885+0800][gc,phases     ] GC(15)   Pre Evacuate Collection Set: 0.1ms
[2020-02-07T22:03:14.885+0800][gc,phases     ] GC(15)   Evacuate Collection Set: 12.3ms
[2020-02-07T22:03:14.885+0800][gc,phases     ] GC(15)   Post Evacuate Collection Set: 0.4ms
[2020-02-07T22:03:14.885+0800][gc,phases     ] GC(15)   Other: 0.2ms
[2020-02-07T22:03:14.885+0800][gc,heap       ] GC(15) Eden regions: 83->0(107)
[2020-02-07T22:03:14.885+0800][gc,heap       ] GC(15) Survivor regions: 5->5(11)
[2020-02-07T22:03:14.885+0800][gc,heap       ] GC(15) Old regions: 15->15
[2020-02-07T22:03:14.885+0800][gc,heap       ] GC(15) Humongous regions: 130->130
[2020-02-07T22:03:14.885+0800][gc,metaspace  ] GC(15) Metaspace: 34928K->34928K(1081344K)
[2020-02-07T22:03:14.885+0800][gc            ] GC(15) Pause Young (Normal) (G1 Evacuation Pause) 230M->147M(1024M) 13.016ms
[2020-02-07T22:03:14.885+0800][gc,cpu        ] GC(15) User=0.05s Sys=0.00s Real=0.02s
[2020-02-07T22:03:15.133+0800][gc,start      ] GC(16) Pause Young (Normal) (G1 Evacuation Pause)
[2020-02-07T22:03:15.133+0800][gc,task       ] GC(16) Using 8 workers of 8 for evacuation
[2020-02-07T22:03:15.137+0800][gc,phases     ] GC(16)   Pre Evacuate Collection Set: 0.0ms
[2020-02-07T22:03:15.137+0800][gc,phases     ] GC(16)   Evacuate Collection Set: 3.3ms
[2020-02-07T22:03:15.137+0800][gc,phases     ] GC(16)   Post Evacuate Collection Set: 0.4ms
[2020-02-07T22:03:15.137+0800][gc,phases     ] GC(16)   Other: 0.2ms
[2020-02-07T22:03:15.137+0800][gc,heap       ] GC(16) Eden regions: 107->0(143)
[2020-02-07T22:03:15.137+0800][gc,heap       ] GC(16) Survivor regions: 5->5(14)
[2020-02-07T22:03:15.137+0800][gc,heap       ] GC(16) Old regions: 15->15
[2020-02-07T22:03:15.137+0800][gc,heap       ] GC(16) Humongous regions: 130->130
[2020-02-07T22:03:15.137+0800][gc,metaspace  ] GC(16) Metaspace: 34928K->34928K(1081344K)
[2020-02-07T22:03:15.137+0800][gc            ] GC(16) Pause Young (Normal) (G1 Evacuation Pause) 254M->147M(1024M) 4.030ms
[2020-02-07T22:03:15.137+0800][gc,cpu        ] GC(16) User=0.02s Sys=0.01s Real=0.00s
[2020-02-07T22:03:15.523+0800][gc,start      ] GC(17) Pause Young (Normal) (G1 Evacuation Pause)
[2020-02-07T22:03:15.523+0800][gc,task       ] GC(17) Using 8 workers of 8 for evacuation
[2020-02-07T22:03:15.528+0800][gc,phases     ] GC(17)   Pre Evacuate Collection Set: 0.0ms
[2020-02-07T22:03:15.528+0800][gc,phases     ] GC(17)   Evacuate Collection Set: 4.7ms
[2020-02-07T22:03:15.528+0800][gc,phases     ] GC(17)   Post Evacuate Collection Set: 0.4ms
[2020-02-07T22:03:15.528+0800][gc,phases     ] GC(17)   Other: 0.2ms
[2020-02-07T22:03:15.528+0800][gc,heap       ] GC(17) Eden regions: 143->0(165)
[2020-02-07T22:03:15.528+0800][gc,heap       ] GC(17) Survivor regions: 5->5(19)
[2020-02-07T22:03:15.528+0800][gc,heap       ] GC(17) Old regions: 15->15
[2020-02-07T22:03:15.528+0800][gc,heap       ] GC(17) Humongous regions: 130->130
[2020-02-07T22:03:15.528+0800][gc,metaspace  ] GC(17) Metaspace: 34928K->34928K(1081344K)
[2020-02-07T22:03:15.528+0800][gc            ] GC(17) Pause Young (Normal) (G1 Evacuation Pause) 290M->147M(1024M) 5.504ms
[2020-02-07T22:03:15.528+0800][gc,cpu        ] GC(17) User=0.02s Sys=0.00s Real=0.00s
[2020-02-07T22:03:15.990+0800][gc,start      ] GC(18) Pause Young (Normal) (G1 Evacuation Pause)
[2020-02-07T22:03:15.990+0800][gc,task       ] GC(18) Using 8 workers of 8 for evacuation
[2020-02-07T22:03:16.006+0800][gc,phases     ] GC(18)   Pre Evacuate Collection Set: 0.1ms
[2020-02-07T22:03:16.006+0800][gc,phases     ] GC(18)   Evacuate Collection Set: 15.5ms
[2020-02-07T22:03:16.007+0800][gc,phases     ] GC(18)   Post Evacuate Collection Set: 0.4ms
[2020-02-07T22:03:16.007+0800][gc,phases     ] GC(18)   Other: 0.3ms
[2020-02-07T22:03:16.007+0800][gc,heap       ] GC(18) Eden regions: 165->0(184)
[2020-02-07T22:03:16.007+0800][gc,heap       ] GC(18) Survivor regions: 5->5(22)
[2020-02-07T22:03:16.007+0800][gc,heap       ] GC(18) Old regions: 15->15
[2020-02-07T22:03:16.007+0800][gc,heap       ] GC(18) Humongous regions: 130->130
[2020-02-07T22:03:16.007+0800][gc,metaspace  ] GC(18) Metaspace: 34928K->34928K(1081344K)
[2020-02-07T22:03:16.007+0800][gc            ] GC(18) Pause Young (Normal) (G1 Evacuation Pause) 312M->148M(1024M) 16.349ms
[2020-02-07T22:03:16.007+0800][gc,cpu        ] GC(18) User=0.05s Sys=0.00s Real=0.02s
[2020-02-07T22:03:16.730+0800][gc,start      ] GC(19) Pause Young (Normal) (G1 Evacuation Pause)
[2020-02-07T22:03:16.730+0800][gc,task       ] GC(19) Using 8 workers of 8 for evacuation
[2020-02-07T22:03:16.741+0800][gc,phases     ] GC(19)   Pre Evacuate Collection Set: 0.0ms
[2020-02-07T22:03:16.741+0800][gc,phases     ] GC(19)   Evacuate Collection Set: 10.7ms
[2020-02-07T22:03:16.741+0800][gc,phases     ] GC(19)   Post Evacuate Collection Set: 0.4ms
[2020-02-07T22:03:16.741+0800][gc,phases     ] GC(19)   Other: 0.2ms
[2020-02-07T22:03:16.741+0800][gc,heap       ] GC(19) Eden regions: 184->0(205)
[2020-02-07T22:03:16.741+0800][gc,heap       ] GC(19) Survivor regions: 5->6(24)
[2020-02-07T22:03:16.741+0800][gc,heap       ] GC(19) Old regions: 15->15
[2020-02-07T22:03:16.741+0800][gc,heap       ] GC(19) Humongous regions: 130->130
[2020-02-07T22:03:16.741+0800][gc,metaspace  ] GC(19) Metaspace: 34928K->34928K(1081344K)
[2020-02-07T22:03:16.741+0800][gc            ] GC(19) Pause Young (Normal) (G1 Evacuation Pause) 332M->148M(1024M) 11.558ms
[2020-02-07T22:03:16.741+0800][gc,cpu        ] GC(19) User=0.04s Sys=0.00s Real=0.02s
[2020-02-07T22:03:17.597+0800][gc,start      ] GC(20) Pause Young (Normal) (G1 Evacuation Pause)
[2020-02-07T22:03:17.598+0800][gc,task       ] GC(20) Using 8 workers of 8 for evacuation
[2020-02-07T22:03:17.612+0800][gc,phases     ] GC(20)   Pre Evacuate Collection Set: 0.1ms
[2020-02-07T22:03:17.613+0800][gc,phases     ] GC(20)   Evacuate Collection Set: 14.1ms
[2020-02-07T22:03:17.613+0800][gc,phases     ] GC(20)   Post Evacuate Collection Set: 0.6ms
[2020-02-07T22:03:17.613+0800][gc,phases     ] GC(20)   Other: 0.3ms
[2020-02-07T22:03:17.613+0800][gc,heap       ] GC(20) Eden regions: 205->0(307)
[2020-02-07T22:03:17.613+0800][gc,heap       ] GC(20) Survivor regions: 6->6(27)
[2020-02-07T22:03:17.613+0800][gc,heap       ] GC(20) Old regions: 15->15
[2020-02-07T22:03:17.613+0800][gc,heap       ] GC(20) Humongous regions: 130->130
[2020-02-07T22:03:17.613+0800][gc,metaspace  ] GC(20) Metaspace: 34931K->34931K(1081344K)
[2020-02-07T22:03:17.613+0800][gc            ] GC(20) Pause Young (Normal) (G1 Evacuation Pause) 353M->148M(1024M) 15.147ms
[2020-02-07T22:03:17.613+0800][gc,cpu        ] GC(20) User=0.06s Sys=0.00s Real=0.02s
[2020-02-07T22:03:18.515+0800][gc,start      ] GC(21) Pause Young (Normal) (G1 Evacuation Pause)
[2020-02-07T22:03:18.515+0800][gc,task       ] GC(21) Using 8 workers of 8 for evacuation
[2020-02-07T22:03:18.534+0800][gc,phases     ] GC(21)   Pre Evacuate Collection Set: 0.0ms
[2020-02-07T22:03:18.534+0800][gc,phases     ] GC(21)   Evacuate Collection Set: 18.7ms
[2020-02-07T22:03:18.534+0800][gc,phases     ] GC(21)   Post Evacuate Collection Set: 0.5ms
[2020-02-07T22:03:18.534+0800][gc,phases     ] GC(21)   Other: 0.3ms
[2020-02-07T22:03:18.534+0800][gc,heap       ] GC(21) Eden regions: 307->0(460)
[2020-02-07T22:03:18.534+0800][gc,heap       ] GC(21) Survivor regions: 6->6(40)
[2020-02-07T22:03:18.534+0800][gc,heap       ] GC(21) Old regions: 15->15
[2020-02-07T22:03:18.534+0800][gc,heap       ] GC(21) Humongous regions: 130->130
[2020-02-07T22:03:18.534+0800][gc,metaspace  ] GC(21) Metaspace: 34931K->34931K(1081344K)
[2020-02-07T22:03:18.534+0800][gc            ] GC(21) Pause Young (Normal) (G1 Evacuation Pause) 455M->148M(1024M) 19.630ms
[2020-02-07T22:03:18.534+0800][gc,cpu        ] GC(21) User=0.08s Sys=0.01s Real=0.02s
[2020-02-07T22:03:19.562+0800][gc,start      ] GC(22) Pause Young (Normal) (G1 Evacuation Pause)
[2020-02-07T22:03:19.563+0800][gc,task       ] GC(22) Using 8 workers of 8 for evacuation
[2020-02-07T22:03:19.569+0800][gc,phases     ] GC(22)   Pre Evacuate Collection Set: 0.0ms
[2020-02-07T22:03:19.570+0800][gc,phases     ] GC(22)   Evacuate Collection Set: 6.0ms
[2020-02-07T22:03:19.570+0800][gc,phases     ] GC(22)   Post Evacuate Collection Set: 0.5ms
[2020-02-07T22:03:19.570+0800][gc,phases     ] GC(22)   Other: 0.5ms
[2020-02-07T22:03:19.570+0800][gc,heap       ] GC(22) Eden regions: 460->0(492)
[2020-02-07T22:03:19.570+0800][gc,heap       ] GC(22) Survivor regions: 6->4(59)
[2020-02-07T22:03:19.570+0800][gc,heap       ] GC(22) Old regions: 15->17
[2020-02-07T22:03:19.570+0800][gc,heap       ] GC(22) Humongous regions: 130->130
[2020-02-07T22:03:19.570+0800][gc,metaspace  ] GC(22) Metaspace: 34937K->34937K(1081344K)
[2020-02-07T22:03:19.570+0800][gc            ] GC(22) Pause Young (Normal) (G1 Evacuation Pause) 608M->149M(1024M) 7.227ms
[2020-02-07T22:03:19.570+0800][gc,cpu        ] GC(22) User=0.03s Sys=0.00s Real=0.00s
[2020-02-07T22:03:20.688+0800][gc,start      ] GC(23) Pause Young (Normal) (G1 Evacuation Pause)
[2020-02-07T22:03:20.688+0800][gc,task       ] GC(23) Using 8 workers of 8 for evacuation
[2020-02-07T22:03:20.694+0800][gc,phases     ] GC(23)   Pre Evacuate Collection Set: 0.0ms
[2020-02-07T22:03:20.694+0800][gc,phases     ] GC(23)   Evacuate Collection Set: 5.0ms
[2020-02-07T22:03:20.694+0800][gc,phases     ] GC(23)   Post Evacuate Collection Set: 0.6ms
[2020-02-07T22:03:20.694+0800][gc,phases     ] GC(23)   Other: 0.3ms
[2020-02-07T22:03:20.694+0800][gc,heap       ] GC(23) Eden regions: 492->0(518)
[2020-02-07T22:03:20.694+0800][gc,heap       ] GC(23) Survivor regions: 4->4(62)
[2020-02-07T22:03:20.694+0800][gc,heap       ] GC(23) Old regions: 17->18
[2020-02-07T22:03:20.694+0800][gc,heap       ] GC(23) Humongous regions: 130->130
[2020-02-07T22:03:20.694+0800][gc,metaspace  ] GC(23) Metaspace: 34937K->34937K(1081344K)
[2020-02-07T22:03:20.694+0800][gc            ] GC(23) Pause Young (Normal) (G1 Evacuation Pause) 641M->149M(1024M) 6.038ms
[2020-02-07T22:03:20.694+0800][gc,cpu        ] GC(23) User=0.03s Sys=0.00s Real=0.01s
[2020-02-07T22:03:21.700+0800][gc,start      ] GC(24) Pause Young (Normal) (G1 Evacuation Pause)
[2020-02-07T22:03:21.700+0800][gc,task       ] GC(24) Using 8 workers of 8 for evacuation
[2020-02-07T22:03:21.707+0800][gc,phases     ] GC(24)   Pre Evacuate Collection Set: 0.0ms
[2020-02-07T22:03:21.708+0800][gc,phases     ] GC(24)   Evacuate Collection Set: 7.1ms
[2020-02-07T22:03:21.708+0800][gc,phases     ] GC(24)   Post Evacuate Collection Set: 0.5ms
[2020-02-07T22:03:21.708+0800][gc,phases     ] GC(24)   Other: 0.3ms
[2020-02-07T22:03:21.708+0800][gc,heap       ] GC(24) Eden regions: 518->0(610)
[2020-02-07T22:03:21.708+0800][gc,heap       ] GC(24) Survivor regions: 4->4(66)
[2020-02-07T22:03:21.708+0800][gc,heap       ] GC(24) Old regions: 18->18
[2020-02-07T22:03:21.708+0800][gc,heap       ] GC(24) Humongous regions: 130->130
[2020-02-07T22:03:21.708+0800][gc,metaspace  ] GC(24) Metaspace: 34937K->34937K(1081344K)
[2020-02-07T22:03:21.708+0800][gc            ] GC(24) Pause Young (Normal) (G1 Evacuation Pause) 667M->149M(1024M) 8.101ms
[2020-02-07T22:03:21.708+0800][gc,cpu        ] GC(24) User=0.02s Sys=0.00s Real=0.01s
[2020-02-07T22:03:22.934+0800][gc,start      ] GC(25) Pause Young (Normal) (G1 Evacuation Pause)
[2020-02-07T22:03:22.934+0800][gc,task       ] GC(25) Using 8 workers of 8 for evacuation
[2020-02-07T22:03:22.939+0800][gc,phases     ] GC(25)   Pre Evacuate Collection Set: 0.0ms
[2020-02-07T22:03:22.939+0800][gc,phases     ] GC(25)   Evacuate Collection Set: 4.2ms
[2020-02-07T22:03:22.939+0800][gc,phases     ] GC(25)   Post Evacuate Collection Set: 0.5ms
[2020-02-07T22:03:22.939+0800][gc,phases     ] GC(25)   Other: 0.3ms
[2020-02-07T22:03:22.939+0800][gc,heap       ] GC(25) Eden regions: 610->0(610)
[2020-02-07T22:03:22.939+0800][gc,heap       ] GC(25) Survivor regions: 4->4(77)
[2020-02-07T22:03:22.939+0800][gc,heap       ] GC(25) Old regions: 18->18
[2020-02-07T22:03:22.939+0800][gc,heap       ] GC(25) Humongous regions: 130->130
[2020-02-07T22:03:22.939+0800][gc,metaspace  ] GC(25) Metaspace: 34937K->34937K(1081344K)
[2020-02-07T22:03:22.939+0800][gc            ] GC(25) Pause Young (Normal) (G1 Evacuation Pause) 759M->149M(1024M) 5.042ms
[2020-02-07T22:03:22.939+0800][gc,cpu        ] GC(25) User=0.02s Sys=0.00s Real=0.00s
[2020-02-07T22:03:24.088+0800][gc,start      ] GC(26) Pause Young (Normal) (G1 Evacuation Pause)
[2020-02-07T22:03:24.110+0800][gc,task       ] GC(26) Using 8 workers of 8 for evacuation
[2020-02-07T22:03:24.114+0800][gc,phases     ] GC(26)   Pre Evacuate Collection Set: 0.1ms
[2020-02-07T22:03:24.114+0800][gc,phases     ] GC(26)   Evacuate Collection Set: 3.4ms
[2020-02-07T22:03:24.114+0800][gc,phases     ] GC(26)   Post Evacuate Collection Set: 0.5ms
[2020-02-07T22:03:24.114+0800][gc,phases     ] GC(26)   Other: 22.6ms
[2020-02-07T22:03:24.114+0800][gc,heap       ] GC(26) Eden regions: 610->0(610)
[2020-02-07T22:03:24.114+0800][gc,heap       ] GC(26) Survivor regions: 4->4(77)
[2020-02-07T22:03:24.114+0800][gc,heap       ] GC(26) Old regions: 18->18
[2020-02-07T22:03:24.114+0800][gc,heap       ] GC(26) Humongous regions: 130->130
[2020-02-07T22:03:24.114+0800][gc,metaspace  ] GC(26) Metaspace: 34937K->34937K(1081344K)
[2020-02-07T22:03:24.115+0800][gc            ] GC(26) Pause Young (Normal) (G1 Evacuation Pause) 759M->149M(1024M) 26.761ms
[2020-02-07T22:03:24.115+0800][gc,cpu        ] GC(26) User=0.02s Sys=0.00s Real=0.03s
[2020-02-07T22:03:25.369+0800][gc,start      ] GC(27) Pause Young (Normal) (G1 Evacuation Pause)
[2020-02-07T22:03:25.369+0800][gc,task       ] GC(27) Using 8 workers of 8 for evacuation
[2020-02-07T22:03:25.373+0800][gc,phases     ] GC(27)   Pre Evacuate Collection Set: 0.0ms
[2020-02-07T22:03:25.373+0800][gc,phases     ] GC(27)   Evacuate Collection Set: 2.8ms
[2020-02-07T22:03:25.373+0800][gc,phases     ] GC(27)   Post Evacuate Collection Set: 0.5ms
[2020-02-07T22:03:25.373+0800][gc,phases     ] GC(27)   Other: 0.2ms
[2020-02-07T22:03:25.373+0800][gc,heap       ] GC(27) Eden regions: 610->0(610)
[2020-02-07T22:03:25.373+0800][gc,heap       ] GC(27) Survivor regions: 4->4(77)
[2020-02-07T22:03:25.373+0800][gc,heap       ] GC(27) Old regions: 18->19
[2020-02-07T22:03:25.373+0800][gc,heap       ] GC(27) Humongous regions: 130->130
[2020-02-07T22:03:25.373+0800][gc,metaspace  ] GC(27) Metaspace: 34937K->34937K(1081344K)
[2020-02-07T22:03:25.373+0800][gc            ] GC(27) Pause Young (Normal) (G1 Evacuation Pause) 759M->150M(1024M) 3.658ms
[2020-02-07T22:03:25.373+0800][gc,cpu        ] GC(27) User=0.02s Sys=0.00s Real=0.01s
[2020-02-07T22:03:26.523+0800][gc,start      ] GC(28) Pause Young (Normal) (G1 Evacuation Pause)
[2020-02-07T22:03:26.523+0800][gc,task       ] GC(28) Using 8 workers of 8 for evacuation
[2020-02-07T22:03:26.527+0800][gc,phases     ] GC(28)   Pre Evacuate Collection Set: 0.0ms
[2020-02-07T22:03:26.527+0800][gc,phases     ] GC(28)   Evacuate Collection Set: 3.7ms
[2020-02-07T22:03:26.527+0800][gc,phases     ] GC(28)   Post Evacuate Collection Set: 0.4ms
[2020-02-07T22:03:26.527+0800][gc,phases     ] GC(28)   Other: 0.3ms
[2020-02-07T22:03:26.527+0800][gc,heap       ] GC(28) Eden regions: 610->0(610)
[2020-02-07T22:03:26.527+0800][gc,heap       ] GC(28) Survivor regions: 4->4(77)
[2020-02-07T22:03:26.527+0800][gc,heap       ] GC(28) Old regions: 19->19
[2020-02-07T22:03:26.527+0800][gc,heap       ] GC(28) Humongous regions: 130->130
[2020-02-07T22:03:26.527+0800][gc,metaspace  ] GC(28) Metaspace: 34937K->34937K(1081344K)
[2020-02-07T22:03:26.527+0800][gc            ] GC(28) Pause Young (Normal) (G1 Evacuation Pause) 760M->150M(1024M) 4.547ms
[2020-02-07T22:03:26.527+0800][gc,cpu        ] GC(28) User=0.01s Sys=0.00s Real=0.00s
[2020-02-07T22:03:27.687+0800][gc,start      ] GC(29) Pause Young (Normal) (G1 Evacuation Pause)
[2020-02-07T22:03:27.687+0800][gc,task       ] GC(29) Using 8 workers of 8 for evacuation
[2020-02-07T22:03:27.691+0800][gc,phases     ] GC(29)   Pre Evacuate Collection Set: 0.0ms
[2020-02-07T22:03:27.691+0800][gc,phases     ] GC(29)   Evacuate Collection Set: 3.2ms
[2020-02-07T22:03:27.691+0800][gc,phases     ] GC(29)   Post Evacuate Collection Set: 0.5ms
[2020-02-07T22:03:27.691+0800][gc,phases     ] GC(29)   Other: 0.3ms
[2020-02-07T22:03:27.691+0800][gc,heap       ] GC(29) Eden regions: 610->0(611)
[2020-02-07T22:03:27.691+0800][gc,heap       ] GC(29) Survivor regions: 4->3(77)
[2020-02-07T22:03:27.691+0800][gc,heap       ] GC(29) Old regions: 19->19
[2020-02-07T22:03:27.691+0800][gc,heap       ] GC(29) Humongous regions: 130->130
[2020-02-07T22:03:27.691+0800][gc,metaspace  ] GC(29) Metaspace: 34937K->34937K(1081344K)
[2020-02-07T22:03:27.691+0800][gc            ] GC(29) Pause Young (Normal) (G1 Evacuation Pause) 760M->150M(1024M) 4.096ms
[2020-02-07T22:03:27.691+0800][gc,cpu        ] GC(29) User=0.02s Sys=0.00s Real=0.00s
[2020-02-07T22:03:28.834+0800][gc,start      ] GC(30) Pause Young (Normal) (G1 Evacuation Pause)
[2020-02-07T22:03:28.834+0800][gc,task       ] GC(30) Using 8 workers of 8 for evacuation
[2020-02-07T22:03:28.839+0800][gc,phases     ] GC(30)   Pre Evacuate Collection Set: 0.0ms
[2020-02-07T22:03:28.839+0800][gc,phases     ] GC(30)   Evacuate Collection Set: 4.1ms
[2020-02-07T22:03:28.839+0800][gc,phases     ] GC(30)   Post Evacuate Collection Set: 0.5ms
[2020-02-07T22:03:28.839+0800][gc,phases     ] GC(30)   Other: 0.2ms
[2020-02-07T22:03:28.839+0800][gc,heap       ] GC(30) Eden regions: 611->0(611)
[2020-02-07T22:03:28.839+0800][gc,heap       ] GC(30) Survivor regions: 3->3(77)
[2020-02-07T22:03:28.839+0800][gc,heap       ] GC(30) Old regions: 19->19
[2020-02-07T22:03:28.839+0800][gc,heap       ] GC(30) Humongous regions: 130->130
[2020-02-07T22:03:28.839+0800][gc,metaspace  ] GC(30) Metaspace: 34937K->34937K(1081344K)
[2020-02-07T22:03:28.839+0800][gc            ] GC(30) Pause Young (Normal) (G1 Evacuation Pause) 761M->150M(1024M) 5.033ms
[2020-02-07T22:03:28.839+0800][gc,cpu        ] GC(30) User=0.01s Sys=0.00s Real=0.00s
[2020-02-07T22:03:30.056+0800][gc,start      ] GC(31) Pause Young (Normal) (G1 Evacuation Pause)
[2020-02-07T22:03:30.056+0800][gc,task       ] GC(31) Using 8 workers of 8 for evacuation
[2020-02-07T22:03:30.060+0800][gc,phases     ] GC(31)   Pre Evacuate Collection Set: 0.0ms
[2020-02-07T22:03:30.060+0800][gc,phases     ] GC(31)   Evacuate Collection Set: 3.0ms
[2020-02-07T22:03:30.060+0800][gc,phases     ] GC(31)   Post Evacuate Collection Set: 0.5ms
[2020-02-07T22:03:30.060+0800][gc,phases     ] GC(31)   Other: 0.3ms
[2020-02-07T22:03:30.060+0800][gc,heap       ] GC(31) Eden regions: 611->0(611)
[2020-02-07T22:03:30.060+0800][gc,heap       ] GC(31) Survivor regions: 3->3(77)
[2020-02-07T22:03:30.060+0800][gc,heap       ] GC(31) Old regions: 19->19
[2020-02-07T22:03:30.060+0800][gc,heap       ] GC(31) Humongous regions: 130->130
[2020-02-07T22:03:30.060+0800][gc,metaspace  ] GC(31) Metaspace: 34942K->34942K(1081344K)
[2020-02-07T22:03:30.060+0800][gc            ] GC(31) Pause Young (Normal) (G1 Evacuation Pause) 761M->150M(1024M) 3.821ms
[2020-02-07T22:03:30.060+0800][gc,cpu        ] GC(31) User=0.01s Sys=0.00s Real=0.00s
[2020-02-07T22:03:31.252+0800][gc,start      ] GC(32) Pause Young (Normal) (G1 Evacuation Pause)
[2020-02-07T22:03:31.252+0800][gc,task       ] GC(32) Using 8 workers of 8 for evacuation
[2020-02-07T22:03:31.256+0800][gc,phases     ] GC(32)   Pre Evacuate Collection Set: 0.0ms
[2020-02-07T22:03:31.256+0800][gc,phases     ] GC(32)   Evacuate Collection Set: 2.9ms
[2020-02-07T22:03:31.256+0800][gc,phases     ] GC(32)   Post Evacuate Collection Set: 0.4ms
[2020-02-07T22:03:31.256+0800][gc,phases     ] GC(32)   Other: 0.3ms
[2020-02-07T22:03:31.256+0800][gc,heap       ] GC(32) Eden regions: 611->0(611)
[2020-02-07T22:03:31.256+0800][gc,heap       ] GC(32) Survivor regions: 3->3(77)
[2020-02-07T22:03:31.256+0800][gc,heap       ] GC(32) Old regions: 19->20
[2020-02-07T22:03:31.256+0800][gc,heap       ] GC(32) Humongous regions: 130->130
[2020-02-07T22:03:31.256+0800][gc,metaspace  ] GC(32) Metaspace: 34942K->34942K(1081344K)
[2020-02-07T22:03:31.256+0800][gc            ] GC(32) Pause Young (Normal) (G1 Evacuation Pause) 761M->150M(1024M) 3.756ms
[2020-02-07T22:03:31.256+0800][gc,cpu        ] GC(32) User=0.01s Sys=0.00s Real=0.01s
[2020-02-07T22:03:32.523+0800][gc,start      ] GC(33) Pause Young (Normal) (G1 Evacuation Pause)
[2020-02-07T22:03:32.523+0800][gc,task       ] GC(33) Using 8 workers of 8 for evacuation
[2020-02-07T22:03:32.527+0800][gc,phases     ] GC(33)   Pre Evacuate Collection Set: 0.0ms
[2020-02-07T22:03:32.527+0800][gc,phases     ] GC(33)   Evacuate Collection Set: 3.9ms
[2020-02-07T22:03:32.527+0800][gc,phases     ] GC(33)   Post Evacuate Collection Set: 0.5ms
[2020-02-07T22:03:32.527+0800][gc,phases     ] GC(33)   Other: 0.3ms
[2020-02-07T22:03:32.527+0800][gc,heap       ] GC(33) Eden regions: 611->0(611)
[2020-02-07T22:03:32.527+0800][gc,heap       ] GC(33) Survivor regions: 3->3(77)
[2020-02-07T22:03:32.527+0800][gc,heap       ] GC(33) Old regions: 20->20
[2020-02-07T22:03:32.527+0800][gc,heap       ] GC(33) Humongous regions: 130->130
[2020-02-07T22:03:32.527+0800][gc,metaspace  ] GC(33) Metaspace: 34942K->34942K(1081344K)
[2020-02-07T22:03:32.527+0800][gc            ] GC(33) Pause Young (Normal) (G1 Evacuation Pause) 761M->150M(1024M) 4.837ms
[2020-02-07T22:03:32.528+0800][gc,cpu        ] GC(33) User=0.01s Sys=0.00s Real=0.00s
[2020-02-07T22:03:33.833+0800][gc,start      ] GC(34) Pause Young (Normal) (G1 Evacuation Pause)
[2020-02-07T22:03:33.833+0800][gc,task       ] GC(34) Using 8 workers of 8 for evacuation
[2020-02-07T22:03:33.837+0800][gc,phases     ] GC(34)   Pre Evacuate Collection Set: 0.0ms
[2020-02-07T22:03:33.837+0800][gc,phases     ] GC(34)   Evacuate Collection Set: 3.2ms
[2020-02-07T22:03:33.837+0800][gc,phases     ] GC(34)   Post Evacuate Collection Set: 0.5ms
[2020-02-07T22:03:33.837+0800][gc,phases     ] GC(34)   Other: 0.3ms
[2020-02-07T22:03:33.837+0800][gc,heap       ] GC(34) Eden regions: 611->0(611)
[2020-02-07T22:03:33.837+0800][gc,heap       ] GC(34) Survivor regions: 3->3(77)
[2020-02-07T22:03:33.837+0800][gc,heap       ] GC(34) Old regions: 20->20
[2020-02-07T22:03:33.837+0800][gc,heap       ] GC(34) Humongous regions: 130->130
[2020-02-07T22:03:33.837+0800][gc,metaspace  ] GC(34) Metaspace: 34942K->34942K(1081344K)
[2020-02-07T22:03:33.837+0800][gc            ] GC(34) Pause Young (Normal) (G1 Evacuation Pause) 761M->150M(1024M) 4.066ms
[2020-02-07T22:03:33.837+0800][gc,cpu        ] GC(34) User=0.02s Sys=0.00s Real=0.00s
[2020-02-07T22:03:35.122+0800][gc,start      ] GC(35) Pause Young (Normal) (G1 Evacuation Pause)
[2020-02-07T22:03:35.123+0800][gc,task       ] GC(35) Using 8 workers of 8 for evacuation
[2020-02-07T22:03:35.131+0800][gc,phases     ] GC(35)   Pre Evacuate Collection Set: 0.0ms
[2020-02-07T22:03:35.131+0800][gc,phases     ] GC(35)   Evacuate Collection Set: 7.7ms
[2020-02-07T22:03:35.131+0800][gc,phases     ] GC(35)   Post Evacuate Collection Set: 0.5ms
[2020-02-07T22:03:35.131+0800][gc,phases     ] GC(35)   Other: 0.3ms
[2020-02-07T22:03:35.131+0800][gc,heap       ] GC(35) Eden regions: 611->0(611)
[2020-02-07T22:03:35.131+0800][gc,heap       ] GC(35) Survivor regions: 3->3(77)
[2020-02-07T22:03:35.131+0800][gc,heap       ] GC(35) Old regions: 20->20
[2020-02-07T22:03:35.131+0800][gc,heap       ] GC(35) Humongous regions: 130->130
[2020-02-07T22:03:35.131+0800][gc,metaspace  ] GC(35) Metaspace: 34942K->34942K(1081344K)
[2020-02-07T22:03:35.131+0800][gc            ] GC(35) Pause Young (Normal) (G1 Evacuation Pause) 761M->150M(1024M) 8.693ms
[2020-02-07T22:03:35.131+0800][gc,cpu        ] GC(35) User=0.03s Sys=0.00s Real=0.00s
[2020-02-07T22:03:36.335+0800][gc,start      ] GC(36) Pause Young (Normal) (G1 Evacuation Pause)
[2020-02-07T22:03:36.335+0800][gc,task       ] GC(36) Using 8 workers of 8 for evacuation
[2020-02-07T22:03:36.340+0800][gc,phases     ] GC(36)   Pre Evacuate Collection Set: 0.0ms
[2020-02-07T22:03:36.340+0800][gc,phases     ] GC(36)   Evacuate Collection Set: 4.1ms
[2020-02-07T22:03:36.340+0800][gc,phases     ] GC(36)   Post Evacuate Collection Set: 0.5ms
[2020-02-07T22:03:36.340+0800][gc,phases     ] GC(36)   Other: 0.3ms
[2020-02-07T22:03:36.340+0800][gc,heap       ] GC(36) Eden regions: 611->0(611)
[2020-02-07T22:03:36.340+0800][gc,heap       ] GC(36) Survivor regions: 3->3(77)
[2020-02-07T22:03:36.340+0800][gc,heap       ] GC(36) Old regions: 20->20
[2020-02-07T22:03:36.340+0800][gc,heap       ] GC(36) Humongous regions: 130->130
[2020-02-07T22:03:36.340+0800][gc,metaspace  ] GC(36) Metaspace: 34942K->34942K(1081344K)
[2020-02-07T22:03:36.340+0800][gc            ] GC(36) Pause Young (Normal) (G1 Evacuation Pause) 761M->150M(1024M) 4.982ms
[2020-02-07T22:03:36.340+0800][gc,cpu        ] GC(36) User=0.02s Sys=0.00s Real=0.00s
[2020-02-07T22:03:37.467+0800][gc,start      ] GC(37) Pause Young (Normal) (G1 Evacuation Pause)
[2020-02-07T22:03:37.467+0800][gc,task       ] GC(37) Using 8 workers of 8 for evacuation
[2020-02-07T22:03:37.471+0800][gc,phases     ] GC(37)   Pre Evacuate Collection Set: 0.0ms
[2020-02-07T22:03:37.471+0800][gc,phases     ] GC(37)   Evacuate Collection Set: 3.0ms
[2020-02-07T22:03:37.471+0800][gc,phases     ] GC(37)   Post Evacuate Collection Set: 0.4ms
[2020-02-07T22:03:37.471+0800][gc,phases     ] GC(37)   Other: 0.2ms
[2020-02-07T22:03:37.471+0800][gc,heap       ] GC(37) Eden regions: 611->0(612)
[2020-02-07T22:03:37.471+0800][gc,heap       ] GC(37) Survivor regions: 3->2(77)
[2020-02-07T22:03:37.471+0800][gc,heap       ] GC(37) Old regions: 20->21
[2020-02-07T22:03:37.471+0800][gc,heap       ] GC(37) Humongous regions: 130->130
[2020-02-07T22:03:37.471+0800][gc,metaspace  ] GC(37) Metaspace: 34942K->34942K(1081344K)
[2020-02-07T22:03:37.471+0800][gc            ] GC(37) Pause Young (Normal) (G1 Evacuation Pause) 761M->150M(1024M) 3.792ms
[2020-02-07T22:03:37.471+0800][gc,cpu        ] GC(37) User=0.02s Sys=0.00s Real=0.00s
[2020-02-07T22:03:38.742+0800][gc,start      ] GC(38) Pause Young (Normal) (G1 Evacuation Pause)
[2020-02-07T22:03:38.742+0800][gc,task       ] GC(38) Using 8 workers of 8 for evacuation
[2020-02-07T22:03:38.745+0800][gc,phases     ] GC(38)   Pre Evacuate Collection Set: 0.0ms
[2020-02-07T22:03:38.745+0800][gc,phases     ] GC(38)   Evacuate Collection Set: 2.1ms
[2020-02-07T22:03:38.745+0800][gc,phases     ] GC(38)   Post Evacuate Collection Set: 0.5ms
[2020-02-07T22:03:38.745+0800][gc,phases     ] GC(38)   Other: 0.2ms
[2020-02-07T22:03:38.745+0800][gc,heap       ] GC(38) Eden regions: 612->0(612)
[2020-02-07T22:03:38.745+0800][gc,heap       ] GC(38) Survivor regions: 2->2(77)
[2020-02-07T22:03:38.745+0800][gc,heap       ] GC(38) Old regions: 21->21
[2020-02-07T22:03:38.745+0800][gc,heap       ] GC(38) Humongous regions: 130->130
[2020-02-07T22:03:38.745+0800][gc,metaspace  ] GC(38) Metaspace: 34942K->34942K(1081344K)
[2020-02-07T22:03:38.745+0800][gc            ] GC(38) Pause Young (Normal) (G1 Evacuation Pause) 762M->150M(1024M) 2.953ms
[2020-02-07T22:03:38.745+0800][gc,cpu        ] GC(38) User=0.01s Sys=0.00s Real=0.00s
[2020-02-07T22:03:40.036+0800][gc,start      ] GC(39) Pause Young (Normal) (G1 Evacuation Pause)
[2020-02-07T22:03:40.036+0800][gc,task       ] GC(39) Using 8 workers of 8 for evacuation
[2020-02-07T22:03:40.039+0800][gc,phases     ] GC(39)   Pre Evacuate Collection Set: 0.0ms
[2020-02-07T22:03:40.039+0800][gc,phases     ] GC(39)   Evacuate Collection Set: 2.6ms
[2020-02-07T22:03:40.039+0800][gc,phases     ] GC(39)   Post Evacuate Collection Set: 0.4ms
[2020-02-07T22:03:40.039+0800][gc,phases     ] GC(39)   Other: 0.3ms
[2020-02-07T22:03:40.039+0800][gc,heap       ] GC(39) Eden regions: 612->0(612)
[2020-02-07T22:03:40.039+0800][gc,heap       ] GC(39) Survivor regions: 2->2(77)
[2020-02-07T22:03:40.039+0800][gc,heap       ] GC(39) Old regions: 21->21
[2020-02-07T22:03:40.039+0800][gc,heap       ] GC(39) Humongous regions: 130->130
[2020-02-07T22:03:40.039+0800][gc,metaspace  ] GC(39) Metaspace: 34942K->34942K(1081344K)
[2020-02-07T22:03:40.039+0800][gc            ] GC(39) Pause Young (Normal) (G1 Evacuation Pause) 762M->151M(1024M) 3.482ms
[2020-02-07T22:03:40.039+0800][gc,cpu        ] GC(39) User=0.01s Sys=0.00s Real=0.00s
[2020-02-07T22:03:41.178+0800][gc,start      ] GC(40) Pause Young (Normal) (G1 Evacuation Pause)
[2020-02-07T22:03:41.178+0800][gc,task       ] GC(40) Using 8 workers of 8 for evacuation
[2020-02-07T22:03:41.182+0800][gc,phases     ] GC(40)   Pre Evacuate Collection Set: 0.0ms
[2020-02-07T22:03:41.182+0800][gc,phases     ] GC(40)   Evacuate Collection Set: 3.3ms
[2020-02-07T22:03:41.182+0800][gc,phases     ] GC(40)   Post Evacuate Collection Set: 0.6ms
[2020-02-07T22:03:41.182+0800][gc,phases     ] GC(40)   Other: 0.3ms
[2020-02-07T22:03:41.182+0800][gc,heap       ] GC(40) Eden regions: 612->0(612)
[2020-02-07T22:03:41.182+0800][gc,heap       ] GC(40) Survivor regions: 2->2(77)
[2020-02-07T22:03:41.182+0800][gc,heap       ] GC(40) Old regions: 21->21
[2020-02-07T22:03:41.182+0800][gc,heap       ] GC(40) Humongous regions: 130->130
[2020-02-07T22:03:41.182+0800][gc,metaspace  ] GC(40) Metaspace: 34942K->34942K(1081344K)
[2020-02-07T22:03:41.182+0800][gc            ] GC(40) Pause Young (Normal) (G1 Evacuation Pause) 763M->151M(1024M) 4.211ms
[2020-02-07T22:03:41.182+0800][gc,cpu        ] GC(40) User=0.01s Sys=0.00s Real=0.01s
[2020-02-07T22:03:42.358+0800][gc,start      ] GC(41) Pause Young (Normal) (G1 Evacuation Pause)
[2020-02-07T22:03:42.358+0800][gc,task       ] GC(41) Using 8 workers of 8 for evacuation
[2020-02-07T22:03:42.361+0800][gc,phases     ] GC(41)   Pre Evacuate Collection Set: 0.0ms
[2020-02-07T22:03:42.361+0800][gc,phases     ] GC(41)   Evacuate Collection Set: 2.4ms
[2020-02-07T22:03:42.361+0800][gc,phases     ] GC(41)   Post Evacuate Collection Set: 0.5ms
[2020-02-07T22:03:42.361+0800][gc,phases     ] GC(41)   Other: 0.2ms
[2020-02-07T22:03:42.361+0800][gc,heap       ] GC(41) Eden regions: 612->0(612)
[2020-02-07T22:03:42.361+0800][gc,heap       ] GC(41) Survivor regions: 2->2(77)
[2020-02-07T22:03:42.361+0800][gc,heap       ] GC(41) Old regions: 21->22
[2020-02-07T22:03:42.361+0800][gc,heap       ] GC(41) Humongous regions: 130->130
[2020-02-07T22:03:42.361+0800][gc,metaspace  ] GC(41) Metaspace: 35023K->35023K(1081344K)
[2020-02-07T22:03:42.361+0800][gc            ] GC(41) Pause Young (Normal) (G1 Evacuation Pause) 763M->151M(1024M) 3.235ms
[2020-02-07T22:03:42.361+0800][gc,cpu        ] GC(41) User=0.02s Sys=0.00s Real=0.01s
[2020-02-07T22:03:43.596+0800][gc,start      ] GC(42) Pause Young (Normal) (G1 Evacuation Pause)
[2020-02-07T22:03:43.596+0800][gc,task       ] GC(42) Using 8 workers of 8 for evacuation
[2020-02-07T22:03:43.599+0800][gc,phases     ] GC(42)   Pre Evacuate Collection Set: 0.0ms
[2020-02-07T22:03:43.599+0800][gc,phases     ] GC(42)   Evacuate Collection Set: 2.7ms
[2020-02-07T22:03:43.599+0800][gc,phases     ] GC(42)   Post Evacuate Collection Set: 0.5ms
[2020-02-07T22:03:43.599+0800][gc,phases     ] GC(42)   Other: 0.3ms
[2020-02-07T22:03:43.599+0800][gc,heap       ] GC(42) Eden regions: 612->0(612)
[2020-02-07T22:03:43.599+0800][gc,heap       ] GC(42) Survivor regions: 2->2(77)
[2020-02-07T22:03:43.599+0800][gc,heap       ] GC(42) Old regions: 22->22
[2020-02-07T22:03:43.599+0800][gc,heap       ] GC(42) Humongous regions: 130->130
[2020-02-07T22:03:43.599+0800][gc,metaspace  ] GC(42) Metaspace: 35023K->35023K(1081344K)
[2020-02-07T22:03:43.599+0800][gc            ] GC(42) Pause Young (Normal) (G1 Evacuation Pause) 763M->151M(1024M) 3.644ms
[2020-02-07T22:03:43.599+0800][gc,cpu        ] GC(42) User=0.01s Sys=0.00s Real=0.00s
[2020-02-07T22:03:44.832+0800][gc,start      ] GC(43) Pause Young (Normal) (G1 Evacuation Pause)
[2020-02-07T22:03:44.832+0800][gc,task       ] GC(43) Using 8 workers of 8 for evacuation
[2020-02-07T22:03:44.835+0800][gc,phases     ] GC(43)   Pre Evacuate Collection Set: 0.0ms
[2020-02-07T22:03:44.835+0800][gc,phases     ] GC(43)   Evacuate Collection Set: 3.0ms
[2020-02-07T22:03:44.835+0800][gc,phases     ] GC(43)   Post Evacuate Collection Set: 0.5ms
[2020-02-07T22:03:44.835+0800][gc,phases     ] GC(43)   Other: 0.3ms
[2020-02-07T22:03:44.835+0800][gc,heap       ] GC(43) Eden regions: 612->0(612)
[2020-02-07T22:03:44.835+0800][gc,heap       ] GC(43) Survivor regions: 2->2(77)
[2020-02-07T22:03:44.835+0800][gc,heap       ] GC(43) Old regions: 22->22
[2020-02-07T22:03:44.835+0800][gc,heap       ] GC(43) Humongous regions: 130->130
[2020-02-07T22:03:44.835+0800][gc,metaspace  ] GC(43) Metaspace: 35023K->35023K(1081344K)
[2020-02-07T22:03:44.835+0800][gc            ] GC(43) Pause Young (Normal) (G1 Evacuation Pause) 763M->151M(1024M) 3.861ms
[2020-02-07T22:03:44.835+0800][gc,cpu        ] GC(43) User=0.01s Sys=0.00s Real=0.01s
[2020-02-07T22:03:45.991+0800][gc,start      ] GC(44) Pause Young (Normal) (G1 Evacuation Pause)
[2020-02-07T22:03:45.991+0800][gc,task       ] GC(44) Using 8 workers of 8 for evacuation
[2020-02-07T22:03:45.994+0800][gc,phases     ] GC(44)   Pre Evacuate Collection Set: 0.0ms
[2020-02-07T22:03:45.994+0800][gc,phases     ] GC(44)   Evacuate Collection Set: 2.5ms
[2020-02-07T22:03:45.994+0800][gc,phases     ] GC(44)   Post Evacuate Collection Set: 0.5ms
[2020-02-07T22:03:45.994+0800][gc,phases     ] GC(44)   Other: 0.3ms
[2020-02-07T22:03:45.994+0800][gc,heap       ] GC(44) Eden regions: 612->0(612)
[2020-02-07T22:03:45.994+0800][gc,heap       ] GC(44) Survivor regions: 2->2(77)
[2020-02-07T22:03:45.994+0800][gc,heap       ] GC(44) Old regions: 22->22
[2020-02-07T22:03:45.994+0800][gc,heap       ] GC(44) Humongous regions: 130->130
[2020-02-07T22:03:45.994+0800][gc,metaspace  ] GC(44) Metaspace: 35023K->35023K(1081344K)
[2020-02-07T22:03:45.994+0800][gc            ] GC(44) Pause Young (Normal) (G1 Evacuation Pause) 763M->151M(1024M) 3.410ms
[2020-02-07T22:03:45.994+0800][gc,cpu        ] GC(44) User=0.01s Sys=0.00s Real=0.01s
[2020-02-07T22:03:47.105+0800][gc,start      ] GC(45) Pause Young (Normal) (G1 Evacuation Pause)
[2020-02-07T22:03:47.105+0800][gc,task       ] GC(45) Using 8 workers of 8 for evacuation
[2020-02-07T22:03:47.108+0800][gc,phases     ] GC(45)   Pre Evacuate Collection Set: 0.0ms
[2020-02-07T22:03:47.108+0800][gc,phases     ] GC(45)   Evacuate Collection Set: 1.9ms
[2020-02-07T22:03:47.108+0800][gc,phases     ] GC(45)   Post Evacuate Collection Set: 0.6ms
[2020-02-07T22:03:47.108+0800][gc,phases     ] GC(45)   Other: 0.2ms
[2020-02-07T22:03:47.108+0800][gc,heap       ] GC(45) Eden regions: 612->0(612)
[2020-02-07T22:03:47.108+0800][gc,heap       ] GC(45) Survivor regions: 2->2(77)
[2020-02-07T22:03:47.108+0800][gc,heap       ] GC(45) Old regions: 22->22
[2020-02-07T22:03:47.108+0800][gc,heap       ] GC(45) Humongous regions: 130->130
[2020-02-07T22:03:47.108+0800][gc,metaspace  ] GC(45) Metaspace: 35023K->35023K(1081344K)
[2020-02-07T22:03:47.108+0800][gc            ] GC(45) Pause Young (Normal) (G1 Evacuation Pause) 763M->151M(1024M) 2.854ms
[2020-02-07T22:03:47.108+0800][gc,cpu        ] GC(45) User=0.01s Sys=0.00s Real=0.00s
[2020-02-07T22:03:48.269+0800][gc,start      ] GC(46) Pause Young (Normal) (G1 Evacuation Pause)
[2020-02-07T22:03:48.269+0800][gc,task       ] GC(46) Using 8 workers of 8 for evacuation
[2020-02-07T22:03:48.272+0800][gc,phases     ] GC(46)   Pre Evacuate Collection Set: 0.0ms
[2020-02-07T22:03:48.272+0800][gc,phases     ] GC(46)   Evacuate Collection Set: 1.9ms
[2020-02-07T22:03:48.272+0800][gc,phases     ] GC(46)   Post Evacuate Collection Set: 0.6ms
[2020-02-07T22:03:48.272+0800][gc,phases     ] GC(46)   Other: 0.3ms
[2020-02-07T22:03:48.272+0800][gc,heap       ] GC(46) Eden regions: 612->0(612)
[2020-02-07T22:03:48.272+0800][gc,heap       ] GC(46) Survivor regions: 2->2(77)
[2020-02-07T22:03:48.272+0800][gc,heap       ] GC(46) Old regions: 22->22
[2020-02-07T22:03:48.272+0800][gc,heap       ] GC(46) Humongous regions: 130->130
[2020-02-07T22:03:48.272+0800][gc,metaspace  ] GC(46) Metaspace: 35023K->35023K(1081344K)
[2020-02-07T22:03:48.272+0800][gc            ] GC(46) Pause Young (Normal) (G1 Evacuation Pause) 763M->151M(1024M) 2.916ms
[2020-02-07T22:03:48.272+0800][gc,cpu        ] GC(46) User=0.01s Sys=0.00s Real=0.00s
[2020-02-07T22:03:49.632+0800][gc,start      ] GC(47) Pause Young (Normal) (G1 Evacuation Pause)
[2020-02-07T22:03:49.632+0800][gc,task       ] GC(47) Using 8 workers of 8 for evacuation
[2020-02-07T22:03:49.636+0800][gc,phases     ] GC(47)   Pre Evacuate Collection Set: 0.0ms
[2020-02-07T22:03:49.636+0800][gc,phases     ] GC(47)   Evacuate Collection Set: 3.5ms
[2020-02-07T22:03:49.636+0800][gc,phases     ] GC(47)   Post Evacuate Collection Set: 0.5ms
[2020-02-07T22:03:49.636+0800][gc,phases     ] GC(47)   Other: 0.3ms
[2020-02-07T22:03:49.636+0800][gc,heap       ] GC(47) Eden regions: 612->0(612)
[2020-02-07T22:03:49.636+0800][gc,heap       ] GC(47) Survivor regions: 2->2(77)
[2020-02-07T22:03:49.636+0800][gc,heap       ] GC(47) Old regions: 22->22
[2020-02-07T22:03:49.636+0800][gc,heap       ] GC(47) Humongous regions: 130->130
[2020-02-07T22:03:49.636+0800][gc,metaspace  ] GC(47) Metaspace: 35023K->35023K(1081344K)
[2020-02-07T22:03:49.636+0800][gc            ] GC(47) Pause Young (Normal) (G1 Evacuation Pause) 763M->151M(1024M) 4.429ms
[2020-02-07T22:03:49.636+0800][gc,cpu        ] GC(47) User=0.02s Sys=0.00s Real=0.01s
[2020-02-07T22:03:50.843+0800][gc,start      ] GC(48) Pause Young (Normal) (G1 Evacuation Pause)
[2020-02-07T22:03:50.843+0800][gc,task       ] GC(48) Using 8 workers of 8 for evacuation
[2020-02-07T22:03:50.849+0800][gc,phases     ] GC(48)   Pre Evacuate Collection Set: 0.0ms
[2020-02-07T22:03:50.849+0800][gc,phases     ] GC(48)   Evacuate Collection Set: 4.6ms
[2020-02-07T22:03:50.849+0800][gc,phases     ] GC(48)   Post Evacuate Collection Set: 0.6ms
[2020-02-07T22:03:50.849+0800][gc,phases     ] GC(48)   Other: 0.3ms
[2020-02-07T22:03:50.849+0800][gc,heap       ] GC(48) Eden regions: 612->0(613)
[2020-02-07T22:03:50.849+0800][gc,heap       ] GC(48) Survivor regions: 2->1(77)
[2020-02-07T22:03:50.849+0800][gc,heap       ] GC(48) Old regions: 22->22
[2020-02-07T22:03:50.849+0800][gc,heap       ] GC(48) Humongous regions: 130->130
[2020-02-07T22:03:50.849+0800][gc,metaspace  ] GC(48) Metaspace: 35023K->35023K(1081344K)
[2020-02-07T22:03:50.849+0800][gc            ] GC(48) Pause Young (Normal) (G1 Evacuation Pause) 763M->151M(1024M) 5.558ms
[2020-02-07T22:03:50.849+0800][gc,cpu        ] GC(48) User=0.02s Sys=0.00s Real=0.00s
[2020-02-07T22:03:52.100+0800][gc,start      ] GC(49) Pause Young (Normal) (G1 Evacuation Pause)
[2020-02-07T22:03:52.100+0800][gc,task       ] GC(49) Using 8 workers of 8 for evacuation
[2020-02-07T22:03:52.103+0800][gc,phases     ] GC(49)   Pre Evacuate Collection Set: 0.0ms
[2020-02-07T22:03:52.103+0800][gc,phases     ] GC(49)   Evacuate Collection Set: 2.2ms
[2020-02-07T22:03:52.103+0800][gc,phases     ] GC(49)   Post Evacuate Collection Set: 0.5ms
[2020-02-07T22:03:52.103+0800][gc,phases     ] GC(49)   Other: 0.2ms
[2020-02-07T22:03:52.103+0800][gc,heap       ] GC(49) Eden regions: 613->0(613)
[2020-02-07T22:03:52.103+0800][gc,heap       ] GC(49) Survivor regions: 1->1(77)
[2020-02-07T22:03:52.103+0800][gc,heap       ] GC(49) Old regions: 22->22
[2020-02-07T22:03:52.103+0800][gc,heap       ] GC(49) Humongous regions: 130->130
[2020-02-07T22:03:52.103+0800][gc,metaspace  ] GC(49) Metaspace: 35023K->35023K(1081344K)
[2020-02-07T22:03:52.103+0800][gc            ] GC(49) Pause Young (Normal) (G1 Evacuation Pause) 764M->151M(1024M) 3.246ms
[2020-02-07T22:03:52.103+0800][gc,cpu        ] GC(49) User=0.01s Sys=0.00s Real=0.01s
[2020-02-07T22:03:53.358+0800][gc,start      ] GC(50) Pause Young (Normal) (G1 Evacuation Pause)
[2020-02-07T22:03:53.358+0800][gc,task       ] GC(50) Using 8 workers of 8 for evacuation
[2020-02-07T22:03:53.362+0800][gc,phases     ] GC(50)   Pre Evacuate Collection Set: 0.0ms
[2020-02-07T22:03:53.362+0800][gc,phases     ] GC(50)   Evacuate Collection Set: 3.6ms
[2020-02-07T22:03:53.362+0800][gc,phases     ] GC(50)   Post Evacuate Collection Set: 0.5ms
[2020-02-07T22:03:53.363+0800][gc,phases     ] GC(50)   Other: 0.3ms
[2020-02-07T22:03:53.363+0800][gc,heap       ] GC(50) Eden regions: 613->0(613)
[2020-02-07T22:03:53.363+0800][gc,heap       ] GC(50) Survivor regions: 1->1(77)
[2020-02-07T22:03:53.363+0800][gc,heap       ] GC(50) Old regions: 22->23
[2020-02-07T22:03:53.363+0800][gc,heap       ] GC(50) Humongous regions: 130->130
[2020-02-07T22:03:53.363+0800][gc,metaspace  ] GC(50) Metaspace: 35023K->35023K(1081344K)
[2020-02-07T22:03:53.363+0800][gc            ] GC(50) Pause Young (Normal) (G1 Evacuation Pause) 764M->151M(1024M) 4.502ms
[2020-02-07T22:03:53.363+0800][gc,cpu        ] GC(50) User=0.01s Sys=0.00s Real=0.01s
[2020-02-07T22:03:54.599+0800][gc,start      ] GC(51) Pause Young (Normal) (G1 Evacuation Pause)
[2020-02-07T22:03:54.599+0800][gc,task       ] GC(51) Using 8 workers of 8 for evacuation
[2020-02-07T22:03:54.604+0800][gc,phases     ] GC(51)   Pre Evacuate Collection Set: 0.0ms
[2020-02-07T22:03:54.604+0800][gc,phases     ] GC(51)   Evacuate Collection Set: 4.2ms
[2020-02-07T22:03:54.604+0800][gc,phases     ] GC(51)   Post Evacuate Collection Set: 0.6ms
[2020-02-07T22:03:54.604+0800][gc,phases     ] GC(51)   Other: 0.2ms
[2020-02-07T22:03:54.604+0800][gc,heap       ] GC(51) Eden regions: 613->0(613)
[2020-02-07T22:03:54.604+0800][gc,heap       ] GC(51) Survivor regions: 1->1(77)
[2020-02-07T22:03:54.604+0800][gc,heap       ] GC(51) Old regions: 23->23
[2020-02-07T22:03:54.604+0800][gc,heap       ] GC(51) Humongous regions: 130->130
[2020-02-07T22:03:54.604+0800][gc,metaspace  ] GC(51) Metaspace: 35023K->35023K(1081344K)
[2020-02-07T22:03:54.604+0800][gc            ] GC(51) Pause Young (Normal) (G1 Evacuation Pause) 764M->151M(1024M) 5.106ms
[2020-02-07T22:03:54.604+0800][gc,cpu        ] GC(51) User=0.02s Sys=0.00s Real=0.01s
[2020-02-07T22:03:55.783+0800][gc,start      ] GC(52) Pause Young (Normal) (G1 Evacuation Pause)
[2020-02-07T22:03:55.783+0800][gc,task       ] GC(52) Using 8 workers of 8 for evacuation
[2020-02-07T22:03:55.786+0800][gc,phases     ] GC(52)   Pre Evacuate Collection Set: 0.0ms
[2020-02-07T22:03:55.786+0800][gc,phases     ] GC(52)   Evacuate Collection Set: 2.2ms
[2020-02-07T22:03:55.786+0800][gc,phases     ] GC(52)   Post Evacuate Collection Set: 0.5ms
[2020-02-07T22:03:55.787+0800][gc,phases     ] GC(52)   Other: 0.2ms
[2020-02-07T22:03:55.787+0800][gc,heap       ] GC(52) Eden regions: 613->0(613)
[2020-02-07T22:03:55.787+0800][gc,heap       ] GC(52) Survivor regions: 1->1(77)
[2020-02-07T22:03:55.787+0800][gc,heap       ] GC(52) Old regions: 23->23
[2020-02-07T22:03:55.787+0800][gc,heap       ] GC(52) Humongous regions: 130->130
[2020-02-07T22:03:55.787+0800][gc,metaspace  ] GC(52) Metaspace: 35023K->35023K(1081344K)
[2020-02-07T22:03:55.787+0800][gc            ] GC(52) Pause Young (Normal) (G1 Evacuation Pause) 764M->151M(1024M) 3.185ms
[2020-02-07T22:03:55.787+0800][gc,cpu        ] GC(52) User=0.01s Sys=0.00s Real=0.00s
[2020-02-07T22:03:57.097+0800][gc,start      ] GC(53) Pause Young (Normal) (G1 Evacuation Pause)
[2020-02-07T22:03:57.097+0800][gc,task       ] GC(53) Using 8 workers of 8 for evacuation
[2020-02-07T22:03:57.100+0800][gc,phases     ] GC(53)   Pre Evacuate Collection Set: 0.0ms
[2020-02-07T22:03:57.100+0800][gc,phases     ] GC(53)   Evacuate Collection Set: 2.2ms
[2020-02-07T22:03:57.100+0800][gc,phases     ] GC(53)   Post Evacuate Collection Set: 0.5ms
[2020-02-07T22:03:57.100+0800][gc,phases     ] GC(53)   Other: 0.2ms
[2020-02-07T22:03:57.100+0800][gc,heap       ] GC(53) Eden regions: 613->0(613)
[2020-02-07T22:03:57.100+0800][gc,heap       ] GC(53) Survivor regions: 1->1(77)
[2020-02-07T22:03:57.100+0800][gc,heap       ] GC(53) Old regions: 23->23
[2020-02-07T22:03:57.100+0800][gc,heap       ] GC(53) Humongous regions: 130->130
[2020-02-07T22:03:57.100+0800][gc,metaspace  ] GC(53) Metaspace: 35023K->35023K(1081344K)
[2020-02-07T22:03:57.101+0800][gc            ] GC(53) Pause Young (Normal) (G1 Evacuation Pause) 764M->151M(1024M) 3.065ms
[2020-02-07T22:03:57.101+0800][gc,cpu        ] GC(53) User=0.02s Sys=0.00s Real=0.01s
[2020-02-07T22:03:58.193+0800][gc,start      ] GC(54) Pause Young (Normal) (G1 Evacuation Pause)
[2020-02-07T22:03:58.193+0800][gc,task       ] GC(54) Using 8 workers of 8 for evacuation
[2020-02-07T22:03:58.196+0800][gc,phases     ] GC(54)   Pre Evacuate Collection Set: 0.0ms
[2020-02-07T22:03:58.196+0800][gc,phases     ] GC(54)   Evacuate Collection Set: 2.2ms
[2020-02-07T22:03:58.196+0800][gc,phases     ] GC(54)   Post Evacuate Collection Set: 0.5ms
[2020-02-07T22:03:58.196+0800][gc,phases     ] GC(54)   Other: 0.2ms
[2020-02-07T22:03:58.196+0800][gc,heap       ] GC(54) Eden regions: 613->0(613)
[2020-02-07T22:03:58.196+0800][gc,heap       ] GC(54) Survivor regions: 1->1(77)
[2020-02-07T22:03:58.196+0800][gc,heap       ] GC(54) Old regions: 23->23
[2020-02-07T22:03:58.196+0800][gc,heap       ] GC(54) Humongous regions: 130->130
[2020-02-07T22:03:58.196+0800][gc,metaspace  ] GC(54) Metaspace: 35023K->35023K(1081344K)
[2020-02-07T22:03:58.196+0800][gc            ] GC(54) Pause Young (Normal) (G1 Evacuation Pause) 764M->151M(1024M) 3.127ms
[2020-02-07T22:03:58.196+0800][gc,cpu        ] GC(54) User=0.01s Sys=0.00s Real=0.00s
[2020-02-07T22:04:08.516+0800][gc,start      ] GC(55) Pause Young (Normal) (G1 Evacuation Pause)
[2020-02-07T22:04:08.516+0800][gc,task       ] GC(55) Using 8 workers of 8 for evacuation
[2020-02-07T22:04:08.550+0800][gc,mmu        ] GC(55) MMU target violated: 21.0ms (20.0ms/21.0ms)
[2020-02-07T22:04:08.550+0800][gc,phases     ] GC(55)   Pre Evacuate Collection Set: 0.0ms
[2020-02-07T22:04:08.550+0800][gc,phases     ] GC(55)   Evacuate Collection Set: 32.4ms
[2020-02-07T22:04:08.550+0800][gc,phases     ] GC(55)   Post Evacuate Collection Set: 0.8ms
[2020-02-07T22:04:08.550+0800][gc,phases     ] GC(55)   Other: 0.4ms
[2020-02-07T22:04:08.550+0800][gc,heap       ] GC(55) Eden regions: 613->0(613)
[2020-02-07T22:04:08.550+0800][gc,heap       ] GC(55) Survivor regions: 1->1(77)
[2020-02-07T22:04:08.550+0800][gc,heap       ] GC(55) Old regions: 23->23
[2020-02-07T22:04:08.550+0800][gc,heap       ] GC(55) Humongous regions: 130->130
[2020-02-07T22:04:08.550+0800][gc,metaspace  ] GC(55) Metaspace: 35023K->35023K(1081344K)
[2020-02-07T22:04:08.550+0800][gc            ] GC(55) Pause Young (Normal) (G1 Evacuation Pause) 764M->151M(1024M) 33.775ms
[2020-02-07T22:04:08.550+0800][gc,cpu        ] GC(55) User=0.06s Sys=0.00s Real=0.03s
[2020-02-07T22:04:12.664+0800][gc,start      ] GC(56) Pause Young (Normal) (G1 Evacuation Pause)
[2020-02-07T22:04:12.664+0800][gc,task       ] GC(56) Using 8 workers of 8 for evacuation
[2020-02-07T22:04:12.667+0800][gc,phases     ] GC(56)   Pre Evacuate Collection Set: 0.0ms
[2020-02-07T22:04:12.667+0800][gc,phases     ] GC(56)   Evacuate Collection Set: 2.9ms
[2020-02-07T22:04:12.667+0800][gc,phases     ] GC(56)   Post Evacuate Collection Set: 0.6ms
[2020-02-07T22:04:12.667+0800][gc,phases     ] GC(56)   Other: 0.3ms
[2020-02-07T22:04:12.667+0800][gc,heap       ] GC(56) Eden regions: 613->0(613)
[2020-02-07T22:04:12.667+0800][gc,heap       ] GC(56) Survivor regions: 1->1(77)
[2020-02-07T22:04:12.667+0800][gc,heap       ] GC(56) Old regions: 23->23
[2020-02-07T22:04:12.667+0800][gc,heap       ] GC(56) Humongous regions: 130->130
[2020-02-07T22:04:12.668+0800][gc,metaspace  ] GC(56) Metaspace: 35023K->35023K(1081344K)
[2020-02-07T22:04:12.668+0800][gc            ] GC(56) Pause Young (Normal) (G1 Evacuation Pause) 764M->151M(1024M) 3.999ms
[2020-02-07T22:04:12.668+0800][gc,cpu        ] GC(56) User=0.02s Sys=0.00s Real=0.00s
[2020-02-07T22:04:16.627+0800][gc,start      ] GC(57) Pause Young (Normal) (G1 Evacuation Pause)
[2020-02-07T22:04:16.627+0800][gc,task       ] GC(57) Using 8 workers of 8 for evacuation
[2020-02-07T22:04:16.631+0800][gc,phases     ] GC(57)   Pre Evacuate Collection Set: 0.0ms
[2020-02-07T22:04:16.631+0800][gc,phases     ] GC(57)   Evacuate Collection Set: 3.2ms
[2020-02-07T22:04:16.631+0800][gc,phases     ] GC(57)   Post Evacuate Collection Set: 0.6ms
[2020-02-07T22:04:16.631+0800][gc,phases     ] GC(57)   Other: 0.3ms
[2020-02-07T22:04:16.631+0800][gc,heap       ] GC(57) Eden regions: 613->0(613)
[2020-02-07T22:04:16.631+0800][gc,heap       ] GC(57) Survivor regions: 1->1(77)
[2020-02-07T22:04:16.631+0800][gc,heap       ] GC(57) Old regions: 23->23
[2020-02-07T22:04:16.631+0800][gc,heap       ] GC(57) Humongous regions: 130->130
[2020-02-07T22:04:16.631+0800][gc,metaspace  ] GC(57) Metaspace: 35028K->35028K(1081344K)
[2020-02-07T22:04:16.631+0800][gc            ] GC(57) Pause Young (Normal) (G1 Evacuation Pause) 764M->152M(1024M) 4.250ms
[2020-02-07T22:04:16.631+0800][gc,cpu        ] GC(57) User=0.01s Sys=0.00s Real=0.00s
[2020-02-07T22:04:20.060+0800][gc,start      ] GC(58) Pause Young (Normal) (G1 Evacuation Pause)
[2020-02-07T22:04:20.060+0800][gc,task       ] GC(58) Using 8 workers of 8 for evacuation
[2020-02-07T22:04:20.065+0800][gc,phases     ] GC(58)   Pre Evacuate Collection Set: 0.0ms
[2020-02-07T22:04:20.065+0800][gc,phases     ] GC(58)   Evacuate Collection Set: 3.9ms
[2020-02-07T22:04:20.065+0800][gc,phases     ] GC(58)   Post Evacuate Collection Set: 0.5ms
[2020-02-07T22:04:20.065+0800][gc,phases     ] GC(58)   Other: 0.3ms
[2020-02-07T22:04:20.065+0800][gc,heap       ] GC(58) Eden regions: 613->0(612)
[2020-02-07T22:04:20.065+0800][gc,heap       ] GC(58) Survivor regions: 1->2(77)
[2020-02-07T22:04:20.065+0800][gc,heap       ] GC(58) Old regions: 23->23
[2020-02-07T22:04:20.065+0800][gc,heap       ] GC(58) Humongous regions: 130->130
[2020-02-07T22:04:20.065+0800][gc,metaspace  ] GC(58) Metaspace: 35028K->35028K(1081344K)
[2020-02-07T22:04:20.065+0800][gc            ] GC(58) Pause Young (Normal) (G1 Evacuation Pause) 765M->152M(1024M) 4.929ms
[2020-02-07T22:04:20.065+0800][gc,cpu        ] GC(58) User=0.02s Sys=0.00s Real=0.01s
[2020-02-07T22:04:24.960+0800][gc,start      ] GC(59) Pause Young (Normal) (G1 Evacuation Pause)
[2020-02-07T22:04:24.960+0800][gc,task       ] GC(59) Using 8 workers of 8 for evacuation
[2020-02-07T22:04:24.964+0800][gc,phases     ] GC(59)   Pre Evacuate Collection Set: 0.0ms
[2020-02-07T22:04:24.964+0800][gc,phases     ] GC(59)   Evacuate Collection Set: 3.2ms
[2020-02-07T22:04:24.964+0800][gc,phases     ] GC(59)   Post Evacuate Collection Set: 0.6ms
[2020-02-07T22:04:24.964+0800][gc,phases     ] GC(59)   Other: 0.3ms
[2020-02-07T22:04:24.964+0800][gc,heap       ] GC(59) Eden regions: 612->0(612)
[2020-02-07T22:04:24.964+0800][gc,heap       ] GC(59) Survivor regions: 2->2(77)
[2020-02-07T22:04:24.964+0800][gc,heap       ] GC(59) Old regions: 23->23
[2020-02-07T22:04:24.964+0800][gc,heap       ] GC(59) Humongous regions: 130->130
[2020-02-07T22:04:24.964+0800][gc,metaspace  ] GC(59) Metaspace: 35085K->35085K(1081344K)
[2020-02-07T22:04:24.964+0800][gc            ] GC(59) Pause Young (Normal) (G1 Evacuation Pause) 764M->152M(1024M) 4.318ms
[2020-02-07T22:04:24.964+0800][gc,cpu        ] GC(59) User=0.01s Sys=0.01s Real=0.01s
[2020-02-07T22:04:29.432+0800][gc,start      ] GC(60) Pause Young (Normal) (G1 Evacuation Pause)
[2020-02-07T22:04:29.432+0800][gc,task       ] GC(60) Using 8 workers of 8 for evacuation
[2020-02-07T22:04:29.437+0800][gc,phases     ] GC(60)   Pre Evacuate Collection Set: 0.0ms
[2020-02-07T22:04:29.437+0800][gc,phases     ] GC(60)   Evacuate Collection Set: 4.7ms
[2020-02-07T22:04:29.437+0800][gc,phases     ] GC(60)   Post Evacuate Collection Set: 0.6ms
[2020-02-07T22:04:29.437+0800][gc,phases     ] GC(60)   Other: 0.3ms
[2020-02-07T22:04:29.437+0800][gc,heap       ] GC(60) Eden regions: 612->0(612)
[2020-02-07T22:04:29.437+0800][gc,heap       ] GC(60) Survivor regions: 2->2(77)
[2020-02-07T22:04:29.437+0800][gc,heap       ] GC(60) Old regions: 23->23
[2020-02-07T22:04:29.437+0800][gc,heap       ] GC(60) Humongous regions: 130->130
[2020-02-07T22:04:29.437+0800][gc,metaspace  ] GC(60) Metaspace: 35089K->35089K(1081344K)
[2020-02-07T22:04:29.437+0800][gc            ] GC(60) Pause Young (Normal) (G1 Evacuation Pause) 764M->152M(1024M) 5.727ms
[2020-02-07T22:04:29.437+0800][gc,cpu        ] GC(60) User=0.02s Sys=0.00s Real=0.01s
[2020-02-07T22:04:33.443+0800][gc,start      ] GC(61) Pause Young (Normal) (G1 Evacuation Pause)
[2020-02-07T22:04:33.443+0800][gc,task       ] GC(61) Using 8 workers of 8 for evacuation
[2020-02-07T22:04:33.448+0800][gc,phases     ] GC(61)   Pre Evacuate Collection Set: 0.0ms
[2020-02-07T22:04:33.448+0800][gc,phases     ] GC(61)   Evacuate Collection Set: 4.0ms
[2020-02-07T22:04:33.448+0800][gc,phases     ] GC(61)   Post Evacuate Collection Set: 0.5ms
[2020-02-07T22:04:33.448+0800][gc,phases     ] GC(61)   Other: 0.3ms
[2020-02-07T22:04:33.448+0800][gc,heap       ] GC(61) Eden regions: 612->0(612)
[2020-02-07T22:04:33.448+0800][gc,heap       ] GC(61) Survivor regions: 2->2(77)
[2020-02-07T22:04:33.448+0800][gc,heap       ] GC(61) Old regions: 23->23
[2020-02-07T22:04:33.448+0800][gc,heap       ] GC(61) Humongous regions: 130->130
[2020-02-07T22:04:33.448+0800][gc,metaspace  ] GC(61) Metaspace: 35097K->35097K(1081344K)
[2020-02-07T22:04:33.448+0800][gc            ] GC(61) Pause Young (Normal) (G1 Evacuation Pause) 764M->152M(1024M) 4.972ms
[2020-02-07T22:04:33.448+0800][gc,cpu        ] GC(61) User=0.02s Sys=0.00s Real=0.00s
[2020-02-08T01:11:08.845+0800][gc,start      ] GC(62) Pause Young (Normal) (G1 Evacuation Pause)
[2020-02-08T01:11:08.848+0800][gc,task       ] GC(62) Using 8 workers of 8 for evacuation
[2020-02-08T01:11:08.887+0800][gc,mmu        ] GC(62) MMU target violated: 21.0ms (20.0ms/21.0ms)
[2020-02-08T01:11:08.887+0800][gc,phases     ] GC(62)   Pre Evacuate Collection Set: 12.4ms
[2020-02-08T01:11:08.887+0800][gc,phases     ] GC(62)   Evacuate Collection Set: 9.8ms
[2020-02-08T01:11:08.887+0800][gc,phases     ] GC(62)   Post Evacuate Collection Set: 14.7ms
[2020-02-08T01:11:08.887+0800][gc,phases     ] GC(62)   Other: 5.5ms
[2020-02-08T01:11:08.887+0800][gc,heap       ] GC(62) Eden regions: 612->0(612)
[2020-02-08T01:11:08.887+0800][gc,heap       ] GC(62) Survivor regions: 2->2(77)
[2020-02-08T01:11:08.887+0800][gc,heap       ] GC(62) Old regions: 23->23
[2020-02-08T01:11:08.887+0800][gc,heap       ] GC(62) Humongous regions: 130->130
[2020-02-08T01:11:08.887+0800][gc,metaspace  ] GC(62) Metaspace: 35389K->35389K(1081344K)
[2020-02-08T01:11:08.888+0800][gc            ] GC(62) Pause Young (Normal) (G1 Evacuation Pause) 764M->152M(1024M) 42.121ms
[2020-02-08T01:11:08.888+0800][gc,cpu        ] GC(62) User=0.03s Sys=0.00s Real=0.04s
[2020-02-08T05:33:22.992+0800][gc,start      ] GC(63) Pause Young (Normal) (G1 Evacuation Pause)
[2020-02-08T05:33:22.992+0800][gc,task       ] GC(63) Using 8 workers of 8 for evacuation
[2020-02-08T05:33:22.995+0800][gc,phases     ] GC(63)   Pre Evacuate Collection Set: 0.0ms
[2020-02-08T05:33:22.995+0800][gc,phases     ] GC(63)   Evacuate Collection Set: 2.0ms
[2020-02-08T05:33:22.995+0800][gc,phases     ] GC(63)   Post Evacuate Collection Set: 0.7ms
[2020-02-08T05:33:22.995+0800][gc,phases     ] GC(63)   Other: 0.2ms
[2020-02-08T05:33:22.995+0800][gc,heap       ] GC(63) Eden regions: 612->0(612)
[2020-02-08T05:33:22.995+0800][gc,heap       ] GC(63) Survivor regions: 2->2(77)
[2020-02-08T05:33:22.995+0800][gc,heap       ] GC(63) Old regions: 23->23
[2020-02-08T05:33:22.995+0800][gc,heap       ] GC(63) Humongous regions: 130->130
[2020-02-08T05:33:22.995+0800][gc,metaspace  ] GC(63) Metaspace: 35455K->35455K(1081344K)
[2020-02-08T05:33:22.995+0800][gc            ] GC(63) Pause Young (Normal) (G1 Evacuation Pause) 764M->152M(1024M) 3.343ms
[2020-02-08T05:33:22.995+0800][gc,cpu        ] GC(63) User=0.02s Sys=0.00s Real=0.01s
[2020-02-08T09:56:08.846+0800][gc,start      ] GC(64) Pause Young (Normal) (G1 Evacuation Pause)
[2020-02-08T09:56:08.848+0800][gc,task       ] GC(64) Using 8 workers of 8 for evacuation
[2020-02-08T09:56:08.853+0800][gc,phases     ] GC(64)   Pre Evacuate Collection Set: 0.3ms
[2020-02-08T09:56:08.853+0800][gc,phases     ] GC(64)   Evacuate Collection Set: 3.1ms
[2020-02-08T09:56:08.853+0800][gc,phases     ] GC(64)   Post Evacuate Collection Set: 1.3ms
[2020-02-08T09:56:08.853+0800][gc,phases     ] GC(64)   Other: 3.0ms
[2020-02-08T09:56:08.853+0800][gc,heap       ] GC(64) Eden regions: 612->0(612)
[2020-02-08T09:56:08.853+0800][gc,heap       ] GC(64) Survivor regions: 2->2(77)
[2020-02-08T09:56:08.853+0800][gc,heap       ] GC(64) Old regions: 23->23
[2020-02-08T09:56:08.853+0800][gc,heap       ] GC(64) Humongous regions: 130->130
[2020-02-08T09:56:08.853+0800][gc,metaspace  ] GC(64) Metaspace: 35485K->35485K(1081344K)
[2020-02-08T09:56:08.854+0800][gc            ] GC(64) Pause Young (Normal) (G1 Evacuation Pause) 764M->153M(1024M) 7.794ms
[2020-02-08T09:56:08.854+0800][gc,cpu        ] GC(64) User=0.01s Sys=0.01s Real=0.01s
[2020-02-08T13:50:10.029+0800][gc,start      ] GC(65) Pause Young (Normal) (G1 Evacuation Pause)
[2020-02-08T13:50:10.030+0800][gc,task       ] GC(65) Using 8 workers of 8 for evacuation
[2020-02-08T13:50:10.052+0800][gc,mmu        ] GC(65) MMU target violated: 21.0ms (20.0ms/21.0ms)
[2020-02-08T13:50:10.052+0800][gc,phases     ] GC(65)   Pre Evacuate Collection Set: 0.1ms
[2020-02-08T13:50:10.052+0800][gc,phases     ] GC(65)   Evacuate Collection Set: 20.8ms
[2020-02-08T13:50:10.052+0800][gc,phases     ] GC(65)   Post Evacuate Collection Set: 1.6ms
[2020-02-08T13:50:10.053+0800][gc,phases     ] GC(65)   Other: 1.3ms
[2020-02-08T13:50:10.053+0800][gc,heap       ] GC(65) Eden regions: 612->0(609)
[2020-02-08T13:50:10.053+0800][gc,heap       ] GC(65) Survivor regions: 2->5(77)
[2020-02-08T13:50:10.053+0800][gc,heap       ] GC(65) Old regions: 23->23
[2020-02-08T13:50:10.053+0800][gc,heap       ] GC(65) Humongous regions: 130->130
[2020-02-08T13:50:10.053+0800][gc,metaspace  ] GC(65) Metaspace: 35652K->35652K(1081344K)
[2020-02-08T13:50:10.053+0800][gc            ] GC(65) Pause Young (Normal) (G1 Evacuation Pause) 765M->155M(1024M) 23.926ms
[2020-02-08T13:50:10.053+0800][gc,cpu        ] GC(65) User=0.04s Sys=0.00s Real=0.03s
[2020-02-08T13:50:16.285+0800][gc,start      ] GC(66) Pause Young (Normal) (G1 Evacuation Pause)
[2020-02-08T13:50:16.286+0800][gc,task       ] GC(66) Using 8 workers of 8 for evacuation
[2020-02-08T13:50:16.307+0800][gc,mmu        ] GC(66) MMU target violated: 21.0ms (20.0ms/21.0ms)
[2020-02-08T13:50:16.307+0800][gc,phases     ] GC(66)   Pre Evacuate Collection Set: 0.0ms
[2020-02-08T13:50:16.307+0800][gc,phases     ] GC(66)   Evacuate Collection Set: 15.1ms
[2020-02-08T13:50:16.307+0800][gc,phases     ] GC(66)   Post Evacuate Collection Set: 5.9ms
[2020-02-08T13:50:16.307+0800][gc,phases     ] GC(66)   Other: 1.0ms
[2020-02-08T13:50:16.307+0800][gc,heap       ] GC(66) Eden regions: 609->0(609)
[2020-02-08T13:50:16.307+0800][gc,heap       ] GC(66) Survivor regions: 5->5(77)
[2020-02-08T13:50:16.307+0800][gc,heap       ] GC(66) Old regions: 23->23
[2020-02-08T13:50:16.307+0800][gc,heap       ] GC(66) Humongous regions: 130->130
[2020-02-08T13:50:16.307+0800][gc,metaspace  ] GC(66) Metaspace: 35661K->35661K(1081344K)
[2020-02-08T13:50:16.307+0800][gc            ] GC(66) Pause Young (Normal) (G1 Evacuation Pause) 764M->155M(1024M) 21.863ms
[2020-02-08T13:50:16.307+0800][gc,cpu        ] GC(66) User=0.05s Sys=0.00s Real=0.02s
[2020-02-08T13:50:19.812+0800][gc,start      ] GC(67) Pause Young (Normal) (G1 Evacuation Pause)
[2020-02-08T13:50:19.812+0800][gc,task       ] GC(67) Using 8 workers of 8 for evacuation
[2020-02-08T13:50:19.835+0800][gc,mmu        ] GC(67) MMU target violated: 21.0ms (20.0ms/21.0ms)
[2020-02-08T13:50:19.835+0800][gc,phases     ] GC(67)   Pre Evacuate Collection Set: 0.0ms
[2020-02-08T13:50:19.835+0800][gc,phases     ] GC(67)   Evacuate Collection Set: 22.6ms
[2020-02-08T13:50:19.835+0800][gc,phases     ] GC(67)   Post Evacuate Collection Set: 0.8ms
[2020-02-08T13:50:19.835+0800][gc,phases     ] GC(67)   Other: 0.3ms
[2020-02-08T13:50:19.835+0800][gc,heap       ] GC(67) Eden regions: 609->0(609)
[2020-02-08T13:50:19.835+0800][gc,heap       ] GC(67) Survivor regions: 5->5(77)
[2020-02-08T13:50:19.835+0800][gc,heap       ] GC(67) Old regions: 23->24
[2020-02-08T13:50:19.835+0800][gc,heap       ] GC(67) Humongous regions: 130->130
[2020-02-08T13:50:19.835+0800][gc,metaspace  ] GC(67) Metaspace: 35665K->35665K(1081344K)
[2020-02-08T13:50:19.836+0800][gc            ] GC(67) Pause Young (Normal) (G1 Evacuation Pause) 764M->155M(1024M) 23.949ms
[2020-02-08T13:50:19.836+0800][gc,cpu        ] GC(67) User=0.06s Sys=0.00s Real=0.03s
[2020-02-08T13:50:23.445+0800][gc,start      ] GC(68) Pause Young (Normal) (G1 Evacuation Pause)
[2020-02-08T13:50:23.445+0800][gc,task       ] GC(68) Using 8 workers of 8 for evacuation
[2020-02-08T13:50:23.455+0800][gc,phases     ] GC(68)   Pre Evacuate Collection Set: 0.0ms
[2020-02-08T13:50:23.455+0800][gc,phases     ] GC(68)   Evacuate Collection Set: 8.9ms
[2020-02-08T13:50:23.455+0800][gc,phases     ] GC(68)   Post Evacuate Collection Set: 0.6ms
[2020-02-08T13:50:23.455+0800][gc,phases     ] GC(68)   Other: 0.3ms
[2020-02-08T13:50:23.455+0800][gc,heap       ] GC(68) Eden regions: 609->0(610)
[2020-02-08T13:50:23.455+0800][gc,heap       ] GC(68) Survivor regions: 5->4(77)
[2020-02-08T13:50:23.455+0800][gc,heap       ] GC(68) Old regions: 24->24
[2020-02-08T13:50:23.455+0800][gc,heap       ] GC(68) Humongous regions: 130->130
[2020-02-08T13:50:23.455+0800][gc,metaspace  ] GC(68) Metaspace: 35668K->35668K(1081344K)
[2020-02-08T13:50:23.455+0800][gc            ] GC(68) Pause Young (Normal) (G1 Evacuation Pause) 764M->155M(1024M) 10.022ms
[2020-02-08T13:50:23.455+0800][gc,cpu        ] GC(68) User=0.02s Sys=0.00s Real=0.01s
[2020-02-08T13:50:27.326+0800][gc,start      ] GC(69) Pause Young (Normal) (G1 Evacuation Pause)
[2020-02-08T13:50:27.326+0800][gc,task       ] GC(69) Using 8 workers of 8 for evacuation
[2020-02-08T13:50:27.343+0800][gc,phases     ] GC(69)   Pre Evacuate Collection Set: 0.0ms
[2020-02-08T13:50:27.343+0800][gc,phases     ] GC(69)   Evacuate Collection Set: 16.5ms
[2020-02-08T13:50:27.343+0800][gc,phases     ] GC(69)   Post Evacuate Collection Set: 0.7ms
[2020-02-08T13:50:27.343+0800][gc,phases     ] GC(69)   Other: 0.3ms
[2020-02-08T13:50:27.343+0800][gc,heap       ] GC(69) Eden regions: 610->0(609)
[2020-02-08T13:50:27.343+0800][gc,heap       ] GC(69) Survivor regions: 4->5(77)
[2020-02-08T13:50:27.343+0800][gc,heap       ] GC(69) Old regions: 24->24
[2020-02-08T13:50:27.343+0800][gc,heap       ] GC(69) Humongous regions: 130->130
[2020-02-08T13:50:27.343+0800][gc,metaspace  ] GC(69) Metaspace: 35678K->35678K(1081344K)
[2020-02-08T13:50:27.343+0800][gc            ] GC(69) Pause Young (Normal) (G1 Evacuation Pause) 765M->155M(1024M) 17.650ms
[2020-02-08T13:50:27.343+0800][gc,cpu        ] GC(69) User=0.05s Sys=0.00s Real=0.02s
[2020-02-08T13:50:31.193+0800][gc,start      ] GC(70) Pause Young (Normal) (G1 Evacuation Pause)
[2020-02-08T13:50:31.193+0800][gc,task       ] GC(70) Using 8 workers of 8 for evacuation
[2020-02-08T13:50:31.208+0800][gc,phases     ] GC(70)   Pre Evacuate Collection Set: 0.1ms
[2020-02-08T13:50:31.208+0800][gc,phases     ] GC(70)   Evacuate Collection Set: 13.8ms
[2020-02-08T13:50:31.208+0800][gc,phases     ] GC(70)   Post Evacuate Collection Set: 0.7ms
[2020-02-08T13:50:31.208+0800][gc,phases     ] GC(70)   Other: 0.3ms
[2020-02-08T13:50:31.208+0800][gc,heap       ] GC(70) Eden regions: 609->0(610)
[2020-02-08T13:50:31.208+0800][gc,heap       ] GC(70) Survivor regions: 5->4(77)
[2020-02-08T13:50:31.208+0800][gc,heap       ] GC(70) Old regions: 24->24
[2020-02-08T13:50:31.208+0800][gc,heap       ] GC(70) Humongous regions: 130->130
[2020-02-08T13:50:31.208+0800][gc,metaspace  ] GC(70) Metaspace: 35679K->35679K(1081344K)
[2020-02-08T13:50:31.208+0800][gc            ] GC(70) Pause Young (Normal) (G1 Evacuation Pause) 764M->155M(1024M) 15.004ms
[2020-02-08T13:50:31.208+0800][gc,cpu        ] GC(70) User=0.06s Sys=0.00s Real=0.01s
[2020-02-08T13:50:34.910+0800][gc,start      ] GC(71) Pause Young (Normal) (G1 Evacuation Pause)
[2020-02-08T13:50:34.910+0800][gc,task       ] GC(71) Using 8 workers of 8 for evacuation
[2020-02-08T13:50:34.944+0800][gc,mmu        ] GC(71) MMU target violated: 21.0ms (20.0ms/21.0ms)
[2020-02-08T13:50:34.944+0800][gc,phases     ] GC(71)   Pre Evacuate Collection Set: 0.0ms
[2020-02-08T13:50:34.944+0800][gc,phases     ] GC(71)   Evacuate Collection Set: 32.7ms
[2020-02-08T13:50:34.944+0800][gc,phases     ] GC(71)   Post Evacuate Collection Set: 0.9ms
[2020-02-08T13:50:34.944+0800][gc,phases     ] GC(71)   Other: 0.3ms
[2020-02-08T13:50:34.944+0800][gc,heap       ] GC(71) Eden regions: 610->0(610)
[2020-02-08T13:50:34.944+0800][gc,heap       ] GC(71) Survivor regions: 4->4(77)
[2020-02-08T13:50:34.944+0800][gc,heap       ] GC(71) Old regions: 24->24
[2020-02-08T13:50:34.944+0800][gc,heap       ] GC(71) Humongous regions: 130->130
[2020-02-08T13:50:34.944+0800][gc,metaspace  ] GC(71) Metaspace: 35684K->35684K(1081344K)
[2020-02-08T13:50:34.944+0800][gc            ] GC(71) Pause Young (Normal) (G1 Evacuation Pause) 765M->155M(1024M) 34.103ms
[2020-02-08T13:50:34.944+0800][gc,cpu        ] GC(71) User=0.06s Sys=0.00s Real=0.04s
[2020-02-08T13:50:38.772+0800][gc,start      ] GC(72) Pause Young (Normal) (G1 Evacuation Pause)
[2020-02-08T13:50:38.772+0800][gc,task       ] GC(72) Using 8 workers of 8 for evacuation
[2020-02-08T13:50:38.797+0800][gc,mmu        ] GC(72) MMU target violated: 21.0ms (20.0ms/21.0ms)
[2020-02-08T13:50:38.797+0800][gc,phases     ] GC(72)   Pre Evacuate Collection Set: 0.0ms
[2020-02-08T13:50:38.797+0800][gc,phases     ] GC(72)   Evacuate Collection Set: 23.0ms
[2020-02-08T13:50:38.797+0800][gc,phases     ] GC(72)   Post Evacuate Collection Set: 2.0ms
[2020-02-08T13:50:38.797+0800][gc,phases     ] GC(72)   Other: 0.4ms
[2020-02-08T13:50:38.797+0800][gc,heap       ] GC(72) Eden regions: 610->0(610)
[2020-02-08T13:50:38.797+0800][gc,heap       ] GC(72) Survivor regions: 4->4(77)
[2020-02-08T13:50:38.797+0800][gc,heap       ] GC(72) Old regions: 24->24
[2020-02-08T13:50:38.797+0800][gc,heap       ] GC(72) Humongous regions: 130->130
[2020-02-08T13:50:38.797+0800][gc,metaspace  ] GC(72) Metaspace: 35685K->35685K(1081344K)
[2020-02-08T13:50:38.797+0800][gc            ] GC(72) Pause Young (Normal) (G1 Evacuation Pause) 765M->156M(1024M) 25.532ms
[2020-02-08T13:50:38.797+0800][gc,cpu        ] GC(72) User=0.06s Sys=0.00s Real=0.03s
[2020-02-08T13:50:42.949+0800][gc,start      ] GC(73) Pause Young (Normal) (G1 Evacuation Pause)
[2020-02-08T13:50:42.949+0800][gc,task       ] GC(73) Using 8 workers of 8 for evacuation
[2020-02-08T13:50:42.966+0800][gc,phases     ] GC(73)   Pre Evacuate Collection Set: 0.1ms
[2020-02-08T13:50:42.966+0800][gc,phases     ] GC(73)   Evacuate Collection Set: 16.5ms
[2020-02-08T13:50:42.966+0800][gc,phases     ] GC(73)   Post Evacuate Collection Set: 0.8ms
[2020-02-08T13:50:42.966+0800][gc,phases     ] GC(73)   Other: 0.3ms
[2020-02-08T13:50:42.966+0800][gc,heap       ] GC(73) Eden regions: 610->0(610)
[2020-02-08T13:50:42.966+0800][gc,heap       ] GC(73) Survivor regions: 4->4(77)
[2020-02-08T13:50:42.966+0800][gc,heap       ] GC(73) Old regions: 24->24
[2020-02-08T13:50:42.966+0800][gc,heap       ] GC(73) Humongous regions: 130->130
[2020-02-08T13:50:42.966+0800][gc,metaspace  ] GC(73) Metaspace: 35685K->35685K(1081344K)
[2020-02-08T13:50:42.966+0800][gc            ] GC(73) Pause Young (Normal) (G1 Evacuation Pause) 766M->156M(1024M) 17.714ms
[2020-02-08T13:50:42.966+0800][gc,cpu        ] GC(73) User=0.04s Sys=0.01s Real=0.02s
[2020-02-08T13:50:46.788+0800][gc,start      ] GC(74) Pause Young (Normal) (G1 Evacuation Pause)
[2020-02-08T13:50:46.788+0800][gc,task       ] GC(74) Using 8 workers of 8 for evacuation
[2020-02-08T13:50:46.800+0800][gc,phases     ] GC(74)   Pre Evacuate Collection Set: 0.0ms
[2020-02-08T13:50:46.800+0800][gc,phases     ] GC(74)   Evacuate Collection Set: 11.3ms
[2020-02-08T13:50:46.800+0800][gc,phases     ] GC(74)   Post Evacuate Collection Set: 0.6ms
[2020-02-08T13:50:46.800+0800][gc,phases     ] GC(74)   Other: 0.3ms
[2020-02-08T13:50:46.800+0800][gc,heap       ] GC(74) Eden regions: 610->0(610)
[2020-02-08T13:50:46.800+0800][gc,heap       ] GC(74) Survivor regions: 4->4(77)
[2020-02-08T13:50:46.800+0800][gc,heap       ] GC(74) Old regions: 24->24
[2020-02-08T13:50:46.800+0800][gc,heap       ] GC(74) Humongous regions: 130->130
[2020-02-08T13:50:46.800+0800][gc,metaspace  ] GC(74) Metaspace: 35685K->35685K(1081344K)
[2020-02-08T13:50:46.800+0800][gc            ] GC(74) Pause Young (Normal) (G1 Evacuation Pause) 766M->155M(1024M) 12.314ms
[2020-02-08T13:50:46.800+0800][gc,cpu        ] GC(74) User=0.03s Sys=0.00s Real=0.01s
[2020-02-08T13:50:50.736+0800][gc,start      ] GC(75) Pause Young (Normal) (G1 Evacuation Pause)
[2020-02-08T13:50:50.736+0800][gc,task       ] GC(75) Using 8 workers of 8 for evacuation
[2020-02-08T13:50:50.754+0800][gc,phases     ] GC(75)   Pre Evacuate Collection Set: 0.0ms
[2020-02-08T13:50:50.754+0800][gc,phases     ] GC(75)   Evacuate Collection Set: 17.0ms
[2020-02-08T13:50:50.754+0800][gc,phases     ] GC(75)   Post Evacuate Collection Set: 0.6ms
[2020-02-08T13:50:50.754+0800][gc,phases     ] GC(75)   Other: 0.3ms
[2020-02-08T13:50:50.754+0800][gc,heap       ] GC(75) Eden regions: 610->0(610)
[2020-02-08T13:50:50.754+0800][gc,heap       ] GC(75) Survivor regions: 4->4(77)
[2020-02-08T13:50:50.754+0800][gc,heap       ] GC(75) Old regions: 24->25
[2020-02-08T13:50:50.754+0800][gc,heap       ] GC(75) Humongous regions: 130->130
[2020-02-08T13:50:50.754+0800][gc,metaspace  ] GC(75) Metaspace: 35685K->35685K(1081344K)
[2020-02-08T13:50:50.754+0800][gc            ] GC(75) Pause Young (Normal) (G1 Evacuation Pause) 765M->155M(1024M) 18.121ms
[2020-02-08T13:50:50.755+0800][gc,cpu        ] GC(75) User=0.04s Sys=0.00s Real=0.02s
[2020-02-08T13:50:55.009+0800][gc,start      ] GC(76) Pause Young (Normal) (G1 Evacuation Pause)
[2020-02-08T13:50:55.009+0800][gc,task       ] GC(76) Using 8 workers of 8 for evacuation
[2020-02-08T13:50:55.024+0800][gc,phases     ] GC(76)   Pre Evacuate Collection Set: 0.0ms
[2020-02-08T13:50:55.024+0800][gc,phases     ] GC(76)   Evacuate Collection Set: 13.7ms
[2020-02-08T13:50:55.024+0800][gc,phases     ] GC(76)   Post Evacuate Collection Set: 0.6ms
[2020-02-08T13:50:55.024+0800][gc,phases     ] GC(76)   Other: 0.5ms
[2020-02-08T13:50:55.024+0800][gc,heap       ] GC(76) Eden regions: 610->0(610)
[2020-02-08T13:50:55.024+0800][gc,heap       ] GC(76) Survivor regions: 4->4(77)
[2020-02-08T13:50:55.024+0800][gc,heap       ] GC(76) Old regions: 25->25
[2020-02-08T13:50:55.024+0800][gc,heap       ] GC(76) Humongous regions: 130->130
[2020-02-08T13:50:55.024+0800][gc,metaspace  ] GC(76) Metaspace: 35688K->35688K(1081344K)
[2020-02-08T13:50:55.024+0800][gc            ] GC(76) Pause Young (Normal) (G1 Evacuation Pause) 765M->155M(1024M) 14.851ms
[2020-02-08T13:50:55.024+0800][gc,cpu        ] GC(76) User=0.04s Sys=0.01s Real=0.02s
[2020-02-08T13:50:58.672+0800][gc,start      ] GC(77) Pause Young (Normal) (G1 Evacuation Pause)
[2020-02-08T13:50:58.673+0800][gc,task       ] GC(77) Using 8 workers of 8 for evacuation
[2020-02-08T13:50:58.692+0800][gc,phases     ] GC(77)   Pre Evacuate Collection Set: 0.0ms
[2020-02-08T13:50:58.692+0800][gc,phases     ] GC(77)   Evacuate Collection Set: 17.9ms
[2020-02-08T13:50:58.692+0800][gc,phases     ] GC(77)   Post Evacuate Collection Set: 0.8ms
[2020-02-08T13:50:58.692+0800][gc,phases     ] GC(77)   Other: 2.1ms
[2020-02-08T13:50:58.692+0800][gc,heap       ] GC(77) Eden regions: 610->0(610)
[2020-02-08T13:50:58.692+0800][gc,heap       ] GC(77) Survivor regions: 4->4(77)
[2020-02-08T13:50:58.692+0800][gc,heap       ] GC(77) Old regions: 25->25
[2020-02-08T13:50:58.692+0800][gc,heap       ] GC(77) Humongous regions: 130->130
[2020-02-08T13:50:58.692+0800][gc,metaspace  ] GC(77) Metaspace: 35688K->35688K(1081344K)
[2020-02-08T13:50:58.692+0800][gc            ] GC(77) Pause Young (Normal) (G1 Evacuation Pause) 765M->155M(1024M) 20.376ms
[2020-02-08T13:50:58.692+0800][gc,cpu        ] GC(77) User=0.06s Sys=0.00s Real=0.02s
[2020-02-08T13:51:02.334+0800][gc,start      ] GC(78) Pause Young (Normal) (G1 Evacuation Pause)
[2020-02-08T13:51:02.338+0800][gc,task       ] GC(78) Using 8 workers of 8 for evacuation
[2020-02-08T13:51:02.419+0800][gc,mmu        ] GC(78) MMU target violated: 21.0ms (20.0ms/21.0ms)
[2020-02-08T13:51:02.465+0800][gc,phases     ] GC(78)   Pre Evacuate Collection Set: 1.1ms
[2020-02-08T13:51:02.465+0800][gc,phases     ] GC(78)   Evacuate Collection Set: 22.8ms
[2020-02-08T13:51:02.465+0800][gc,phases     ] GC(78)   Post Evacuate Collection Set: 50.6ms
[2020-02-08T13:51:02.466+0800][gc,phases     ] GC(78)   Other: 59.6ms
[2020-02-08T13:51:02.466+0800][gc,heap       ] GC(78) Eden regions: 610->0(47)
[2020-02-08T13:51:02.466+0800][gc,heap       ] GC(78) Survivor regions: 4->4(77)
[2020-02-08T13:51:02.466+0800][gc,heap       ] GC(78) Old regions: 25->25
[2020-02-08T13:51:02.466+0800][gc,heap       ] GC(78) Humongous regions: 130->130
[2020-02-08T13:51:02.466+0800][gc,metaspace  ] GC(78) Metaspace: 35688K->35688K(1081344K)
[2020-02-08T13:51:02.467+0800][gc            ] GC(78) Pause Young (Normal) (G1 Evacuation Pause) 765M->156M(1024M) 133.150ms
[2020-02-08T13:51:02.467+0800][gc,cpu        ] GC(78) User=0.03s Sys=0.01s Real=0.13s
[2020-02-08T13:51:02.808+0800][gc,start      ] GC(79) Pause Young (Normal) (G1 Evacuation Pause)
[2020-02-08T13:51:02.808+0800][gc,task       ] GC(79) Using 8 workers of 8 for evacuation
[2020-02-08T13:51:02.826+0800][gc,phases     ] GC(79)   Pre Evacuate Collection Set: 0.1ms
[2020-02-08T13:51:02.826+0800][gc,phases     ] GC(79)   Evacuate Collection Set: 17.2ms
[2020-02-08T13:51:02.826+0800][gc,phases     ] GC(79)   Post Evacuate Collection Set: 0.5ms
[2020-02-08T13:51:02.826+0800][gc,phases     ] GC(79)   Other: 0.2ms
[2020-02-08T13:51:02.826+0800][gc,heap       ] GC(79) Eden regions: 47->0(48)
[2020-02-08T13:51:02.826+0800][gc,heap       ] GC(79) Survivor regions: 4->3(7)
[2020-02-08T13:51:02.826+0800][gc,heap       ] GC(79) Old regions: 25->25
[2020-02-08T13:51:02.826+0800][gc,heap       ] GC(79) Humongous regions: 130->130
[2020-02-08T13:51:02.826+0800][gc,metaspace  ] GC(79) Metaspace: 35688K->35688K(1081344K)
[2020-02-08T13:51:02.826+0800][gc            ] GC(79) Pause Young (Normal) (G1 Evacuation Pause) 203M->155M(1024M) 18.120ms
[2020-02-08T13:51:02.826+0800][gc,cpu        ] GC(79) User=0.05s Sys=0.00s Real=0.02s
[2020-02-08T13:51:03.325+0800][gc,start      ] GC(80) Pause Young (Normal) (G1 Evacuation Pause)
[2020-02-08T13:51:03.325+0800][gc,task       ] GC(80) Using 8 workers of 8 for evacuation
[2020-02-08T13:51:03.364+0800][gc,mmu        ] GC(80) MMU target violated: 21.0ms (20.0ms/21.0ms)
[2020-02-08T13:51:03.364+0800][gc,phases     ] GC(80)   Pre Evacuate Collection Set: 0.1ms
[2020-02-08T13:51:03.364+0800][gc,phases     ] GC(80)   Evacuate Collection Set: 38.0ms
[2020-02-08T13:51:03.364+0800][gc,phases     ] GC(80)   Post Evacuate Collection Set: 0.5ms
[2020-02-08T13:51:03.364+0800][gc,phases     ] GC(80)   Other: 0.3ms
[2020-02-08T13:51:03.364+0800][gc,heap       ] GC(80) Eden regions: 48->0(50)
[2020-02-08T13:51:03.364+0800][gc,heap       ] GC(80) Survivor regions: 3->1(7)
[2020-02-08T13:51:03.364+0800][gc,heap       ] GC(80) Old regions: 25->27
[2020-02-08T13:51:03.364+0800][gc,heap       ] GC(80) Humongous regions: 130->130
[2020-02-08T13:51:03.364+0800][gc,metaspace  ] GC(80) Metaspace: 35688K->35688K(1081344K)
[2020-02-08T13:51:03.364+0800][gc            ] GC(80) Pause Young (Normal) (G1 Evacuation Pause) 203M->156M(1024M) 38.933ms
[2020-02-08T13:51:03.364+0800][gc,cpu        ] GC(80) User=0.08s Sys=0.00s Real=0.04s
[2020-02-08T13:51:03.667+0800][gc,start      ] GC(81) Pause Young (Normal) (G1 Evacuation Pause)
[2020-02-08T13:51:03.667+0800][gc,task       ] GC(81) Using 8 workers of 8 for evacuation
[2020-02-08T13:51:03.670+0800][gc,phases     ] GC(81)   Pre Evacuate Collection Set: 0.1ms
[2020-02-08T13:51:03.670+0800][gc,phases     ] GC(81)   Evacuate Collection Set: 2.2ms
[2020-02-08T13:51:03.670+0800][gc,phases     ] GC(81)   Post Evacuate Collection Set: 0.3ms
[2020-02-08T13:51:03.670+0800][gc,phases     ] GC(81)   Other: 0.3ms
[2020-02-08T13:51:03.670+0800][gc,heap       ] GC(81) Eden regions: 50->0(50)
[2020-02-08T13:51:03.670+0800][gc,heap       ] GC(81) Survivor regions: 1->1(7)
[2020-02-08T13:51:03.670+0800][gc,heap       ] GC(81) Old regions: 27->27
[2020-02-08T13:51:03.670+0800][gc,heap       ] GC(81) Humongous regions: 130->130
[2020-02-08T13:51:03.670+0800][gc,metaspace  ] GC(81) Metaspace: 35688K->35688K(1081344K)
[2020-02-08T13:51:03.670+0800][gc            ] GC(81) Pause Young (Normal) (G1 Evacuation Pause) 206M->155M(1024M) 2.980ms
[2020-02-08T13:51:03.670+0800][gc,cpu        ] GC(81) User=0.01s Sys=0.00s Real=0.00s
[2020-02-08T13:51:04.001+0800][gc,start      ] GC(82) Pause Young (Normal) (G1 Evacuation Pause)
[2020-02-08T13:51:04.001+0800][gc,task       ] GC(82) Using 8 workers of 8 for evacuation
[2020-02-08T13:51:04.033+0800][gc,mmu        ] GC(82) MMU target violated: 21.0ms (20.0ms/21.0ms)
[2020-02-08T13:51:04.033+0800][gc,phases     ] GC(82)   Pre Evacuate Collection Set: 0.0ms
[2020-02-08T13:51:04.033+0800][gc,phases     ] GC(82)   Evacuate Collection Set: 30.8ms
[2020-02-08T13:51:04.033+0800][gc,phases     ] GC(82)   Post Evacuate Collection Set: 0.3ms
[2020-02-08T13:51:04.033+0800][gc,phases     ] GC(82)   Other: 0.4ms
[2020-02-08T13:51:04.033+0800][gc,heap       ] GC(82) Eden regions: 50->0(51)
[2020-02-08T13:51:04.033+0800][gc,heap       ] GC(82) Survivor regions: 1->1(7)
[2020-02-08T13:51:04.033+0800][gc,heap       ] GC(82) Old regions: 27->27
[2020-02-08T13:51:04.033+0800][gc,heap       ] GC(82) Humongous regions: 130->130
[2020-02-08T13:51:04.033+0800][gc,metaspace  ] GC(82) Metaspace: 35688K->35688K(1081344K)
[2020-02-08T13:51:04.033+0800][gc            ] GC(82) Pause Young (Normal) (G1 Evacuation Pause) 205M->155M(1024M) 31.744ms
[2020-02-08T13:51:04.033+0800][gc,cpu        ] GC(82) User=0.04s Sys=0.00s Real=0.03s
[2020-02-08T13:51:04.328+0800][gc,start      ] GC(83) Pause Young (Normal) (G1 Evacuation Pause)
[2020-02-08T13:51:04.329+0800][gc,task       ] GC(83) Using 8 workers of 8 for evacuation
[2020-02-08T13:51:04.331+0800][gc,phases     ] GC(83)   Pre Evacuate Collection Set: 0.0ms
[2020-02-08T13:51:04.331+0800][gc,phases     ] GC(83)   Evacuate Collection Set: 1.7ms
[2020-02-08T13:51:04.331+0800][gc,phases     ] GC(83)   Post Evacuate Collection Set: 0.4ms
[2020-02-08T13:51:04.331+0800][gc,phases     ] GC(83)   Other: 0.3ms
[2020-02-08T13:51:04.331+0800][gc,heap       ] GC(83) Eden regions: 51->0(55)
[2020-02-08T13:51:04.331+0800][gc,heap       ] GC(83) Survivor regions: 1->1(7)
[2020-02-08T13:51:04.331+0800][gc,heap       ] GC(83) Old regions: 27->27
[2020-02-08T13:51:04.331+0800][gc,heap       ] GC(83) Humongous regions: 130->130
[2020-02-08T13:51:04.331+0800][gc,metaspace  ] GC(83) Metaspace: 35688K->35688K(1081344K)
[2020-02-08T13:51:04.331+0800][gc            ] GC(83) Pause Young (Normal) (G1 Evacuation Pause) 206M->155M(1024M) 2.487ms
[2020-02-08T13:51:04.331+0800][gc,cpu        ] GC(83) User=0.00s Sys=0.00s Real=0.00s
[2020-02-08T13:51:04.637+0800][gc,start      ] GC(84) Pause Young (Normal) (G1 Evacuation Pause)
[2020-02-08T13:51:04.637+0800][gc,task       ] GC(84) Using 8 workers of 8 for evacuation
[2020-02-08T13:51:04.645+0800][gc,phases     ] GC(84)   Pre Evacuate Collection Set: 0.0ms
[2020-02-08T13:51:04.645+0800][gc,phases     ] GC(84)   Evacuate Collection Set: 7.2ms
[2020-02-08T13:51:04.645+0800][gc,phases     ] GC(84)   Post Evacuate Collection Set: 0.3ms
[2020-02-08T13:51:04.645+0800][gc,phases     ] GC(84)   Other: 0.2ms
[2020-02-08T13:51:04.645+0800][gc,heap       ] GC(84) Eden regions: 55->0(59)
[2020-02-08T13:51:04.645+0800][gc,heap       ] GC(84) Survivor regions: 1->1(7)
[2020-02-08T13:51:04.645+0800][gc,heap       ] GC(84) Old regions: 27->27
[2020-02-08T13:51:04.645+0800][gc,heap       ] GC(84) Humongous regions: 130->130
[2020-02-08T13:51:04.645+0800][gc,metaspace  ] GC(84) Metaspace: 35688K->35688K(1081344K)
[2020-02-08T13:51:04.645+0800][gc            ] GC(84) Pause Young (Normal) (G1 Evacuation Pause) 210M->155M(1024M) 7.928ms
[2020-02-08T13:51:04.645+0800][gc,cpu        ] GC(84) User=0.00s Sys=0.00s Real=0.01s
[2020-02-08T13:51:04.969+0800][gc,start      ] GC(85) Pause Young (Normal) (G1 Evacuation Pause)
[2020-02-08T13:51:04.969+0800][gc,task       ] GC(85) Using 8 workers of 8 for evacuation
[2020-02-08T13:51:04.972+0800][gc,phases     ] GC(85)   Pre Evacuate Collection Set: 0.0ms
[2020-02-08T13:51:04.972+0800][gc,phases     ] GC(85)   Evacuate Collection Set: 2.0ms
[2020-02-08T13:51:04.972+0800][gc,phases     ] GC(85)   Post Evacuate Collection Set: 0.2ms
[2020-02-08T13:51:04.972+0800][gc,phases     ] GC(85)   Other: 0.2ms
[2020-02-08T13:51:04.972+0800][gc,heap       ] GC(85) Eden regions: 59->0(64)
[2020-02-08T13:51:04.972+0800][gc,heap       ] GC(85) Survivor regions: 1->1(8)
[2020-02-08T13:51:04.972+0800][gc,heap       ] GC(85) Old regions: 27->27
[2020-02-08T13:51:04.972+0800][gc,heap       ] GC(85) Humongous regions: 130->130
[2020-02-08T13:51:04.972+0800][gc,metaspace  ] GC(85) Metaspace: 35688K->35688K(1081344K)
[2020-02-08T13:51:04.972+0800][gc            ] GC(85) Pause Young (Normal) (G1 Evacuation Pause) 214M->155M(1024M) 2.617ms
[2020-02-08T13:51:04.972+0800][gc,cpu        ] GC(85) User=0.01s Sys=0.00s Real=0.00s
[2020-02-08T13:51:05.306+0800][gc,start      ] GC(86) Pause Young (Normal) (G1 Evacuation Pause)
[2020-02-08T13:51:05.306+0800][gc,task       ] GC(86) Using 8 workers of 8 for evacuation
[2020-02-08T13:51:05.308+0800][gc,phases     ] GC(86)   Pre Evacuate Collection Set: 0.0ms
[2020-02-08T13:51:05.308+0800][gc,phases     ] GC(86)   Evacuate Collection Set: 1.2ms
[2020-02-08T13:51:05.308+0800][gc,phases     ] GC(86)   Post Evacuate Collection Set: 0.2ms
[2020-02-08T13:51:05.308+0800][gc,phases     ] GC(86)   Other: 0.2ms
[2020-02-08T13:51:05.308+0800][gc,heap       ] GC(86) Eden regions: 64->0(70)
[2020-02-08T13:51:05.308+0800][gc,heap       ] GC(86) Survivor regions: 1->1(9)
[2020-02-08T13:51:05.308+0800][gc,heap       ] GC(86) Old regions: 27->27
