[2020-02-07T21:32:24.397+0800][gc,heap] Heap region size: 1M
[2020-02-07T21:32:24.406+0800][gc     ] Using G1
[2020-02-07T21:32:24.406+0800][gc,heap,coops] Heap address: 0x00000000c0000000, size: 1024 MB, Compressed Oops mode: 32-bit
[2020-02-07T21:32:24.406+0800][gc,cds       ] Mark closed archive regions in map: [0x00000000fff00000, 0x00000000fff69ff8]
[2020-02-07T21:32:24.406+0800][gc,cds       ] Mark open archive regions in map: [0x00000000ffe00000, 0x00000000ffe34ff8]
[2020-02-07T21:32:25.026+0800][gc,heap,exit ] Heap
[2020-02-07T21:32:25.026+0800][gc,heap,exit ]  garbage-first heap   total 1048576K, used 36476K [0x00000000c0000000, 0x0000000100000000)
[2020-02-07T21:32:25.026+0800][gc,heap,exit ]   region size 1024K, 36 young (36864K), 0 survivors (0K)
[2020-02-07T21:32:25.026+0800][gc,heap,exit ]  Metaspace       used 10602K, capacity 10905K, committed 11136K, reserved 1058816K
[2020-02-07T21:32:25.026+0800][gc,heap,exit ]   class space    used 1442K, capacity 1572K, committed 1664K, reserved 1048576K
