[2020-02-07T21:34:22.228+0800][gc,heap] Heap region size: 1M
[2020-02-07T21:34:22.236+0800][gc     ] Using G1
[2020-02-07T21:34:22.236+0800][gc,heap,coops] Heap address: 0x00000000c0000000, size: 1024 MB, Compressed Oops mode: 32-bit
[2020-02-07T21:34:22.236+0800][gc,cds       ] Mark closed archive regions in map: [0x00000000fff00000, 0x00000000fff69ff8]
[2020-02-07T21:34:22.236+0800][gc,cds       ] Mark open archive regions in map: [0x00000000ffe00000, 0x00000000ffe34ff8]
[2020-02-07T21:34:23.055+0800][gc,start     ] GC(0) Pause Young (Normal) (G1 Evacuation Pause)
[2020-02-07T21:34:23.055+0800][gc,task      ] GC(0) Using 8 workers of 8 for evacuation
[2020-02-07T21:34:23.064+0800][gc,phases    ] GC(0)   Pre Evacuate Collection Set: 0.0ms
[2020-02-07T21:34:23.064+0800][gc,phases    ] GC(0)   Evacuate Collection Set: 8.1ms
[2020-02-07T21:34:23.064+0800][gc,phases    ] GC(0)   Post Evacuate Collection Set: 0.4ms
[2020-02-07T21:34:23.064+0800][gc,phases    ] GC(0)   Other: 0.7ms
[2020-02-07T21:34:23.064+0800][gc,heap      ] GC(0) Eden regions: 51->0(44)
[2020-02-07T21:34:23.064+0800][gc,heap      ] GC(0) Survivor regions: 0->7(7)
[2020-02-07T21:34:23.064+0800][gc,heap      ] GC(0) Old regions: 2->2
[2020-02-07T21:34:23.064+0800][gc,heap      ] GC(0) Humongous regions: 1->1
[2020-02-07T21:34:23.064+0800][gc,metaspace ] GC(0) Metaspace: 14600K->14600K(1062912K)
[2020-02-07T21:34:23.064+0800][gc           ] GC(0) Pause Young (Normal) (G1 Evacuation Pause) 52M->7M(1024M) 9.384ms
[2020-02-07T21:34:23.064+0800][gc,cpu       ] GC(0) User=0.06s Sys=0.00s Real=0.01s
[2020-02-07T21:34:24.463+0800][gc,heap,exit ] Heap
[2020-02-07T21:34:24.463+0800][gc,heap,exit ]  garbage-first heap   total 1048576K, used 23444K [0x00000000c0000000, 0x0000000100000000)
[2020-02-07T21:34:24.463+0800][gc,heap,exit ]   region size 1024K, 23 young (23552K), 7 survivors (7168K)
[2020-02-07T21:34:24.463+0800][gc,heap,exit ]  Metaspace       used 17874K, capacity 18240K, committed 18688K, reserved 1064960K
[2020-02-07T21:34:24.463+0800][gc,heap,exit ]   class space    used 2436K, capacity 2544K, committed 2560K, reserved 1048576K
