[2020-02-08T13:51:05.309+0800][gc,heap       ] GC(86) Humongous regions: 130->130
[2020-02-08T13:51:05.309+0800][gc,metaspace  ] GC(86) Metaspace: 35688K->35688K(1081344K)
[2020-02-08T13:51:05.309+0800][gc            ] GC(86) Pause Young (Normal) (G1 Evacuation Pause) 219M->155M(1024M) 2.919ms
[2020-02-08T13:51:05.309+0800][gc,cpu        ] GC(86) User=0.00s Sys=0.00s Real=0.00s
[2020-02-08T13:51:05.685+0800][gc,start      ] GC(87) Pause Young (Normal) (G1 Evacuation Pause)
[2020-02-08T13:51:05.685+0800][gc,task       ] GC(87) Using 8 workers of 8 for evacuation
[2020-02-08T13:51:05.687+0800][gc,phases     ] GC(87)   Pre Evacuate Collection Set: 0.1ms
[2020-02-08T13:51:05.687+0800][gc,phases     ] GC(87)   Evacuate Collection Set: 1.4ms
[2020-02-08T13:51:05.687+0800][gc,phases     ] GC(87)   Post Evacuate Collection Set: 0.3ms
[2020-02-08T13:51:05.687+0800][gc,phases     ] GC(87)   Other: 0.6ms
[2020-02-08T13:51:05.687+0800][gc,heap       ] GC(87) Eden regions: 70->0(77)
[2020-02-08T13:51:05.687+0800][gc,heap       ] GC(87) Survivor regions: 1->1(9)
[2020-02-08T13:51:05.687+0800][gc,heap       ] GC(87) Old regions: 27->27
[2020-02-08T13:51:05.687+0800][gc,heap       ] GC(87) Humongous regions: 130->130
[2020-02-08T13:51:05.687+0800][gc,metaspace  ] GC(87) Metaspace: 35688K->35688K(1081344K)
[2020-02-08T13:51:05.687+0800][gc            ] GC(87) Pause Young (Normal) (G1 Evacuation Pause) 225M->155M(1024M) 2.459ms
[2020-02-08T13:51:05.687+0800][gc,cpu        ] GC(87) User=0.01s Sys=0.00s Real=0.00s
[2020-02-08T13:51:06.128+0800][gc,start      ] GC(88) Pause Young (Normal) (G1 Evacuation Pause)
[2020-02-08T13:51:06.128+0800][gc,task       ] GC(88) Using 8 workers of 8 for evacuation
[2020-02-08T13:51:06.129+0800][gc,phases     ] GC(88)   Pre Evacuate Collection Set: 0.0ms
[2020-02-08T13:51:06.129+0800][gc,phases     ] GC(88)   Evacuate Collection Set: 1.4ms
[2020-02-08T13:51:06.129+0800][gc,phases     ] GC(88)   Post Evacuate Collection Set: 0.2ms
[2020-02-08T13:51:06.129+0800][gc,phases     ] GC(88)   Other: 0.3ms
[2020-02-08T13:51:06.129+0800][gc,heap       ] GC(88) Eden regions: 77->0(87)
[2020-02-08T13:51:06.129+0800][gc,heap       ] GC(88) Survivor regions: 1->1(10)
[2020-02-08T13:51:06.130+0800][gc,heap       ] GC(88) Old regions: 27->27
[2020-02-08T13:51:06.130+0800][gc,heap       ] GC(88) Humongous regions: 130->130
[2020-02-08T13:51:06.130+0800][gc,metaspace  ] GC(88) Metaspace: 35688K->35688K(1081344K)
[2020-02-08T13:51:06.130+0800][gc            ] GC(88) Pause Young (Normal) (G1 Evacuation Pause) 232M->155M(1024M) 2.053ms
[2020-02-08T13:51:06.130+0800][gc,cpu        ] GC(88) User=0.01s Sys=0.00s Real=0.00s
[2020-02-08T13:51:06.603+0800][gc,start      ] GC(89) Pause Young (Normal) (G1 Evacuation Pause)
[2020-02-08T13:51:06.603+0800][gc,task       ] GC(89) Using 8 workers of 8 for evacuation
[2020-02-08T13:51:06.605+0800][gc,phases     ] GC(89)   Pre Evacuate Collection Set: 0.0ms
[2020-02-08T13:51:06.605+0800][gc,phases     ] GC(89)   Evacuate Collection Set: 1.3ms
[2020-02-08T13:51:06.605+0800][gc,phases     ] GC(89)   Post Evacuate Collection Set: 0.2ms
[2020-02-08T13:51:06.605+0800][gc,phases     ] GC(89)   Other: 0.2ms
[2020-02-08T13:51:06.605+0800][gc,heap       ] GC(89) Eden regions: 87->0(97)
[2020-02-08T13:51:06.605+0800][gc,heap       ] GC(89) Survivor regions: 1->1(11)
[2020-02-08T13:51:06.605+0800][gc,heap       ] GC(89) Old regions: 27->27
[2020-02-08T13:51:06.605+0800][gc,heap       ] GC(89) Humongous regions: 130->130
[2020-02-08T13:51:06.605+0800][gc,metaspace  ] GC(89) Metaspace: 35688K->35688K(1081344K)
[2020-02-08T13:51:06.605+0800][gc            ] GC(89) Pause Young (Normal) (G1 Evacuation Pause) 242M->155M(1024M) 1.867ms
[2020-02-08T13:51:06.605+0800][gc,cpu        ] GC(89) User=0.00s Sys=0.00s Real=0.00s
[2020-02-08T13:51:07.155+0800][gc,start      ] GC(90) Pause Young (Normal) (G1 Evacuation Pause)
[2020-02-08T13:51:07.155+0800][gc,task       ] GC(90) Using 8 workers of 8 for evacuation
[2020-02-08T13:51:07.157+0800][gc,phases     ] GC(90)   Pre Evacuate Collection Set: 0.0ms
[2020-02-08T13:51:07.157+0800][gc,phases     ] GC(90)   Evacuate Collection Set: 1.2ms
[2020-02-08T13:51:07.157+0800][gc,phases     ] GC(90)   Post Evacuate Collection Set: 0.2ms
[2020-02-08T13:51:07.157+0800][gc,phases     ] GC(90)   Other: 0.2ms
[2020-02-08T13:51:07.157+0800][gc,heap       ] GC(90) Eden regions: 97->0(110)
[2020-02-08T13:51:07.157+0800][gc,heap       ] GC(90) Survivor regions: 1->1(13)
[2020-02-08T13:51:07.157+0800][gc,heap       ] GC(90) Old regions: 27->28
[2020-02-08T13:51:07.157+0800][gc,heap       ] GC(90) Humongous regions: 130->130
[2020-02-08T13:51:07.157+0800][gc,metaspace  ] GC(90) Metaspace: 35688K->35688K(1081344K)
[2020-02-08T13:51:07.157+0800][gc            ] GC(90) Pause Young (Normal) (G1 Evacuation Pause) 252M->155M(1024M) 1.791ms
[2020-02-08T13:51:07.157+0800][gc,cpu        ] GC(90) User=0.00s Sys=0.00s Real=0.00s
[2020-02-08T13:51:07.743+0800][gc,start      ] GC(91) Pause Young (Normal) (G1 Evacuation Pause)
[2020-02-08T13:51:07.743+0800][gc,task       ] GC(91) Using 8 workers of 8 for evacuation
[2020-02-08T13:51:07.749+0800][gc,phases     ] GC(91)   Pre Evacuate Collection Set: 0.0ms
[2020-02-08T13:51:07.749+0800][gc,phases     ] GC(91)   Evacuate Collection Set: 5.4ms
[2020-02-08T13:51:07.749+0800][gc,phases     ] GC(91)   Post Evacuate Collection Set: 0.2ms
[2020-02-08T13:51:07.749+0800][gc,phases     ] GC(91)   Other: 0.2ms
[2020-02-08T13:51:07.749+0800][gc,heap       ] GC(91) Eden regions: 110->0(123)
[2020-02-08T13:51:07.749+0800][gc,heap       ] GC(91) Survivor regions: 1->1(14)
[2020-02-08T13:51:07.749+0800][gc,heap       ] GC(91) Old regions: 28->28
[2020-02-08T13:51:07.749+0800][gc,heap       ] GC(91) Humongous regions: 130->130
[2020-02-08T13:51:07.749+0800][gc,metaspace  ] GC(91) Metaspace: 35690K->35690K(1081344K)
[2020-02-08T13:51:07.749+0800][gc            ] GC(91) Pause Young (Normal) (G1 Evacuation Pause) 265M->156M(1024M) 6.029ms
[2020-02-08T13:51:07.749+0800][gc,cpu        ] GC(91) User=0.01s Sys=0.00s Real=0.00s
[2020-02-08T13:51:08.397+0800][gc,start      ] GC(92) Pause Young (Normal) (G1 Evacuation Pause)
[2020-02-08T13:51:08.397+0800][gc,task       ] GC(92) Using 8 workers of 8 for evacuation
[2020-02-08T13:51:08.399+0800][gc,phases     ] GC(92)   Pre Evacuate Collection Set: 0.0ms
[2020-02-08T13:51:08.399+0800][gc,phases     ] GC(92)   Evacuate Collection Set: 1.7ms
[2020-02-08T13:51:08.399+0800][gc,phases     ] GC(92)   Post Evacuate Collection Set: 0.2ms
[2020-02-08T13:51:08.399+0800][gc,phases     ] GC(92)   Other: 0.2ms
[2020-02-08T13:51:08.399+0800][gc,heap       ] GC(92) Eden regions: 123->0(139)
[2020-02-08T13:51:08.399+0800][gc,heap       ] GC(92) Survivor regions: 1->1(16)
[2020-02-08T13:51:08.399+0800][gc,heap       ] GC(92) Old regions: 28->28
[2020-02-08T13:51:08.399+0800][gc,heap       ] GC(92) Humongous regions: 130->130
[2020-02-08T13:51:08.399+0800][gc,metaspace  ] GC(92) Metaspace: 35690K->35690K(1081344K)
[2020-02-08T13:51:08.399+0800][gc            ] GC(92) Pause Young (Normal) (G1 Evacuation Pause) 279M->156M(1024M) 2.348ms
[2020-02-08T13:51:08.399+0800][gc,cpu        ] GC(92) User=0.00s Sys=0.00s Real=0.00s
[2020-02-08T13:51:09.174+0800][gc,start      ] GC(93) Pause Young (Normal) (G1 Evacuation Pause)
[2020-02-08T13:51:09.174+0800][gc,task       ] GC(93) Using 8 workers of 8 for evacuation
[2020-02-08T13:51:09.176+0800][gc,phases     ] GC(93)   Pre Evacuate Collection Set: 0.0ms
[2020-02-08T13:51:09.176+0800][gc,phases     ] GC(93)   Evacuate Collection Set: 1.5ms
[2020-02-08T13:51:09.176+0800][gc,phases     ] GC(93)   Post Evacuate Collection Set: 0.2ms
[2020-02-08T13:51:09.176+0800][gc,phases     ] GC(93)   Other: 0.2ms
[2020-02-08T13:51:09.176+0800][gc,heap       ] GC(93) Eden regions: 139->0(158)
[2020-02-08T13:51:09.176+0800][gc,heap       ] GC(93) Survivor regions: 1->1(18)
[2020-02-08T13:51:09.176+0800][gc,heap       ] GC(93) Old regions: 28->28
[2020-02-08T13:51:09.176+0800][gc,heap       ] GC(93) Humongous regions: 130->130
[2020-02-08T13:51:09.176+0800][gc,metaspace  ] GC(93) Metaspace: 35690K->35690K(1081344K)
[2020-02-08T13:51:09.176+0800][gc            ] GC(93) Pause Young (Normal) (G1 Evacuation Pause) 295M->156M(1024M) 2.111ms
[2020-02-08T13:51:09.176+0800][gc,cpu        ] GC(93) User=0.01s Sys=0.00s Real=0.00s
[2020-02-08T13:51:10.029+0800][gc,start      ] GC(94) Pause Young (Normal) (G1 Evacuation Pause)
[2020-02-08T13:51:10.029+0800][gc,task       ] GC(94) Using 8 workers of 8 for evacuation
[2020-02-08T13:51:10.031+0800][gc,phases     ] GC(94)   Pre Evacuate Collection Set: 0.0ms
[2020-02-08T13:51:10.031+0800][gc,phases     ] GC(94)   Evacuate Collection Set: 1.5ms
[2020-02-08T13:51:10.031+0800][gc,phases     ] GC(94)   Post Evacuate Collection Set: 0.2ms
[2020-02-08T13:51:10.031+0800][gc,phases     ] GC(94)   Other: 0.2ms
[2020-02-08T13:51:10.031+0800][gc,heap       ] GC(94) Eden regions: 158->0(183)
[2020-02-08T13:51:10.031+0800][gc,heap       ] GC(94) Survivor regions: 1->1(20)
[2020-02-08T13:51:10.031+0800][gc,heap       ] GC(94) Old regions: 28->28
[2020-02-08T13:51:10.031+0800][gc,heap       ] GC(94) Humongous regions: 130->130
[2020-02-08T13:51:10.031+0800][gc,metaspace  ] GC(94) Metaspace: 35690K->35690K(1081344K)
[2020-02-08T13:51:10.031+0800][gc            ] GC(94) Pause Young (Normal) (G1 Evacuation Pause) 314M->156M(1024M) 2.130ms
[2020-02-08T13:51:10.031+0800][gc,cpu        ] GC(94) User=0.00s Sys=0.01s Real=0.00s
[2020-02-08T13:51:11.119+0800][gc,start      ] GC(95) Pause Young (Normal) (G1 Evacuation Pause)
[2020-02-08T13:51:11.119+0800][gc,task       ] GC(95) Using 8 workers of 8 for evacuation
[2020-02-08T13:51:11.121+0800][gc,phases     ] GC(95)   Pre Evacuate Collection Set: 0.0ms
[2020-02-08T13:51:11.121+0800][gc,phases     ] GC(95)   Evacuate Collection Set: 1.7ms
[2020-02-08T13:51:11.121+0800][gc,phases     ] GC(95)   Post Evacuate Collection Set: 0.2ms
[2020-02-08T13:51:11.121+0800][gc,phases     ] GC(95)   Other: 0.2ms
[2020-02-08T13:51:11.121+0800][gc,heap       ] GC(95) Eden regions: 183->0(207)
[2020-02-08T13:51:11.121+0800][gc,heap       ] GC(95) Survivor regions: 1->1(23)
[2020-02-08T13:51:11.121+0800][gc,heap       ] GC(95) Old regions: 28->28
[2020-02-08T13:51:11.121+0800][gc,heap       ] GC(95) Humongous regions: 130->130
[2020-02-08T13:51:11.121+0800][gc,metaspace  ] GC(95) Metaspace: 35690K->35690K(1081344K)
[2020-02-08T13:51:11.121+0800][gc            ] GC(95) Pause Young (Normal) (G1 Evacuation Pause) 339M->156M(1024M) 2.365ms
[2020-02-08T13:51:11.121+0800][gc,cpu        ] GC(95) User=0.00s Sys=0.00s Real=0.01s
[2020-02-08T13:51:12.260+0800][gc,start      ] GC(96) Pause Young (Normal) (G1 Evacuation Pause)
[2020-02-08T13:51:12.260+0800][gc,task       ] GC(96) Using 8 workers of 8 for evacuation
[2020-02-08T13:51:12.262+0800][gc,phases     ] GC(96)   Pre Evacuate Collection Set: 0.0ms
[2020-02-08T13:51:12.262+0800][gc,phases     ] GC(96)   Evacuate Collection Set: 1.8ms
[2020-02-08T13:51:12.262+0800][gc,phases     ] GC(96)   Post Evacuate Collection Set: 0.2ms
[2020-02-08T13:51:12.262+0800][gc,phases     ] GC(96)   Other: 0.2ms
[2020-02-08T13:51:12.262+0800][gc,heap       ] GC(96) Eden regions: 207->0(235)
[2020-02-08T13:51:12.262+0800][gc,heap       ] GC(96) Survivor regions: 1->1(26)
[2020-02-08T13:51:12.262+0800][gc,heap       ] GC(96) Old regions: 28->28
[2020-02-08T13:51:12.262+0800][gc,heap       ] GC(96) Humongous regions: 130->130
[2020-02-08T13:51:12.262+0800][gc,metaspace  ] GC(96) Metaspace: 35690K->35690K(1081344K)
[2020-02-08T13:51:12.262+0800][gc            ] GC(96) Pause Young (Normal) (G1 Evacuation Pause) 363M->156M(1024M) 2.389ms
[2020-02-08T13:51:12.262+0800][gc,cpu        ] GC(96) User=0.01s Sys=0.00s Real=0.01s
[2020-02-08T13:51:13.503+0800][gc,start      ] GC(97) Pause Young (Normal) (G1 Evacuation Pause)
[2020-02-08T13:51:13.503+0800][gc,task       ] GC(97) Using 8 workers of 8 for evacuation
[2020-02-08T13:51:13.507+0800][gc,phases     ] GC(97)   Pre Evacuate Collection Set: 0.0ms
[2020-02-08T13:51:13.507+0800][gc,phases     ] GC(97)   Evacuate Collection Set: 2.8ms
[2020-02-08T13:51:13.507+0800][gc,phases     ] GC(97)   Post Evacuate Collection Set: 0.4ms
[2020-02-08T13:51:13.507+0800][gc,phases     ] GC(97)   Other: 0.2ms
[2020-02-08T13:51:13.507+0800][gc,heap       ] GC(97) Eden regions: 235->0(259)
[2020-02-08T13:51:13.507+0800][gc,heap       ] GC(97) Survivor regions: 1->1(30)
[2020-02-08T13:51:13.507+0800][gc,heap       ] GC(97) Old regions: 28->28
[2020-02-08T13:51:13.507+0800][gc,heap       ] GC(97) Humongous regions: 130->130
[2020-02-08T13:51:13.507+0800][gc,metaspace  ] GC(97) Metaspace: 35690K->35690K(1081344K)
[2020-02-08T13:51:13.507+0800][gc            ] GC(97) Pause Young (Normal) (G1 Evacuation Pause) 391M->156M(1024M) 3.710ms
[2020-02-08T13:51:13.507+0800][gc,cpu        ] GC(97) User=0.01s Sys=0.00s Real=0.00s
[2020-02-08T13:51:14.924+0800][gc,start      ] GC(98) Pause Young (Normal) (G1 Evacuation Pause)
[2020-02-08T13:51:14.924+0800][gc,task       ] GC(98) Using 8 workers of 8 for evacuation
[2020-02-08T13:51:14.926+0800][gc,phases     ] GC(98)   Pre Evacuate Collection Set: 0.1ms
[2020-02-08T13:51:14.926+0800][gc,phases     ] GC(98)   Evacuate Collection Set: 2.0ms
[2020-02-08T13:51:14.926+0800][gc,phases     ] GC(98)   Post Evacuate Collection Set: 0.3ms
[2020-02-08T13:51:14.926+0800][gc,phases     ] GC(98)   Other: 0.2ms
[2020-02-08T13:51:14.926+0800][gc,heap       ] GC(98) Eden regions: 259->0(286)
[2020-02-08T13:51:14.926+0800][gc,heap       ] GC(98) Survivor regions: 1->1(33)
[2020-02-08T13:51:14.926+0800][gc,heap       ] GC(98) Old regions: 28->28
[2020-02-08T13:51:14.926+0800][gc,heap       ] GC(98) Humongous regions: 130->130
[2020-02-08T13:51:14.926+0800][gc,metaspace  ] GC(98) Metaspace: 35690K->35690K(1081344K)
[2020-02-08T13:51:14.926+0800][gc            ] GC(98) Pause Young (Normal) (G1 Evacuation Pause) 415M->156M(1024M) 2.703ms
[2020-02-08T13:51:14.926+0800][gc,cpu        ] GC(98) User=0.00s Sys=0.00s Real=0.00s
[2020-02-08T13:51:16.510+0800][gc,start      ] GC(99) Pause Young (Normal) (G1 Evacuation Pause)
[2020-02-08T13:51:16.510+0800][gc,task       ] GC(99) Using 8 workers of 8 for evacuation
[2020-02-08T13:51:16.513+0800][gc,phases     ] GC(99)   Pre Evacuate Collection Set: 0.1ms
[2020-02-08T13:51:16.513+0800][gc,phases     ] GC(99)   Evacuate Collection Set: 2.3ms
[2020-02-08T13:51:16.513+0800][gc,phases     ] GC(99)   Post Evacuate Collection Set: 0.4ms
[2020-02-08T13:51:16.513+0800][gc,phases     ] GC(99)   Other: 0.3ms
[2020-02-08T13:51:16.513+0800][gc,heap       ] GC(99) Eden regions: 286->0(310)
[2020-02-08T13:51:16.513+0800][gc,heap       ] GC(99) Survivor regions: 1->1(36)
[2020-02-08T13:51:16.513+0800][gc,heap       ] GC(99) Old regions: 28->28
[2020-02-08T13:51:16.513+0800][gc,heap       ] GC(99) Humongous regions: 130->130
[2020-02-08T13:51:16.513+0800][gc,metaspace  ] GC(99) Metaspace: 35690K->35690K(1081344K)
[2020-02-08T13:51:16.513+0800][gc            ] GC(99) Pause Young (Normal) (G1 Evacuation Pause) 442M->156M(1024M) 3.107ms
[2020-02-08T13:51:16.513+0800][gc,cpu        ] GC(99) User=0.00s Sys=0.00s Real=0.01s
[2020-02-08T13:51:18.345+0800][gc,start      ] GC(100) Pause Young (Normal) (G1 Evacuation Pause)
[2020-02-08T13:51:18.345+0800][gc,task       ] GC(100) Using 8 workers of 8 for evacuation
[2020-02-08T13:51:18.347+0800][gc,phases     ] GC(100)   Pre Evacuate Collection Set: 0.0ms
[2020-02-08T13:51:18.347+0800][gc,phases     ] GC(100)   Evacuate Collection Set: 1.9ms
[2020-02-08T13:51:18.347+0800][gc,phases     ] GC(100)   Post Evacuate Collection Set: 0.3ms
[2020-02-08T13:51:18.347+0800][gc,phases     ] GC(100)   Other: 0.2ms
[2020-02-08T13:51:18.347+0800][gc,heap       ] GC(100) Eden regions: 310->0(338)
[2020-02-08T13:51:18.347+0800][gc,heap       ] GC(100) Survivor regions: 1->1(39)
[2020-02-08T13:51:18.347+0800][gc,heap       ] GC(100) Old regions: 28->28
[2020-02-08T13:51:18.347+0800][gc,heap       ] GC(100) Humongous regions: 130->130
[2020-02-08T13:51:18.347+0800][gc,metaspace  ] GC(100) Metaspace: 35690K->35690K(1081344K)
[2020-02-08T13:51:18.347+0800][gc            ] GC(100) Pause Young (Normal) (G1 Evacuation Pause) 466M->156M(1024M) 2.468ms
[2020-02-08T13:51:18.347+0800][gc,cpu        ] GC(100) User=0.00s Sys=0.00s Real=0.00s
[2020-02-08T13:51:20.299+0800][gc,start      ] GC(101) Pause Young (Normal) (G1 Evacuation Pause)
[2020-02-08T13:51:20.299+0800][gc,task       ] GC(101) Using 8 workers of 8 for evacuation
[2020-02-08T13:51:20.302+0800][gc,phases     ] GC(101)   Pre Evacuate Collection Set: 0.0ms
[2020-02-08T13:51:20.302+0800][gc,phases     ] GC(101)   Evacuate Collection Set: 2.2ms
[2020-02-08T13:51:20.302+0800][gc,phases     ] GC(101)   Post Evacuate Collection Set: 0.3ms
[2020-02-08T13:51:20.302+0800][gc,phases     ] GC(101)   Other: 0.3ms
[2020-02-08T13:51:20.302+0800][gc,heap       ] GC(101) Eden regions: 338->0(360)
[2020-02-08T13:51:20.302+0800][gc,heap       ] GC(101) Survivor regions: 1->1(43)
[2020-02-08T13:51:20.302+0800][gc,heap       ] GC(101) Old regions: 28->28
[2020-02-08T13:51:20.302+0800][gc,heap       ] GC(101) Humongous regions: 130->130
[2020-02-08T13:51:20.302+0800][gc,metaspace  ] GC(101) Metaspace: 35690K->35690K(1081344K)
[2020-02-08T13:51:20.302+0800][gc            ] GC(101) Pause Young (Normal) (G1 Evacuation Pause) 494M->156M(1024M) 2.923ms
[2020-02-08T13:51:20.302+0800][gc,cpu        ] GC(101) User=0.01s Sys=0.00s Real=0.01s
[2020-02-08T13:51:22.385+0800][gc,start      ] GC(102) Pause Young (Normal) (G1 Evacuation Pause)
[2020-02-08T13:51:22.385+0800][gc,task       ] GC(102) Using 8 workers of 8 for evacuation
[2020-02-08T13:51:22.387+0800][gc,phases     ] GC(102)   Pre Evacuate Collection Set: 0.0ms
[2020-02-08T13:51:22.387+0800][gc,phases     ] GC(102)   Evacuate Collection Set: 2.1ms
[2020-02-08T13:51:22.387+0800][gc,phases     ] GC(102)   Post Evacuate Collection Set: 0.4ms
[2020-02-08T13:51:22.387+0800][gc,phases     ] GC(102)   Other: 0.2ms
[2020-02-08T13:51:22.387+0800][gc,heap       ] GC(102) Eden regions: 360->0(383)
[2020-02-08T13:51:22.387+0800][gc,heap       ] GC(102) Survivor regions: 1->1(46)
[2020-02-08T13:51:22.387+0800][gc,heap       ] GC(102) Old regions: 28->28
[2020-02-08T13:51:22.387+0800][gc,heap       ] GC(102) Humongous regions: 130->130
[2020-02-08T13:51:22.387+0800][gc,metaspace  ] GC(102) Metaspace: 35690K->35690K(1081344K)
[2020-02-08T13:51:22.388+0800][gc            ] GC(102) Pause Young (Normal) (G1 Evacuation Pause) 516M->156M(1024M) 2.948ms
[2020-02-08T13:51:22.388+0800][gc,cpu        ] GC(102) User=0.00s Sys=0.00s Real=0.00s
[2020-02-08T13:51:24.501+0800][gc,start      ] GC(103) Pause Young (Normal) (G1 Evacuation Pause)
[2020-02-08T13:51:24.501+0800][gc,task       ] GC(103) Using 8 workers of 8 for evacuation
[2020-02-08T13:51:24.505+0800][gc,phases     ] GC(103)   Pre Evacuate Collection Set: 0.0ms
[2020-02-08T13:51:24.505+0800][gc,phases     ] GC(103)   Evacuate Collection Set: 3.2ms
[2020-02-08T13:51:24.505+0800][gc,phases     ] GC(103)   Post Evacuate Collection Set: 0.5ms
[2020-02-08T13:51:24.505+0800][gc,phases     ] GC(103)   Other: 0.3ms
[2020-02-08T13:51:24.505+0800][gc,heap       ] GC(103) Eden regions: 383->0(402)
[2020-02-08T13:51:24.505+0800][gc,heap       ] GC(103) Survivor regions: 1->1(48)
[2020-02-08T13:51:24.505+0800][gc,heap       ] GC(103) Old regions: 28->28
[2020-02-08T13:51:24.505+0800][gc,heap       ] GC(103) Humongous regions: 130->130
[2020-02-08T13:51:24.505+0800][gc,metaspace  ] GC(103) Metaspace: 35690K->35690K(1081344K)
[2020-02-08T13:51:24.505+0800][gc            ] GC(103) Pause Young (Normal) (G1 Evacuation Pause) 539M->156M(1024M) 4.089ms
[2020-02-08T13:51:24.505+0800][gc,cpu        ] GC(103) User=0.00s Sys=0.00s Real=0.00s
[2020-02-08T13:51:26.998+0800][gc,start      ] GC(104) Pause Young (Normal) (G1 Evacuation Pause)
[2020-02-08T13:51:26.998+0800][gc,task       ] GC(104) Using 8 workers of 8 for evacuation
[2020-02-08T13:51:27.001+0800][gc,phases     ] GC(104)   Pre Evacuate Collection Set: 0.0ms
[2020-02-08T13:51:27.001+0800][gc,phases     ] GC(104)   Evacuate Collection Set: 2.3ms
[2020-02-08T13:51:27.001+0800][gc,phases     ] GC(104)   Post Evacuate Collection Set: 0.4ms
[2020-02-08T13:51:27.001+0800][gc,phases     ] GC(104)   Other: 0.2ms
[2020-02-08T13:51:27.001+0800][gc,heap       ] GC(104) Eden regions: 402->0(420)
[2020-02-08T13:51:27.001+0800][gc,heap       ] GC(104) Survivor regions: 1->1(51)
[2020-02-08T13:51:27.001+0800][gc,heap       ] GC(104) Old regions: 28->28
[2020-02-08T13:51:27.001+0800][gc,heap       ] GC(104) Humongous regions: 130->130
[2020-02-08T13:51:27.001+0800][gc,metaspace  ] GC(104) Metaspace: 35690K->35690K(1081344K)
[2020-02-08T13:51:27.001+0800][gc            ] GC(104) Pause Young (Normal) (G1 Evacuation Pause) 558M->156M(1024M) 3.126ms
[2020-02-08T13:51:27.001+0800][gc,cpu        ] GC(104) User=0.01s Sys=0.00s Real=0.01s
[2020-02-08T13:51:29.472+0800][gc,start      ] GC(105) Pause Young (Normal) (G1 Evacuation Pause)
[2020-02-08T13:51:29.472+0800][gc,task       ] GC(105) Using 8 workers of 8 for evacuation
[2020-02-08T13:51:29.476+0800][gc,phases     ] GC(105)   Pre Evacuate Collection Set: 0.0ms
[2020-02-08T13:51:29.476+0800][gc,phases     ] GC(105)   Evacuate Collection Set: 2.5ms
[2020-02-08T13:51:29.476+0800][gc,phases     ] GC(105)   Post Evacuate Collection Set: 0.4ms
[2020-02-08T13:51:29.476+0800][gc,phases     ] GC(105)   Other: 0.3ms
[2020-02-08T13:51:29.476+0800][gc,heap       ] GC(105) Eden regions: 420->0(438)
[2020-02-08T13:51:29.476+0800][gc,heap       ] GC(105) Survivor regions: 1->1(53)
[2020-02-08T13:51:29.476+0800][gc,heap       ] GC(105) Old regions: 28->28
[2020-02-08T13:51:29.476+0800][gc,heap       ] GC(105) Humongous regions: 130->130
[2020-02-08T13:51:29.476+0800][gc,metaspace  ] GC(105) Metaspace: 35700K->35700K(1081344K)
[2020-02-08T13:51:29.476+0800][gc            ] GC(105) Pause Young (Normal) (G1 Evacuation Pause) 576M->156M(1024M) 3.323ms
[2020-02-08T13:51:29.476+0800][gc,cpu        ] GC(105) User=0.01s Sys=0.00s Real=0.01s
[2020-02-08T13:51:32.119+0800][gc,start      ] GC(106) Pause Young (Normal) (G1 Evacuation Pause)
[2020-02-08T13:51:32.119+0800][gc,task       ] GC(106) Using 8 workers of 8 for evacuation
[2020-02-08T13:51:32.125+0800][gc,phases     ] GC(106)   Pre Evacuate Collection Set: 0.0ms
[2020-02-08T13:51:32.125+0800][gc,phases     ] GC(106)   Evacuate Collection Set: 5.2ms
[2020-02-08T13:51:32.125+0800][gc,phases     ] GC(106)   Post Evacuate Collection Set: 0.5ms
[2020-02-08T13:51:32.125+0800][gc,phases     ] GC(106)   Other: 0.3ms
[2020-02-08T13:51:32.125+0800][gc,heap       ] GC(106) Eden regions: 438->0(456)
[2020-02-08T13:51:32.125+0800][gc,heap       ] GC(106) Survivor regions: 1->1(55)
[2020-02-08T13:51:32.125+0800][gc,heap       ] GC(106) Old regions: 28->28
[2020-02-08T13:51:32.125+0800][gc,heap       ] GC(106) Humongous regions: 130->130
[2020-02-08T13:51:32.125+0800][gc,metaspace  ] GC(106) Metaspace: 35701K->35701K(1081344K)
[2020-02-08T13:51:32.125+0800][gc            ] GC(106) Pause Young (Normal) (G1 Evacuation Pause) 594M->156M(1024M) 6.156ms
[2020-02-08T13:51:32.125+0800][gc,cpu        ] GC(106) User=0.01s Sys=0.00s Real=0.01s
[2020-02-08T13:51:34.620+0800][gc,start      ] GC(107) Pause Young (Normal) (G1 Evacuation Pause)
[2020-02-08T13:51:34.620+0800][gc,task       ] GC(107) Using 8 workers of 8 for evacuation
[2020-02-08T13:51:34.625+0800][gc,phases     ] GC(107)   Pre Evacuate Collection Set: 0.0ms
[2020-02-08T13:51:34.625+0800][gc,phases     ] GC(107)   Evacuate Collection Set: 4.0ms
[2020-02-08T13:51:34.625+0800][gc,phases     ] GC(107)   Post Evacuate Collection Set: 0.5ms
[2020-02-08T13:51:34.625+0800][gc,phases     ] GC(107)   Other: 0.3ms
[2020-02-08T13:51:34.625+0800][gc,heap       ] GC(107) Eden regions: 456->0(468)
[2020-02-08T13:51:34.625+0800][gc,heap       ] GC(107) Survivor regions: 1->1(58)
[2020-02-08T13:51:34.625+0800][gc,heap       ] GC(107) Old regions: 28->28
[2020-02-08T13:51:34.625+0800][gc,heap       ] GC(107) Humongous regions: 130->130
[2020-02-08T13:51:34.625+0800][gc,metaspace  ] GC(107) Metaspace: 35701K->35701K(1081344K)
[2020-02-08T13:51:34.625+0800][gc            ] GC(107) Pause Young (Normal) (G1 Evacuation Pause) 612M->156M(1024M) 4.935ms
[2020-02-08T13:51:34.625+0800][gc,cpu        ] GC(107) User=0.00s Sys=0.00s Real=0.01s
[2020-02-08T13:51:37.350+0800][gc,start      ] GC(108) Pause Young (Normal) (G1 Evacuation Pause)
[2020-02-08T13:51:37.350+0800][gc,task       ] GC(108) Using 8 workers of 8 for evacuation
[2020-02-08T13:51:37.357+0800][gc,phases     ] GC(108)   Pre Evacuate Collection Set: 0.0ms
[2020-02-08T13:51:37.357+0800][gc,phases     ] GC(108)   Evacuate Collection Set: 6.7ms
[2020-02-08T13:51:37.357+0800][gc,phases     ] GC(108)   Post Evacuate Collection Set: 0.4ms
[2020-02-08T13:51:37.357+0800][gc,phases     ] GC(108)   Other: 0.3ms
[2020-02-08T13:51:37.357+0800][gc,heap       ] GC(108) Eden regions: 468->0(481)
[2020-02-08T13:51:37.357+0800][gc,heap       ] GC(108) Survivor regions: 1->1(59)
[2020-02-08T13:51:37.357+0800][gc,heap       ] GC(108) Old regions: 28->28
[2020-02-08T13:51:37.357+0800][gc,heap       ] GC(108) Humongous regions: 130->130
[2020-02-08T13:51:37.357+0800][gc,metaspace  ] GC(108) Metaspace: 35701K->35701K(1081344K)
[2020-02-08T13:51:37.357+0800][gc            ] GC(108) Pause Young (Normal) (G1 Evacuation Pause) 624M->156M(1024M) 7.490ms
[2020-02-08T13:51:37.357+0800][gc,cpu        ] GC(108) User=0.01s Sys=0.00s Real=0.01s
[2020-02-08T13:51:39.988+0800][gc,start      ] GC(109) Pause Young (Normal) (G1 Evacuation Pause)
[2020-02-08T13:51:39.988+0800][gc,task       ] GC(109) Using 8 workers of 8 for evacuation
[2020-02-08T13:51:39.991+0800][gc,phases     ] GC(109)   Pre Evacuate Collection Set: 0.0ms
[2020-02-08T13:51:39.991+0800][gc,phases     ] GC(109)   Evacuate Collection Set: 2.2ms
[2020-02-08T13:51:39.991+0800][gc,phases     ] GC(109)   Post Evacuate Collection Set: 0.5ms
[2020-02-08T13:51:39.991+0800][gc,phases     ] GC(109)   Other: 0.3ms
[2020-02-08T13:51:39.991+0800][gc,heap       ] GC(109) Eden regions: 481->0(494)
[2020-02-08T13:51:39.991+0800][gc,heap       ] GC(109) Survivor regions: 1->1(61)
[2020-02-08T13:51:39.991+0800][gc,heap       ] GC(109) Old regions: 28->28
[2020-02-08T13:51:39.991+0800][gc,heap       ] GC(109) Humongous regions: 130->130
[2020-02-08T13:51:39.991+0800][gc,metaspace  ] GC(109) Metaspace: 35707K->35707K(1081344K)
[2020-02-08T13:51:39.991+0800][gc            ] GC(109) Pause Young (Normal) (G1 Evacuation Pause) 637M->156M(1024M) 3.167ms
[2020-02-08T13:51:39.991+0800][gc,cpu        ] GC(109) User=0.00s Sys=0.00s Real=0.00s
[2020-02-08T13:51:42.666+0800][gc,start      ] GC(110) Pause Young (Normal) (G1 Evacuation Pause)
[2020-02-08T13:51:42.666+0800][gc,task       ] GC(110) Using 8 workers of 8 for evacuation
[2020-02-08T13:51:42.673+0800][gc,phases     ] GC(110)   Pre Evacuate Collection Set: 0.0ms
[2020-02-08T13:51:42.673+0800][gc,phases     ] GC(110)   Evacuate Collection Set: 6.2ms
[2020-02-08T13:51:42.673+0800][gc,phases     ] GC(110)   Post Evacuate Collection Set: 0.6ms
[2020-02-08T13:51:42.673+0800][gc,phases     ] GC(110)   Other: 0.3ms
[2020-02-08T13:51:42.673+0800][gc,heap       ] GC(110) Eden regions: 494->0(504)
[2020-02-08T13:51:42.673+0800][gc,heap       ] GC(110) Survivor regions: 1->1(62)
[2020-02-08T13:51:42.673+0800][gc,heap       ] GC(110) Old regions: 28->28
[2020-02-08T13:51:42.673+0800][gc,heap       ] GC(110) Humongous regions: 130->130
[2020-02-08T13:51:42.673+0800][gc,metaspace  ] GC(110) Metaspace: 35707K->35707K(1081344K)
[2020-02-08T13:51:42.673+0800][gc            ] GC(110) Pause Young (Normal) (G1 Evacuation Pause) 650M->156M(1024M) 7.234ms
[2020-02-08T13:51:42.673+0800][gc,cpu        ] GC(110) User=0.01s Sys=0.00s Real=0.01s
[2020-02-08T13:51:45.481+0800][gc,start      ] GC(111) Pause Young (Normal) (G1 Evacuation Pause)
[2020-02-08T13:51:45.481+0800][gc,task       ] GC(111) Using 8 workers of 8 for evacuation
[2020-02-08T13:51:45.485+0800][gc,phases     ] GC(111)   Pre Evacuate Collection Set: 0.0ms
[2020-02-08T13:51:45.485+0800][gc,phases     ] GC(111)   Evacuate Collection Set: 3.2ms
[2020-02-08T13:51:45.485+0800][gc,phases     ] GC(111)   Post Evacuate Collection Set: 0.4ms
[2020-02-08T13:51:45.485+0800][gc,phases     ] GC(111)   Other: 0.3ms
[2020-02-08T13:51:45.485+0800][gc,heap       ] GC(111) Eden regions: 504->0(514)
[2020-02-08T13:51:45.485+0800][gc,heap       ] GC(111) Survivor regions: 1->1(64)
[2020-02-08T13:51:45.485+0800][gc,heap       ] GC(111) Old regions: 28->28
[2020-02-08T13:51:45.485+0800][gc,heap       ] GC(111) Humongous regions: 130->130
[2020-02-08T13:51:45.485+0800][gc,metaspace  ] GC(111) Metaspace: 35707K->35707K(1081344K)
[2020-02-08T13:51:45.485+0800][gc            ] GC(111) Pause Young (Normal) (G1 Evacuation Pause) 660M->156M(1024M) 4.052ms
[2020-02-08T13:51:45.485+0800][gc,cpu        ] GC(111) User=0.01s Sys=0.00s Real=0.00s
[2020-02-08T13:51:48.823+0800][gc,start      ] GC(112) Pause Young (Normal) (G1 Evacuation Pause)
[2020-02-08T13:51:48.823+0800][gc,task       ] GC(112) Using 8 workers of 8 for evacuation
[2020-02-08T13:51:48.827+0800][gc,phases     ] GC(112)   Pre Evacuate Collection Set: 0.0ms
[2020-02-08T13:51:48.827+0800][gc,phases     ] GC(112)   Evacuate Collection Set: 3.6ms
[2020-02-08T13:51:48.827+0800][gc,phases     ] GC(112)   Post Evacuate Collection Set: 0.5ms
[2020-02-08T13:51:48.827+0800][gc,phases     ] GC(112)   Other: 0.3ms
[2020-02-08T13:51:48.827+0800][gc,heap       ] GC(112) Eden regions: 514->0(525)
[2020-02-08T13:51:48.827+0800][gc,heap       ] GC(112) Survivor regions: 1->1(65)
[2020-02-08T13:51:48.827+0800][gc,heap       ] GC(112) Old regions: 28->28
[2020-02-08T13:51:48.827+0800][gc,heap       ] GC(112) Humongous regions: 130->130
[2020-02-08T13:51:48.827+0800][gc,metaspace  ] GC(112) Metaspace: 35707K->35707K(1081344K)
[2020-02-08T13:51:48.827+0800][gc            ] GC(112) Pause Young (Normal) (G1 Evacuation Pause) 670M->156M(1024M) 4.627ms
[2020-02-08T13:51:48.827+0800][gc,cpu        ] GC(112) User=0.01s Sys=0.00s Real=0.00s
[2020-02-08T13:51:52.892+0800][gc,start      ] GC(113) Pause Young (Normal) (G1 Evacuation Pause)
[2020-02-08T13:51:52.892+0800][gc,task       ] GC(113) Using 8 workers of 8 for evacuation
[2020-02-08T13:51:52.901+0800][gc,phases     ] GC(113)   Pre Evacuate Collection Set: 0.1ms
[2020-02-08T13:51:52.901+0800][gc,phases     ] GC(113)   Evacuate Collection Set: 8.5ms
[2020-02-08T13:51:52.901+0800][gc,phases     ] GC(113)   Post Evacuate Collection Set: 0.6ms
[2020-02-08T13:51:52.901+0800][gc,phases     ] GC(113)   Other: 0.3ms
[2020-02-08T13:51:52.901+0800][gc,heap       ] GC(113) Eden regions: 525->0(537)
[2020-02-08T13:51:52.901+0800][gc,heap       ] GC(113) Survivor regions: 1->1(66)
[2020-02-08T13:51:52.901+0800][gc,heap       ] GC(113) Old regions: 28->28
[2020-02-08T13:51:52.901+0800][gc,heap       ] GC(113) Humongous regions: 130->130
[2020-02-08T13:51:52.901+0800][gc,metaspace  ] GC(113) Metaspace: 35707K->35707K(1081344K)
[2020-02-08T13:51:52.901+0800][gc            ] GC(113) Pause Young (Normal) (G1 Evacuation Pause) 681M->157M(1024M) 9.533ms
[2020-02-08T13:51:52.901+0800][gc,cpu        ] GC(113) User=0.01s Sys=0.00s Real=0.02s
[2020-02-08T13:51:55.919+0800][gc,start      ] GC(114) Pause Young (Normal) (G1 Evacuation Pause)
[2020-02-08T13:51:55.919+0800][gc,task       ] GC(114) Using 8 workers of 8 for evacuation
[2020-02-08T13:51:55.925+0800][gc,phases     ] GC(114)   Pre Evacuate Collection Set: 0.0ms
[2020-02-08T13:51:55.925+0800][gc,phases     ] GC(114)   Evacuate Collection Set: 5.4ms
[2020-02-08T13:51:55.925+0800][gc,phases     ] GC(114)   Post Evacuate Collection Set: 0.5ms
[2020-02-08T13:51:55.925+0800][gc,phases     ] GC(114)   Other: 0.3ms
[2020-02-08T13:51:55.925+0800][gc,heap       ] GC(114) Eden regions: 537->0(546)
[2020-02-08T13:51:55.925+0800][gc,heap       ] GC(114) Survivor regions: 1->1(68)
[2020-02-08T13:51:55.925+0800][gc,heap       ] GC(114) Old regions: 28->28
[2020-02-08T13:51:55.925+0800][gc,heap       ] GC(114) Humongous regions: 130->130
[2020-02-08T13:51:55.925+0800][gc,metaspace  ] GC(114) Metaspace: 35707K->35707K(1081344K)
[2020-02-08T13:51:55.925+0800][gc            ] GC(114) Pause Young (Normal) (G1 Evacuation Pause) 694M->157M(1024M) 6.410ms
[2020-02-08T13:51:55.925+0800][gc,cpu        ] GC(114) User=0.01s Sys=0.00s Real=0.01s
[2020-02-08T13:51:58.945+0800][gc,start      ] GC(115) Pause Young (Normal) (G1 Evacuation Pause)
[2020-02-08T13:51:58.945+0800][gc,task       ] GC(115) Using 8 workers of 8 for evacuation
[2020-02-08T13:51:58.949+0800][gc,phases     ] GC(115)   Pre Evacuate Collection Set: 0.0ms
[2020-02-08T13:51:58.949+0800][gc,phases     ] GC(115)   Evacuate Collection Set: 3.5ms
[2020-02-08T13:51:58.949+0800][gc,phases     ] GC(115)   Post Evacuate Collection Set: 0.5ms
[2020-02-08T13:51:58.949+0800][gc,phases     ] GC(115)   Other: 0.3ms
[2020-02-08T13:51:58.949+0800][gc,heap       ] GC(115) Eden regions: 546->0(555)
[2020-02-08T13:51:58.949+0800][gc,heap       ] GC(115) Survivor regions: 1->1(69)
[2020-02-08T13:51:58.949+0800][gc,heap       ] GC(115) Old regions: 28->28
[2020-02-08T13:51:58.949+0800][gc,heap       ] GC(115) Humongous regions: 130->130
[2020-02-08T13:51:58.949+0800][gc,metaspace  ] GC(115) Metaspace: 35707K->35707K(1081344K)
[2020-02-08T13:51:58.949+0800][gc            ] GC(115) Pause Young (Normal) (G1 Evacuation Pause) 703M->157M(1024M) 4.599ms
[2020-02-08T13:51:58.949+0800][gc,cpu        ] GC(115) User=0.01s Sys=0.00s Real=0.00s
[2020-02-08T13:52:01.987+0800][gc,start      ] GC(116) Pause Young (Normal) (G1 Evacuation Pause)
[2020-02-08T13:52:01.987+0800][gc,task       ] GC(116) Using 8 workers of 8 for evacuation
[2020-02-08T13:52:01.992+0800][gc,phases     ] GC(116)   Pre Evacuate Collection Set: 0.0ms
[2020-02-08T13:52:01.992+0800][gc,phases     ] GC(116)   Evacuate Collection Set: 3.9ms
[2020-02-08T13:52:01.992+0800][gc,phases     ] GC(116)   Post Evacuate Collection Set: 0.5ms
[2020-02-08T13:52:01.992+0800][gc,phases     ] GC(116)   Other: 0.2ms
[2020-02-08T13:52:01.992+0800][gc,heap       ] GC(116) Eden regions: 555->0(563)
[2020-02-08T13:52:01.992+0800][gc,heap       ] GC(116) Survivor regions: 1->1(70)
[2020-02-08T13:52:01.992+0800][gc,heap       ] GC(116) Old regions: 28->28
[2020-02-08T13:52:01.992+0800][gc,heap       ] GC(116) Humongous regions: 130->130
[2020-02-08T13:52:01.992+0800][gc,metaspace  ] GC(116) Metaspace: 35707K->35707K(1081344K)
[2020-02-08T13:52:01.992+0800][gc            ] GC(116) Pause Young (Normal) (G1 Evacuation Pause) 712M->157M(1024M) 4.836ms
[2020-02-08T13:52:01.992+0800][gc,cpu        ] GC(116) User=0.02s Sys=0.00s Real=0.00s
[2020-02-08T13:52:05.067+0800][gc,start      ] GC(117) Pause Young (Normal) (G1 Evacuation Pause)
[2020-02-08T13:52:05.067+0800][gc,task       ] GC(117) Using 8 workers of 8 for evacuation
[2020-02-08T13:52:05.073+0800][gc,phases     ] GC(117)   Pre Evacuate Collection Set: 0.0ms
[2020-02-08T13:52:05.073+0800][gc,phases     ] GC(117)   Evacuate Collection Set: 5.2ms
[2020-02-08T13:52:05.073+0800][gc,phases     ] GC(117)   Post Evacuate Collection Set: 0.6ms
[2020-02-08T13:52:05.073+0800][gc,phases     ] GC(117)   Other: 0.3ms
[2020-02-08T13:52:05.073+0800][gc,heap       ] GC(117) Eden regions: 563->0(570)
[2020-02-08T13:52:05.073+0800][gc,heap       ] GC(117) Survivor regions: 1->1(71)
[2020-02-08T13:52:05.073+0800][gc,heap       ] GC(117) Old regions: 28->28
[2020-02-08T13:52:05.073+0800][gc,heap       ] GC(117) Humongous regions: 130->130
[2020-02-08T13:52:05.073+0800][gc,metaspace  ] GC(117) Metaspace: 35708K->35708K(1081344K)
[2020-02-08T13:52:05.073+0800][gc            ] GC(117) Pause Young (Normal) (G1 Evacuation Pause) 720M->157M(1024M) 6.332ms
[2020-02-08T13:52:05.073+0800][gc,cpu        ] GC(117) User=0.02s Sys=0.00s Real=0.01s
[2020-02-08T13:52:08.190+0800][gc,start      ] GC(118) Pause Young (Normal) (G1 Evacuation Pause)
[2020-02-08T13:52:08.190+0800][gc,task       ] GC(118) Using 8 workers of 8 for evacuation
[2020-02-08T13:52:08.193+0800][gc,phases     ] GC(118)   Pre Evacuate Collection Set: 0.0ms
[2020-02-08T13:52:08.193+0800][gc,phases     ] GC(118)   Evacuate Collection Set: 2.3ms
[2020-02-08T13:52:08.193+0800][gc,phases     ] GC(118)   Post Evacuate Collection Set: 0.5ms
[2020-02-08T13:52:08.193+0800][gc,phases     ] GC(118)   Other: 0.3ms
[2020-02-08T13:52:08.193+0800][gc,heap       ] GC(118) Eden regions: 570->0(580)
[2020-02-08T13:52:08.193+0800][gc,heap       ] GC(118) Survivor regions: 1->1(72)
[2020-02-08T13:52:08.193+0800][gc,heap       ] GC(118) Old regions: 28->28
[2020-02-08T13:52:08.193+0800][gc,heap       ] GC(118) Humongous regions: 130->130
[2020-02-08T13:52:08.193+0800][gc,metaspace  ] GC(118) Metaspace: 35708K->35708K(1081344K)
[2020-02-08T13:52:08.193+0800][gc            ] GC(118) Pause Young (Normal) (G1 Evacuation Pause) 727M->157M(1024M) 3.199ms
[2020-02-08T13:52:08.193+0800][gc,cpu        ] GC(118) User=0.01s Sys=0.00s Real=0.01s
[2020-02-08T13:52:11.350+0800][gc,start      ] GC(119) Pause Young (Normal) (G1 Evacuation Pause)
[2020-02-08T13:52:11.350+0800][gc,task       ] GC(119) Using 8 workers of 8 for evacuation
[2020-02-08T13:52:11.355+0800][gc,phases     ] GC(119)   Pre Evacuate Collection Set: 0.0ms
[2020-02-08T13:52:11.355+0800][gc,phases     ] GC(119)   Evacuate Collection Set: 3.6ms
[2020-02-08T13:52:11.355+0800][gc,phases     ] GC(119)   Post Evacuate Collection Set: 0.9ms
[2020-02-08T13:52:11.355+0800][gc,phases     ] GC(119)   Other: 0.3ms
[2020-02-08T13:52:11.355+0800][gc,heap       ] GC(119) Eden regions: 580->0(587)
[2020-02-08T13:52:11.355+0800][gc,heap       ] GC(119) Survivor regions: 1->1(73)
[2020-02-08T13:52:11.355+0800][gc,heap       ] GC(119) Old regions: 28->28
[2020-02-08T13:52:11.355+0800][gc,heap       ] GC(119) Humongous regions: 130->130
[2020-02-08T13:52:11.355+0800][gc,metaspace  ] GC(119) Metaspace: 35708K->35708K(1081344K)
[2020-02-08T13:52:11.355+0800][gc            ] GC(119) Pause Young (Normal) (G1 Evacuation Pause) 737M->157M(1024M) 4.896ms
[2020-02-08T13:52:11.355+0800][gc,cpu        ] GC(119) User=0.01s Sys=0.00s Real=0.01s
[2020-02-08T13:52:14.863+0800][gc,start      ] GC(120) Pause Young (Normal) (G1 Evacuation Pause)
[2020-02-08T13:52:14.863+0800][gc,task       ] GC(120) Using 8 workers of 8 for evacuation
[2020-02-08T13:52:14.881+0800][gc,phases     ] GC(120)   Pre Evacuate Collection Set: 0.0ms
[2020-02-08T13:52:14.881+0800][gc,phases     ] GC(120)   Evacuate Collection Set: 17.2ms
[2020-02-08T13:52:14.881+0800][gc,phases     ] GC(120)   Post Evacuate Collection Set: 0.6ms
[2020-02-08T13:52:14.881+0800][gc,phases     ] GC(120)   Other: 0.3ms
[2020-02-08T13:52:14.881+0800][gc,heap       ] GC(120) Eden regions: 587->0(549)
[2020-02-08T13:52:14.881+0800][gc,heap       ] GC(120) Survivor regions: 1->1(74)
[2020-02-08T13:52:14.881+0800][gc,heap       ] GC(120) Old regions: 28->28
[2020-02-08T13:52:14.881+0800][gc,heap       ] GC(120) Humongous regions: 130->130
[2020-02-08T13:52:14.881+0800][gc,metaspace  ] GC(120) Metaspace: 35708K->35708K(1081344K)
[2020-02-08T13:52:14.881+0800][gc            ] GC(120) Pause Young (Normal) (G1 Evacuation Pause) 744M->157M(1024M) 18.291ms
[2020-02-08T13:52:14.881+0800][gc,cpu        ] GC(120) User=0.02s Sys=0.01s Real=0.02s
[2020-02-08T13:52:18.164+0800][gc,start      ] GC(121) Pause Young (Normal) (G1 Evacuation Pause)
[2020-02-08T13:52:18.164+0800][gc,task       ] GC(121) Using 8 workers of 8 for evacuation
[2020-02-08T13:52:18.174+0800][gc,phases     ] GC(121)   Pre Evacuate Collection Set: 0.0ms
[2020-02-08T13:52:18.174+0800][gc,phases     ] GC(121)   Evacuate Collection Set: 8.9ms
[2020-02-08T13:52:18.174+0800][gc,phases     ] GC(121)   Post Evacuate Collection Set: 0.7ms
[2020-02-08T13:52:18.174+0800][gc,phases     ] GC(121)   Other: 0.3ms
[2020-02-08T13:52:18.174+0800][gc,heap       ] GC(121) Eden regions: 549->0(548)
[2020-02-08T13:52:18.174+0800][gc,heap       ] GC(121) Survivor regions: 1->2(69)
[2020-02-08T13:52:18.174+0800][gc,heap       ] GC(121) Old regions: 28->29
[2020-02-08T13:52:18.174+0800][gc,heap       ] GC(121) Humongous regions: 130->130
[2020-02-08T13:52:18.175+0800][gc,metaspace  ] GC(121) Metaspace: 35713K->35713K(1081344K)
[2020-02-08T13:52:18.175+0800][gc            ] GC(121) Pause Young (Normal) (G1 Evacuation Pause) 706M->157M(1024M) 10.123ms
[2020-02-08T13:52:18.175+0800][gc,cpu        ] GC(121) User=0.02s Sys=0.00s Real=0.01s
[2020-02-08T13:52:21.360+0800][gc,start      ] GC(122) Pause Young (Normal) (G1 Evacuation Pause)
[2020-02-08T13:52:21.360+0800][gc,task       ] GC(122) Using 8 workers of 8 for evacuation
[2020-02-08T13:52:21.391+0800][gc,mmu        ] GC(122) MMU target violated: 21.0ms (20.0ms/21.0ms)
[2020-02-08T13:52:21.391+0800][gc,phases     ] GC(122)   Pre Evacuate Collection Set: 0.0ms
[2020-02-08T13:52:21.391+0800][gc,phases     ] GC(122)   Evacuate Collection Set: 29.8ms
[2020-02-08T13:52:21.391+0800][gc,phases     ] GC(122)   Post Evacuate Collection Set: 0.6ms
[2020-02-08T13:52:21.391+0800][gc,phases     ] GC(122)   Other: 0.4ms
[2020-02-08T13:52:21.391+0800][gc,heap       ] GC(122) Eden regions: 548->0(546)
[2020-02-08T13:52:21.391+0800][gc,heap       ] GC(122) Survivor regions: 2->1(69)
[2020-02-08T13:52:21.391+0800][gc,heap       ] GC(122) Old regions: 29->29
[2020-02-08T13:52:21.391+0800][gc,heap       ] GC(122) Humongous regions: 130->130
[2020-02-08T13:52:21.391+0800][gc,metaspace  ] GC(122) Metaspace: 35713K->35713K(1081344K)
[2020-02-08T13:52:21.391+0800][gc            ] GC(122) Pause Young (Normal) (G1 Evacuation Pause) 705M->157M(1024M) 30.921ms
[2020-02-08T13:52:21.391+0800][gc,cpu        ] GC(122) User=0.05s Sys=0.00s Real=0.03s
[2020-02-08T13:52:24.356+0800][gc,start      ] GC(123) Pause Young (Normal) (G1 Evacuation Pause)
[2020-02-08T13:52:24.356+0800][gc,task       ] GC(123) Using 8 workers of 8 for evacuation
[2020-02-08T13:52:24.363+0800][gc,phases     ] GC(123)   Pre Evacuate Collection Set: 0.0ms
[2020-02-08T13:52:24.363+0800][gc,phases     ] GC(123)   Evacuate Collection Set: 5.8ms
[2020-02-08T13:52:24.363+0800][gc,phases     ] GC(123)   Post Evacuate Collection Set: 0.6ms
[2020-02-08T13:52:24.363+0800][gc,phases     ] GC(123)   Other: 0.3ms
[2020-02-08T13:52:24.363+0800][gc,heap       ] GC(123) Eden regions: 546->0(549)
[2020-02-08T13:52:24.363+0800][gc,heap       ] GC(123) Survivor regions: 1->1(69)
[2020-02-08T13:52:24.363+0800][gc,heap       ] GC(123) Old regions: 29->29
[2020-02-08T13:52:24.363+0800][gc,heap       ] GC(123) Humongous regions: 130->130
[2020-02-08T13:52:24.363+0800][gc,metaspace  ] GC(123) Metaspace: 35719K->35719K(1081344K)
[2020-02-08T13:52:24.363+0800][gc            ] GC(123) Pause Young (Normal) (G1 Evacuation Pause) 703M->157M(1024M) 6.933ms
[2020-02-08T13:52:24.363+0800][gc,cpu        ] GC(123) User=0.01s Sys=0.00s Real=0.01s
[2020-02-08T13:52:27.489+0800][gc,start      ] GC(124) Pause Young (Normal) (G1 Evacuation Pause)
[2020-02-08T13:52:27.489+0800][gc,task       ] GC(124) Using 8 workers of 8 for evacuation
[2020-02-08T13:52:27.512+0800][gc,mmu        ] GC(124) MMU target violated: 21.0ms (20.0ms/21.0ms)
[2020-02-08T13:52:27.512+0800][gc,phases     ] GC(124)   Pre Evacuate Collection Set: 0.0ms
[2020-02-08T13:52:27.512+0800][gc,phases     ] GC(124)   Evacuate Collection Set: 21.6ms
[2020-02-08T13:52:27.512+0800][gc,phases     ] GC(124)   Post Evacuate Collection Set: 0.5ms
[2020-02-08T13:52:27.512+0800][gc,phases     ] GC(124)   Other: 0.3ms
[2020-02-08T13:52:27.512+0800][gc,heap       ] GC(124) Eden regions: 549->0(550)
[2020-02-08T13:52:27.512+0800][gc,heap       ] GC(124) Survivor regions: 1->1(69)
[2020-02-08T13:52:27.512+0800][gc,heap       ] GC(124) Old regions: 29->29
[2020-02-08T13:52:27.512+0800][gc,heap       ] GC(124) Humongous regions: 130->130
[2020-02-08T13:52:27.512+0800][gc,metaspace  ] GC(124) Metaspace: 35719K->35719K(1081344K)
[2020-02-08T13:52:27.512+0800][gc            ] GC(124) Pause Young (Normal) (G1 Evacuation Pause) 706M->157M(1024M) 22.599ms
[2020-02-08T13:52:27.512+0800][gc,cpu        ] GC(124) User=0.03s Sys=0.00s Real=0.02s
[2020-02-08T13:52:30.673+0800][gc,start      ] GC(125) Pause Young (Normal) (G1 Evacuation Pause)
[2020-02-08T13:52:30.673+0800][gc,task       ] GC(125) Using 8 workers of 8 for evacuation
[2020-02-08T13:52:30.680+0800][gc,phases     ] GC(125)   Pre Evacuate Collection Set: 0.0ms
[2020-02-08T13:52:30.680+0800][gc,phases     ] GC(125)   Evacuate Collection Set: 5.9ms
[2020-02-08T13:52:30.680+0800][gc,phases     ] GC(125)   Post Evacuate Collection Set: 0.5ms
[2020-02-08T13:52:30.680+0800][gc,phases     ] GC(125)   Other: 0.3ms
[2020-02-08T13:52:30.680+0800][gc,heap       ] GC(125) Eden regions: 550->0(553)
[2020-02-08T13:52:30.680+0800][gc,heap       ] GC(125) Survivor regions: 1->1(69)
[2020-02-08T13:52:30.680+0800][gc,heap       ] GC(125) Old regions: 29->29
[2020-02-08T13:52:30.680+0800][gc,heap       ] GC(125) Humongous regions: 130->130
[2020-02-08T13:52:30.680+0800][gc,metaspace  ] GC(125) Metaspace: 35719K->35719K(1081344K)
[2020-02-08T13:52:30.680+0800][gc            ] GC(125) Pause Young (Normal) (G1 Evacuation Pause) 707M->157M(1024M) 6.864ms
[2020-02-08T13:52:30.680+0800][gc,cpu        ] GC(125) User=0.01s Sys=0.00s Real=0.00s
[2020-02-08T13:52:33.716+0800][gc,start      ] GC(126) Pause Young (Normal) (G1 Evacuation Pause)
[2020-02-08T13:52:33.716+0800][gc,task       ] GC(126) Using 8 workers of 8 for evacuation
[2020-02-08T13:52:33.748+0800][gc,mmu        ] GC(126) MMU target violated: 21.0ms (20.0ms/21.0ms)
[2020-02-08T13:52:33.748+0800][gc,phases     ] GC(126)   Pre Evacuate Collection Set: 0.0ms
[2020-02-08T13:52:33.748+0800][gc,phases     ] GC(126)   Evacuate Collection Set: 31.8ms
[2020-02-08T13:52:33.748+0800][gc,phases     ] GC(126)   Post Evacuate Collection Set: 0.5ms
[2020-02-08T13:52:33.748+0800][gc,phases     ] GC(126)   Other: 0.3ms
[2020-02-08T13:52:33.748+0800][gc,heap       ] GC(126) Eden regions: 553->0(556)
[2020-02-08T13:52:33.748+0800][gc,heap       ] GC(126) Survivor regions: 1->1(70)
[2020-02-08T13:52:33.748+0800][gc,heap       ] GC(126) Old regions: 29->29
[2020-02-08T13:52:33.748+0800][gc,heap       ] GC(126) Humongous regions: 130->130
[2020-02-08T13:52:33.748+0800][gc,metaspace  ] GC(126) Metaspace: 35722K->35722K(1081344K)
[2020-02-08T13:52:33.748+0800][gc            ] GC(126) Pause Young (Normal) (G1 Evacuation Pause) 710M->157M(1024M) 32.711ms
[2020-02-08T13:52:33.748+0800][gc,cpu        ] GC(126) User=0.06s Sys=0.01s Real=0.03s
[2020-02-08T13:52:37.215+0800][gc,start      ] GC(127) Pause Young (Normal) (G1 Evacuation Pause)
[2020-02-08T13:52:37.215+0800][gc,task       ] GC(127) Using 8 workers of 8 for evacuation
[2020-02-08T13:52:37.220+0800][gc,phases     ] GC(127)   Pre Evacuate Collection Set: 0.0ms
[2020-02-08T13:52:37.220+0800][gc,phases     ] GC(127)   Evacuate Collection Set: 4.7ms
[2020-02-08T13:52:37.220+0800][gc,phases     ] GC(127)   Post Evacuate Collection Set: 0.6ms
[2020-02-08T13:52:37.220+0800][gc,phases     ] GC(127)   Other: 0.3ms
[2020-02-08T13:52:37.220+0800][gc,heap       ] GC(127) Eden regions: 556->0(560)
[2020-02-08T13:52:37.220+0800][gc,heap       ] GC(127) Survivor regions: 1->1(70)
[2020-02-08T13:52:37.220+0800][gc,heap       ] GC(127) Old regions: 29->29
[2020-02-08T13:52:37.220+0800][gc,heap       ] GC(127) Humongous regions: 130->130
[2020-02-08T13:52:37.220+0800][gc,metaspace  ] GC(127) Metaspace: 35732K->35732K(1081344K)
[2020-02-08T13:52:37.220+0800][gc            ] GC(127) Pause Young (Normal) (G1 Evacuation Pause) 713M->158M(1024M) 5.765ms
[2020-02-08T13:52:37.220+0800][gc,cpu        ] GC(127) User=0.01s Sys=0.00s Real=0.01s
[2020-02-08T13:52:40.973+0800][gc,start      ] GC(128) Pause Young (Normal) (G1 Evacuation Pause)
[2020-02-08T13:52:40.973+0800][gc,task       ] GC(128) Using 8 workers of 8 for evacuation
[2020-02-08T13:52:41.002+0800][gc,mmu        ] GC(128) MMU target violated: 21.0ms (20.0ms/21.0ms)
[2020-02-08T13:52:41.002+0800][gc,phases     ] GC(128)   Pre Evacuate Collection Set: 0.0ms
[2020-02-08T13:52:41.002+0800][gc,phases     ] GC(128)   Evacuate Collection Set: 28.1ms
[2020-02-08T13:52:41.002+0800][gc,phases     ] GC(128)   Post Evacuate Collection Set: 0.6ms
[2020-02-08T13:52:41.002+0800][gc,phases     ] GC(128)   Other: 0.3ms
[2020-02-08T13:52:41.002+0800][gc,heap       ] GC(128) Eden regions: 560->0(563)
[2020-02-08T13:52:41.002+0800][gc,heap       ] GC(128) Survivor regions: 1->1(71)
[2020-02-08T13:52:41.002+0800][gc,heap       ] GC(128) Old regions: 29->29
[2020-02-08T13:52:41.002+0800][gc,heap       ] GC(128) Humongous regions: 130->130
[2020-02-08T13:52:41.002+0800][gc,metaspace  ] GC(128) Metaspace: 35732K->35732K(1081344K)
[2020-02-08T13:52:41.002+0800][gc            ] GC(128) Pause Young (Normal) (G1 Evacuation Pause) 718M->158M(1024M) 29.048ms
[2020-02-08T13:52:41.002+0800][gc,cpu        ] GC(128) User=0.06s Sys=0.00s Real=0.03s
[2020-02-08T13:52:44.119+0800][gc,start      ] GC(129) Pause Young (Normal) (G1 Evacuation Pause)
[2020-02-08T13:52:44.119+0800][gc,task       ] GC(129) Using 8 workers of 8 for evacuation
[2020-02-08T13:52:44.125+0800][gc,phases     ] GC(129)   Pre Evacuate Collection Set: 0.0ms
[2020-02-08T13:52:44.126+0800][gc,phases     ] GC(129)   Evacuate Collection Set: 5.6ms
[2020-02-08T13:52:44.126+0800][gc,phases     ] GC(129)   Post Evacuate Collection Set: 0.5ms
[2020-02-08T13:52:44.126+0800][gc,phases     ] GC(129)   Other: 0.2ms
[2020-02-08T13:52:44.126+0800][gc,heap       ] GC(129) Eden regions: 563->0(569)
[2020-02-08T13:52:44.126+0800][gc,heap       ] GC(129) Survivor regions: 1->1(71)
[2020-02-08T13:52:44.126+0800][gc,heap       ] GC(129) Old regions: 29->29
[2020-02-08T13:52:44.126+0800][gc,heap       ] GC(129) Humongous regions: 130->130
[2020-02-08T13:52:44.126+0800][gc,metaspace  ] GC(129) Metaspace: 35732K->35732K(1081344K)
[2020-02-08T13:52:44.126+0800][gc            ] GC(129) Pause Young (Normal) (G1 Evacuation Pause) 721M->158M(1024M) 6.482ms
[2020-02-08T13:52:44.126+0800][gc,cpu        ] GC(129) User=0.01s Sys=0.00s Real=0.01s
[2020-02-08T13:52:47.306+0800][gc,start      ] GC(130) Pause Young (Normal) (G1 Evacuation Pause)
[2020-02-08T13:52:47.306+0800][gc,task       ] GC(130) Using 8 workers of 8 for evacuation
[2020-02-08T13:52:47.311+0800][gc,phases     ] GC(130)   Pre Evacuate Collection Set: 0.0ms
[2020-02-08T13:52:47.311+0800][gc,phases     ] GC(130)   Evacuate Collection Set: 3.8ms
[2020-02-08T13:52:47.311+0800][gc,phases     ] GC(130)   Post Evacuate Collection Set: 0.4ms
[2020-02-08T13:52:47.311+0800][gc,phases     ] GC(130)   Other: 0.3ms
[2020-02-08T13:52:47.311+0800][gc,heap       ] GC(130) Eden regions: 569->0(574)
[2020-02-08T13:52:47.311+0800][gc,heap       ] GC(130) Survivor regions: 1->1(72)
[2020-02-08T13:52:47.311+0800][gc,heap       ] GC(130) Old regions: 29->29
[2020-02-08T13:52:47.311+0800][gc,heap       ] GC(130) Humongous regions: 130->130
[2020-02-08T13:52:47.311+0800][gc,metaspace  ] GC(130) Metaspace: 35732K->35732K(1081344K)
[2020-02-08T13:52:47.311+0800][gc            ] GC(130) Pause Young (Normal) (G1 Evacuation Pause) 727M->158M(1024M) 4.655ms
[2020-02-08T13:52:47.311+0800][gc,cpu        ] GC(130) User=0.01s Sys=0.00s Real=0.00s
[2020-02-08T13:52:50.491+0800][gc,start      ] GC(131) Pause Young (Normal) (G1 Evacuation Pause)
[2020-02-08T13:52:50.491+0800][gc,task       ] GC(131) Using 8 workers of 8 for evacuation
[2020-02-08T13:52:50.495+0800][gc,phases     ] GC(131)   Pre Evacuate Collection Set: 0.0ms
[2020-02-08T13:52:50.495+0800][gc,phases     ] GC(131)   Evacuate Collection Set: 3.0ms
[2020-02-08T13:52:50.495+0800][gc,phases     ] GC(131)   Post Evacuate Collection Set: 0.6ms
[2020-02-08T13:52:50.495+0800][gc,phases     ] GC(131)   Other: 0.3ms
[2020-02-08T13:52:50.495+0800][gc,heap       ] GC(131) Eden regions: 574->0(580)
[2020-02-08T13:52:50.495+0800][gc,heap       ] GC(131) Survivor regions: 1->1(72)
[2020-02-08T13:52:50.495+0800][gc,heap       ] GC(131) Old regions: 29->29
[2020-02-08T13:52:50.495+0800][gc,heap       ] GC(131) Humongous regions: 130->130
[2020-02-08T13:52:50.495+0800][gc,metaspace  ] GC(131) Metaspace: 35732K->35732K(1081344K)
[2020-02-08T13:52:50.495+0800][gc            ] GC(131) Pause Young (Normal) (G1 Evacuation Pause) 732M->158M(1024M) 4.050ms
[2020-02-08T13:52:50.495+0800][gc,cpu        ] GC(131) User=0.02s Sys=0.00s Real=0.01s
[2020-02-08T13:52:54.079+0800][gc,start      ] GC(132) Pause Young (Normal) (G1 Evacuation Pause)
[2020-02-08T13:52:54.079+0800][gc,task       ] GC(132) Using 8 workers of 8 for evacuation
[2020-02-08T13:52:54.089+0800][gc,phases     ] GC(132)   Pre Evacuate Collection Set: 0.0ms
[2020-02-08T13:52:54.089+0800][gc,phases     ] GC(132)   Evacuate Collection Set: 9.2ms
[2020-02-08T13:52:54.089+0800][gc,phases     ] GC(132)   Post Evacuate Collection Set: 0.6ms
[2020-02-08T13:52:54.089+0800][gc,phases     ] GC(132)   Other: 0.3ms
[2020-02-08T13:52:54.089+0800][gc,heap       ] GC(132) Eden regions: 580->0(586)
[2020-02-08T13:52:54.089+0800][gc,heap       ] GC(132) Survivor regions: 1->1(73)
[2020-02-08T13:52:54.089+0800][gc,heap       ] GC(132) Old regions: 29->29
[2020-02-08T13:52:54.089+0800][gc,heap       ] GC(132) Humongous regions: 130->130
[2020-02-08T13:52:54.089+0800][gc,metaspace  ] GC(132) Metaspace: 35732K->35732K(1081344K)
[2020-02-08T13:52:54.089+0800][gc            ] GC(132) Pause Young (Normal) (G1 Evacuation Pause) 738M->158M(1024M) 10.229ms
[2020-02-08T13:52:54.089+0800][gc,cpu        ] GC(132) User=0.01s Sys=0.00s Real=0.01s
[2020-02-08T13:52:57.323+0800][gc,start      ] GC(133) Pause Young (Normal) (G1 Evacuation Pause)
[2020-02-08T13:52:57.323+0800][gc,task       ] GC(133) Using 8 workers of 8 for evacuation
[2020-02-08T13:52:57.327+0800][gc,phases     ] GC(133)   Pre Evacuate Collection Set: 0.0ms
[2020-02-08T13:52:57.327+0800][gc,phases     ] GC(133)   Evacuate Collection Set: 3.1ms
[2020-02-08T13:52:57.327+0800][gc,phases     ] GC(133)   Post Evacuate Collection Set: 0.5ms
[2020-02-08T13:52:57.327+0800][gc,phases     ] GC(133)   Other: 0.3ms
[2020-02-08T13:52:57.327+0800][gc,heap       ] GC(133) Eden regions: 586->0(593)
[2020-02-08T13:52:57.327+0800][gc,heap       ] GC(133) Survivor regions: 1->1(74)
[2020-02-08T13:52:57.327+0800][gc,heap       ] GC(133) Old regions: 29->29
[2020-02-08T13:52:57.327+0800][gc,heap       ] GC(133) Humongous regions: 130->130
[2020-02-08T13:52:57.327+0800][gc,metaspace  ] GC(133) Metaspace: 35732K->35732K(1081344K)
[2020-02-08T13:52:57.327+0800][gc            ] GC(133) Pause Young (Normal) (G1 Evacuation Pause) 744M->158M(1024M) 3.935ms
[2020-02-08T13:52:57.327+0800][gc,cpu        ] GC(133) User=0.01s Sys=0.00s Real=0.00s
[2020-02-08T13:53:00.623+0800][gc,start      ] GC(134) Pause Young (Normal) (G1 Evacuation Pause)
[2020-02-08T13:53:00.623+0800][gc,task       ] GC(134) Using 8 workers of 8 for evacuation
[2020-02-08T13:53:00.629+0800][gc,phases     ] GC(134)   Pre Evacuate Collection Set: 0.0ms
[2020-02-08T13:53:00.629+0800][gc,phases     ] GC(134)   Evacuate Collection Set: 5.3ms
[2020-02-08T13:53:00.629+0800][gc,phases     ] GC(134)   Post Evacuate Collection Set: 0.6ms
[2020-02-08T13:53:00.629+0800][gc,phases     ] GC(134)   Other: 0.3ms
[2020-02-08T13:53:00.629+0800][gc,heap       ] GC(134) Eden regions: 593->0(599)
[2020-02-08T13:53:00.629+0800][gc,heap       ] GC(134) Survivor regions: 1->1(75)
[2020-02-08T13:53:00.629+0800][gc,heap       ] GC(134) Old regions: 29->29
[2020-02-08T13:53:00.629+0800][gc,heap       ] GC(134) Humongous regions: 130->130
[2020-02-08T13:53:00.629+0800][gc,metaspace  ] GC(134) Metaspace: 35732K->35732K(1081344K)
[2020-02-08T13:53:00.629+0800][gc            ] GC(134) Pause Young (Normal) (G1 Evacuation Pause) 751M->158M(1024M) 6.397ms
[2020-02-08T13:53:00.629+0800][gc,cpu        ] GC(134) User=0.02s Sys=0.00s Real=0.00s
[2020-02-08T13:53:04.116+0800][gc,start      ] GC(135) Pause Young (Normal) (G1 Evacuation Pause)
[2020-02-08T13:53:04.116+0800][gc,task       ] GC(135) Using 8 workers of 8 for evacuation
[2020-02-08T13:53:04.122+0800][gc,phases     ] GC(135)   Pre Evacuate Collection Set: 0.0ms
[2020-02-08T13:53:04.122+0800][gc,phases     ] GC(135)   Evacuate Collection Set: 5.4ms
[2020-02-08T13:53:04.122+0800][gc,phases     ] GC(135)   Post Evacuate Collection Set: 0.5ms
[2020-02-08T13:53:04.122+0800][gc,phases     ] GC(135)   Other: 0.3ms
[2020-02-08T13:53:04.122+0800][gc,heap       ] GC(135) Eden regions: 599->0(607)
[2020-02-08T13:53:04.122+0800][gc,heap       ] GC(135) Survivor regions: 1->1(75)
[2020-02-08T13:53:04.122+0800][gc,heap       ] GC(135) Old regions: 29->29
[2020-02-08T13:53:04.122+0800][gc,heap       ] GC(135) Humongous regions: 130->130
[2020-02-08T13:53:04.122+0800][gc,metaspace  ] GC(135) Metaspace: 35732K->35732K(1081344K)
[2020-02-08T13:53:04.122+0800][gc            ] GC(135) Pause Young (Normal) (G1 Evacuation Pause) 757M->158M(1024M) 6.361ms
[2020-02-08T13:53:04.122+0800][gc,cpu        ] GC(135) User=0.02s Sys=0.00s Real=0.01s
[2020-02-08T13:53:07.551+0800][gc,start      ] GC(136) Pause Young (Normal) (G1 Evacuation Pause)
[2020-02-08T13:53:07.551+0800][gc,task       ] GC(136) Using 8 workers of 8 for evacuation
[2020-02-08T13:53:07.557+0800][gc,phases     ] GC(136)   Pre Evacuate Collection Set: 0.0ms
[2020-02-08T13:53:07.557+0800][gc,phases     ] GC(136)   Evacuate Collection Set: 5.8ms
[2020-02-08T13:53:07.557+0800][gc,phases     ] GC(136)   Post Evacuate Collection Set: 0.6ms
[2020-02-08T13:53:07.557+0800][gc,phases     ] GC(136)   Other: 0.3ms
[2020-02-08T13:53:07.557+0800][gc,heap       ] GC(136) Eden regions: 607->0(613)
[2020-02-08T13:53:07.557+0800][gc,heap       ] GC(136) Survivor regions: 1->1(76)
[2020-02-08T13:53:07.557+0800][gc,heap       ] GC(136) Old regions: 29->30
[2020-02-08T13:53:07.557+0800][gc,heap       ] GC(136) Humongous regions: 130->130
[2020-02-08T13:53:07.557+0800][gc,metaspace  ] GC(136) Metaspace: 35732K->35732K(1081344K)
[2020-02-08T13:53:07.557+0800][gc            ] GC(136) Pause Young (Normal) (G1 Evacuation Pause) 765M->158M(1024M) 6.789ms
[2020-02-08T13:53:07.557+0800][gc,cpu        ] GC(136) User=0.01s Sys=0.00s Real=0.01s
[2020-02-08T14:09:05.209+0800][gc,start      ] GC(137) Pause Young (Normal) (G1 Evacuation Pause)
[2020-02-08T14:09:05.210+0800][gc,task       ] GC(137) Using 8 workers of 8 for evacuation
[2020-02-08T14:09:05.226+0800][gc,phases     ] GC(137)   Pre Evacuate Collection Set: 0.3ms
[2020-02-08T14:09:05.226+0800][gc,phases     ] GC(137)   Evacuate Collection Set: 13.3ms
[2020-02-08T14:09:05.226+0800][gc,phases     ] GC(137)   Post Evacuate Collection Set: 2.0ms
[2020-02-08T14:09:05.227+0800][gc,phases     ] GC(137)   Other: 3.1ms
[2020-02-08T14:09:05.227+0800][gc,heap       ] GC(137) Eden regions: 613->0(602)
[2020-02-08T14:09:05.227+0800][gc,heap       ] GC(137) Survivor regions: 1->12(77)
[2020-02-08T14:09:05.227+0800][gc,heap       ] GC(137) Old regions: 30->30
[2020-02-08T14:09:05.227+0800][gc,heap       ] GC(137) Humongous regions: 130->130
[2020-02-08T14:09:05.227+0800][gc,metaspace  ] GC(137) Metaspace: 36847K->36847K(1083392K)
[2020-02-08T14:09:05.227+0800][gc            ] GC(137) Pause Young (Normal) (G1 Evacuation Pause) 771M->169M(1024M) 18.530ms
[2020-02-08T14:09:05.227+0800][gc,cpu        ] GC(137) User=0.07s Sys=0.00s Real=0.02s
[2020-02-08T15:18:18.166+0800][gc,start      ] GC(138) Pause Young (Normal) (G1 Evacuation Pause)
[2020-02-08T15:18:18.167+0800][gc,task       ] GC(138) Using 8 workers of 8 for evacuation
[2020-02-08T15:18:18.193+0800][gc,mmu        ] GC(138) MMU target violated: 21.0ms (20.0ms/21.0ms)
[2020-02-08T15:18:18.193+0800][gc,phases     ] GC(138)   Pre Evacuate Collection Set: 0.0ms
[2020-02-08T15:18:18.193+0800][gc,phases     ] GC(138)   Evacuate Collection Set: 22.1ms
[2020-02-08T15:18:18.193+0800][gc,phases     ] GC(138)   Post Evacuate Collection Set: 3.7ms
[2020-02-08T15:18:18.193+0800][gc,phases     ] GC(138)   Other: 1.5ms
[2020-02-08T15:18:18.193+0800][gc,heap       ] GC(138) Eden regions: 602->0(586)
[2020-02-08T15:18:18.193+0800][gc,heap       ] GC(138) Survivor regions: 12->28(77)
[2020-02-08T15:18:18.193+0800][gc,heap       ] GC(138) Old regions: 30->30
[2020-02-08T15:18:18.193+0800][gc,heap       ] GC(138) Humongous regions: 130->130
[2020-02-08T15:18:18.193+0800][gc,metaspace  ] GC(138) Metaspace: 36858K->36858K(1083392K)
[2020-02-08T15:18:18.193+0800][gc            ] GC(138) Pause Young (Normal) (G1 Evacuation Pause) 771M->185M(1024M) 26.943ms
[2020-02-08T15:18:18.194+0800][gc,cpu        ] GC(138) User=0.13s Sys=0.00s Real=0.03s
[2020-02-08T16:26:25.710+0800][gc,start      ] GC(139) Pause Young (Normal) (G1 Evacuation Pause)
[2020-02-08T16:26:25.713+0800][gc,task       ] GC(139) Using 8 workers of 8 for evacuation
[2020-02-08T16:26:26.134+0800][gc,mmu        ] GC(139) MMU target violated: 21.0ms (20.0ms/21.0ms)
[2020-02-08T16:26:26.134+0800][gc,phases     ] GC(139)   Pre Evacuate Collection Set: 42.9ms
[2020-02-08T16:26:26.134+0800][gc,phases     ] GC(139)   Evacuate Collection Set: 327.7ms
[2020-02-08T16:26:26.134+0800][gc,phases     ] GC(139)   Post Evacuate Collection Set: 44.8ms
[2020-02-08T16:26:26.134+0800][gc,phases     ] GC(139)   Other: 12.1ms
[2020-02-08T16:26:26.135+0800][gc,heap       ] GC(139) Eden regions: 586->0(22)
[2020-02-08T16:26:26.135+0800][gc,heap       ] GC(139) Survivor regions: 28->29(77)
[2020-02-08T16:26:26.135+0800][gc,heap       ] GC(139) Old regions: 30->30
[2020-02-08T16:26:26.135+0800][gc,heap       ] GC(139) Humongous regions: 130->130
[2020-02-08T16:26:26.135+0800][gc,metaspace  ] GC(139) Metaspace: 36879K->36879K(1083392K)
[2020-02-08T16:26:26.135+0800][gc            ] GC(139) Pause Young (Normal) (G1 Evacuation Pause) 771M->186M(1024M) 425.275ms
[2020-02-08T16:26:26.135+0800][gc,cpu        ] GC(139) User=0.13s Sys=0.07s Real=0.43s
[2020-02-08T16:28:51.521+0800][gc,start      ] GC(140) Pause Young (Normal) (G1 Evacuation Pause)
[2020-02-08T16:28:51.521+0800][gc,task       ] GC(140) Using 8 workers of 8 for evacuation
[2020-02-08T16:28:51.567+0800][gc,mmu        ] GC(140) MMU target violated: 21.0ms (20.0ms/21.0ms)
[2020-02-08T16:28:51.567+0800][gc,phases     ] GC(140)   Pre Evacuate Collection Set: 0.0ms
[2020-02-08T16:28:51.567+0800][gc,phases     ] GC(140)   Evacuate Collection Set: 44.0ms
[2020-02-08T16:28:51.567+0800][gc,phases     ] GC(140)   Post Evacuate Collection Set: 1.8ms
[2020-02-08T16:28:51.567+0800][gc,phases     ] GC(140)   Other: 0.3ms
[2020-02-08T16:28:51.567+0800][gc,heap       ] GC(140) Eden regions: 22->0(46)
[2020-02-08T16:28:51.567+0800][gc,heap       ] GC(140) Survivor regions: 29->5(7)
[2020-02-08T16:28:51.567+0800][gc,heap       ] GC(140) Old regions: 30->54
[2020-02-08T16:28:51.567+0800][gc,heap       ] GC(140) Humongous regions: 130->130
[2020-02-08T16:28:51.567+0800][gc,metaspace  ] GC(140) Metaspace: 36879K->36879K(1083392K)
[2020-02-08T16:28:51.567+0800][gc            ] GC(140) Pause Young (Normal) (G1 Evacuation Pause) 208M->186M(1024M) 46.194ms
[2020-02-08T16:28:51.567+0800][gc,cpu        ] GC(140) User=0.11s Sys=0.03s Real=0.04s
[2020-02-08T16:33:35.807+0800][gc,start      ] GC(141) Pause Young (Normal) (G1 Evacuation Pause)
[2020-02-08T16:33:35.808+0800][gc,task       ] GC(141) Using 8 workers of 8 for evacuation
[2020-02-08T16:33:35.827+0800][gc,phases     ] GC(141)   Pre Evacuate Collection Set: 0.0ms
[2020-02-08T16:33:35.827+0800][gc,phases     ] GC(141)   Evacuate Collection Set: 18.1ms
[2020-02-08T16:33:35.827+0800][gc,phases     ] GC(141)   Post Evacuate Collection Set: 0.8ms
[2020-02-08T16:33:35.827+0800][gc,phases     ] GC(141)   Other: 1.8ms
[2020-02-08T16:33:35.827+0800][gc,heap       ] GC(141) Eden regions: 46->0(47)
[2020-02-08T16:33:35.827+0800][gc,heap       ] GC(141) Survivor regions: 5->4(7)
[2020-02-08T16:33:35.827+0800][gc,heap       ] GC(141) Old regions: 54->54
[2020-02-08T16:33:35.827+0800][gc,heap       ] GC(141) Humongous regions: 130->130
[2020-02-08T16:33:35.827+0800][gc,metaspace  ] GC(141) Metaspace: 36879K->36879K(1083392K)
[2020-02-08T16:33:35.827+0800][gc            ] GC(141) Pause Young (Normal) (G1 Evacuation Pause) 232M->185M(1024M) 20.525ms
[2020-02-08T16:33:35.827+0800][gc,cpu        ] GC(141) User=0.00s Sys=0.02s Real=0.02s
[2020-02-08T16:38:53.851+0800][gc,start      ] GC(142) Pause Young (Normal) (G1 Evacuation Pause)
[2020-02-08T16:38:53.854+0800][gc,task       ] GC(142) Using 8 workers of 8 for evacuation
[2020-02-08T16:38:53.865+0800][gc,phases     ] GC(142)   Pre Evacuate Collection Set: 0.5ms
[2020-02-08T16:38:53.865+0800][gc,phases     ] GC(142)   Evacuate Collection Set: 8.3ms
[2020-02-08T16:38:53.865+0800][gc,phases     ] GC(142)   Post Evacuate Collection Set: 1.3ms
[2020-02-08T16:38:53.865+0800][gc,phases     ] GC(142)   Other: 6.3ms
[2020-02-08T16:38:53.866+0800][gc,heap       ] GC(142) Eden regions: 47->0(47)
[2020-02-08T16:38:53.866+0800][gc,heap       ] GC(142) Survivor regions: 4->4(7)
[2020-02-08T16:38:53.866+0800][gc,heap       ] GC(142) Old regions: 54->54
[2020-02-08T16:38:53.866+0800][gc,heap       ] GC(142) Humongous regions: 130->130
[2020-02-08T16:38:53.866+0800][gc,metaspace  ] GC(142) Metaspace: 36882K->36882K(1083392K)
[2020-02-08T16:38:53.866+0800][gc            ] GC(142) Pause Young (Normal) (G1 Evacuation Pause) 232M->185M(1024M) 15.188ms
[2020-02-08T16:38:53.866+0800][gc,cpu        ] GC(142) User=0.00s Sys=0.02s Real=0.02s
[2020-02-08T16:44:08.845+0800][gc,start      ] GC(143) Pause Young (Normal) (G1 Evacuation Pause)
[2020-02-08T16:44:08.845+0800][gc,task       ] GC(143) Using 8 workers of 8 for evacuation
[2020-02-08T16:44:08.854+0800][gc,phases     ] GC(143)   Pre Evacuate Collection Set: 0.1ms
[2020-02-08T16:44:08.854+0800][gc,phases     ] GC(143)   Evacuate Collection Set: 7.9ms
[2020-02-08T16:44:08.854+0800][gc,phases     ] GC(143)   Post Evacuate Collection Set: 0.3ms
[2020-02-08T16:44:08.854+0800][gc,phases     ] GC(143)   Other: 0.7ms
[2020-02-08T16:44:08.854+0800][gc,heap       ] GC(143) Eden regions: 47->0(47)
[2020-02-08T16:44:08.854+0800][gc,heap       ] GC(143) Survivor regions: 4->4(7)
[2020-02-08T16:44:08.854+0800][gc,heap       ] GC(143) Old regions: 54->54
[2020-02-08T16:44:08.854+0800][gc,heap       ] GC(143) Humongous regions: 130->130
[2020-02-08T16:44:08.854+0800][gc,metaspace  ] GC(143) Metaspace: 36882K->36882K(1083392K)
[2020-02-08T16:44:08.854+0800][gc            ] GC(143) Pause Young (Normal) (G1 Evacuation Pause) 232M->185M(1024M) 9.037ms
[2020-02-08T16:44:08.854+0800][gc,cpu        ] GC(143) User=0.01s Sys=0.01s Real=0.01s
[2020-02-08T16:49:22.992+0800][gc,start      ] GC(144) Pause Young (Normal) (G1 Evacuation Pause)
[2020-02-08T16:49:22.992+0800][gc,task       ] GC(144) Using 8 workers of 8 for evacuation
[2020-02-08T16:49:22.995+0800][gc,phases     ] GC(144)   Pre Evacuate Collection Set: 0.0ms
[2020-02-08T16:49:22.995+0800][gc,phases     ] GC(144)   Evacuate Collection Set: 2.3ms
[2020-02-08T16:49:22.995+0800][gc,phases     ] GC(144)   Post Evacuate Collection Set: 0.2ms
[2020-02-08T16:49:22.995+0800][gc,phases     ] GC(144)   Other: 0.4ms
[2020-02-08T16:49:22.995+0800][gc,heap       ] GC(144) Eden regions: 47->0(47)
[2020-02-08T16:49:22.995+0800][gc,heap       ] GC(144) Survivor regions: 4->4(7)
[2020-02-08T16:49:22.995+0800][gc,heap       ] GC(144) Old regions: 54->54
[2020-02-08T16:49:22.995+0800][gc,heap       ] GC(144) Humongous regions: 130->130
[2020-02-08T16:49:22.995+0800][gc,metaspace  ] GC(144) Metaspace: 36882K->36882K(1083392K)
[2020-02-08T16:49:22.995+0800][gc            ] GC(144) Pause Young (Normal) (G1 Evacuation Pause) 232M->185M(1024M) 3.141ms
[2020-02-08T16:49:22.995+0800][gc,cpu        ] GC(144) User=0.01s Sys=0.00s Real=0.01s
[2020-02-08T16:54:38.286+0800][gc,start      ] GC(145) Pause Young (Normal) (G1 Evacuation Pause)
[2020-02-08T16:54:38.286+0800][gc,task       ] GC(145) Using 8 workers of 8 for evacuation
[2020-02-08T16:54:38.289+0800][gc,phases     ] GC(145)   Pre Evacuate Collection Set: 0.0ms
[2020-02-08T16:54:38.289+0800][gc,phases     ] GC(145)   Evacuate Collection Set: 2.2ms
[2020-02-08T16:54:38.289+0800][gc,phases     ] GC(145)   Post Evacuate Collection Set: 0.3ms
[2020-02-08T16:54:38.289+0800][gc,phases     ] GC(145)   Other: 0.2ms
[2020-02-08T16:54:38.289+0800][gc,heap       ] GC(145) Eden regions: 47->0(67)
[2020-02-08T16:54:38.289+0800][gc,heap       ] GC(145) Survivor regions: 4->4(7)
[2020-02-08T16:54:38.289+0800][gc,heap       ] GC(145) Old regions: 54->54
[2020-02-08T16:54:38.289+0800][gc,heap       ] GC(145) Humongous regions: 130->130
[2020-02-08T16:54:38.289+0800][gc,metaspace  ] GC(145) Metaspace: 36882K->36882K(1083392K)
[2020-02-08T16:54:38.289+0800][gc            ] GC(145) Pause Young (Normal) (G1 Evacuation Pause) 232M->185M(1024M) 2.878ms
[2020-02-08T16:54:38.289+0800][gc,cpu        ] GC(145) User=0.01s Sys=0.00s Real=0.00s
[2020-02-08T17:02:11.317+0800][gc,start      ] GC(146) Pause Young (Normal) (G1 Evacuation Pause)
[2020-02-08T17:02:11.318+0800][gc,task       ] GC(146) Using 8 workers of 8 for evacuation
[2020-02-08T17:02:11.335+0800][gc,phases     ] GC(146)   Pre Evacuate Collection Set: 0.0ms
[2020-02-08T17:02:11.335+0800][gc,phases     ] GC(146)   Evacuate Collection Set: 16.5ms
[2020-02-08T17:02:11.335+0800][gc,phases     ] GC(146)   Post Evacuate Collection Set: 0.4ms
[2020-02-08T17:02:11.336+0800][gc,phases     ] GC(146)   Other: 1.5ms
[2020-02-08T17:02:11.336+0800][gc,heap       ] GC(146) Eden regions: 67->0(48)
[2020-02-08T17:02:11.336+0800][gc,heap       ] GC(146) Survivor regions: 4->3(9)
[2020-02-08T17:02:11.336+0800][gc,heap       ] GC(146) Old regions: 54->54
[2020-02-08T17:02:11.336+0800][gc,heap       ] GC(146) Humongous regions: 130->130
[2020-02-08T17:02:11.336+0800][gc,metaspace  ] GC(146) Metaspace: 36884K->36884K(1083392K)
[2020-02-08T17:02:11.336+0800][gc            ] GC(146) Pause Young (Normal) (G1 Evacuation Pause) 252M->185M(1024M) 18.560ms
[2020-02-08T17:02:11.336+0800][gc,cpu        ] GC(146) User=0.01s Sys=0.00s Real=0.02s
[2020-02-08T17:07:33.683+0800][gc,start      ] GC(147) Pause Young (Normal) (G1 Evacuation Pause)
[2020-02-08T17:07:33.684+0800][gc,task       ] GC(147) Using 8 workers of 8 for evacuation
[2020-02-08T17:07:33.687+0800][gc,phases     ] GC(147)   Pre Evacuate Collection Set: 0.0ms
[2020-02-08T17:07:33.687+0800][gc,phases     ] GC(147)   Evacuate Collection Set: 2.6ms
[2020-02-08T17:07:33.687+0800][gc,phases     ] GC(147)   Post Evacuate Collection Set: 0.3ms
[2020-02-08T17:07:33.687+0800][gc,phases     ] GC(147)   Other: 0.8ms
[2020-02-08T17:07:33.687+0800][gc,heap       ] GC(147) Eden regions: 48->0(69)
[2020-02-08T17:07:33.687+0800][gc,heap       ] GC(147) Survivor regions: 3->3(7)
[2020-02-08T17:07:33.687+0800][gc,heap       ] GC(147) Old regions: 54->54
[2020-02-08T17:07:33.687+0800][gc,heap       ] GC(147) Humongous regions: 130->130
[2020-02-08T17:07:33.687+0800][gc,metaspace  ] GC(147) Metaspace: 36884K->36884K(1083392K)
[2020-02-08T17:07:33.687+0800][gc            ] GC(147) Pause Young (Normal) (G1 Evacuation Pause) 233M->184M(1024M) 3.899ms
[2020-02-08T17:07:33.687+0800][gc,cpu        ] GC(147) User=0.01s Sys=0.00s Real=0.00s
[2020-02-08T17:15:22.989+0800][gc,start      ] GC(148) Pause Young (Normal) (G1 Evacuation Pause)
[2020-02-08T17:15:22.989+0800][gc,task       ] GC(148) Using 8 workers of 8 for evacuation
[2020-02-08T17:15:22.994+0800][gc,phases     ] GC(148)   Pre Evacuate Collection Set: 0.0ms
[2020-02-08T17:15:22.994+0800][gc,phases     ] GC(148)   Evacuate Collection Set: 4.8ms
[2020-02-08T17:15:22.994+0800][gc,phases     ] GC(148)   Post Evacuate Collection Set: 0.4ms
[2020-02-08T17:15:22.994+0800][gc,phases     ] GC(148)   Other: 0.3ms
[2020-02-08T17:15:22.994+0800][gc,heap       ] GC(148) Eden regions: 69->0(89)
[2020-02-08T17:15:22.994+0800][gc,heap       ] GC(148) Survivor regions: 3->3(9)
[2020-02-08T17:15:22.994+0800][gc,heap       ] GC(148) Old regions: 54->54
[2020-02-08T17:15:22.994+0800][gc,heap       ] GC(148) Humongous regions: 130->130
[2020-02-08T17:15:22.994+0800][gc,metaspace  ] GC(148) Metaspace: 36884K->36884K(1083392K)
[2020-02-08T17:15:22.995+0800][gc            ] GC(148) Pause Young (Normal) (G1 Evacuation Pause) 253M->184M(1024M) 5.638ms
[2020-02-08T17:15:22.995+0800][gc,cpu        ] GC(148) User=0.01s Sys=0.00s Real=0.01s
[2020-02-08T17:25:23.845+0800][gc,start      ] GC(149) Pause Young (Normal) (G1 Evacuation Pause)
[2020-02-08T17:25:23.845+0800][gc,task       ] GC(149) Using 8 workers of 8 for evacuation
[2020-02-08T17:25:23.865+0800][gc,phases     ] GC(149)   Pre Evacuate Collection Set: 0.0ms
[2020-02-08T17:25:23.865+0800][gc,phases     ] GC(149)   Evacuate Collection Set: 19.4ms
[2020-02-08T17:25:23.865+0800][gc,phases     ] GC(149)   Post Evacuate Collection Set: 0.3ms
[2020-02-08T17:25:23.865+0800][gc,phases     ] GC(149)   Other: 0.7ms
[2020-02-08T17:25:23.865+0800][gc,heap       ] GC(149) Eden regions: 89->0(70)
[2020-02-08T17:25:23.865+0800][gc,heap       ] GC(149) Survivor regions: 3->4(12)
[2020-02-08T17:25:23.865+0800][gc,heap       ] GC(149) Old regions: 54->54
[2020-02-08T17:25:23.865+0800][gc,heap       ] GC(149) Humongous regions: 130->130
[2020-02-08T17:25:23.865+0800][gc,metaspace  ] GC(149) Metaspace: 36885K->36885K(1083392K)
[2020-02-08T17:25:23.865+0800][gc            ] GC(149) Pause Young (Normal) (G1 Evacuation Pause) 273M->185M(1024M) 20.643ms
[2020-02-08T17:25:23.866+0800][gc,cpu        ] GC(149) User=0.02s Sys=0.00s Real=0.02s
[2020-02-08T17:32:57.295+0800][gc,start      ] GC(150) Pause Young (Normal) (G1 Evacuation Pause)
[2020-02-08T17:32:57.296+0800][gc,task       ] GC(150) Using 8 workers of 8 for evacuation
[2020-02-08T17:32:57.299+0800][gc,phases     ] GC(150)   Pre Evacuate Collection Set: 0.1ms
[2020-02-08T17:32:57.299+0800][gc,phases     ] GC(150)   Evacuate Collection Set: 2.3ms
[2020-02-08T17:32:57.299+0800][gc,phases     ] GC(150)   Post Evacuate Collection Set: 0.4ms
[2020-02-08T17:32:57.299+0800][gc,phases     ] GC(150)   Other: 0.9ms
[2020-02-08T17:32:57.299+0800][gc,heap       ] GC(150) Eden regions: 70->0(93)
[2020-02-08T17:32:57.299+0800][gc,heap       ] GC(150) Survivor regions: 4->3(10)
[2020-02-08T17:32:57.299+0800][gc,heap       ] GC(150) Old regions: 54->54
[2020-02-08T17:32:57.299+0800][gc,heap       ] GC(150) Humongous regions: 130->130
[2020-02-08T17:32:57.299+0800][gc,metaspace  ] GC(150) Metaspace: 36892K->36892K(1083392K)
[2020-02-08T17:32:57.299+0800][gc            ] GC(150) Pause Young (Normal) (G1 Evacuation Pause) 255M->185M(1024M) 3.902ms
[2020-02-08T17:32:57.299+0800][gc,cpu        ] GC(150) User=0.01s Sys=0.00s Real=0.00s
[2020-02-08T17:43:28.435+0800][gc,start      ] GC(151) Pause Young (Normal) (G1 Evacuation Pause)
[2020-02-08T17:43:28.437+0800][gc,task       ] GC(151) Using 8 workers of 8 for evacuation
[2020-02-08T17:43:28.466+0800][gc,mmu        ] GC(151) MMU target violated: 21.0ms (20.0ms/21.0ms)
[2020-02-08T17:43:28.466+0800][gc,phases     ] GC(151)   Pre Evacuate Collection Set: 0.3ms
[2020-02-08T17:43:28.466+0800][gc,phases     ] GC(151)   Evacuate Collection Set: 22.0ms
[2020-02-08T17:43:28.466+0800][gc,phases     ] GC(151)   Post Evacuate Collection Set: 3.6ms
[2020-02-08T17:43:28.466+0800][gc,phases     ] GC(151)   Other: 6.2ms
[2020-02-08T17:43:28.467+0800][gc,heap       ] GC(151) Eden regions: 93->0(62)
[2020-02-08T17:43:28.467+0800][gc,heap       ] GC(151) Survivor regions: 3->3(12)
[2020-02-08T17:43:28.467+0800][gc,heap       ] GC(151) Old regions: 54->54
[2020-02-08T17:43:28.467+0800][gc,heap       ] GC(151) Humongous regions: 130->130
[2020-02-08T17:43:28.467+0800][gc,metaspace  ] GC(151) Metaspace: 36898K->36898K(1083392K)
[2020-02-08T17:43:28.468+0800][gc            ] GC(151) Pause Young (Normal) (G1 Evacuation Pause) 278M->184M(1024M) 33.860ms
[2020-02-08T17:43:28.468+0800][gc,cpu        ] GC(151) User=0.01s Sys=0.01s Real=0.03s
[2020-02-08T17:50:28.044+0800][gc,start      ] GC(152) Pause Young (Normal) (G1 Evacuation Pause)
[2020-02-08T17:50:28.044+0800][gc,task       ] GC(152) Using 8 workers of 8 for evacuation
[2020-02-08T17:50:28.048+0800][gc,phases     ] GC(152)   Pre Evacuate Collection Set: 0.0ms
[2020-02-08T17:50:28.048+0800][gc,phases     ] GC(152)   Evacuate Collection Set: 2.1ms
[2020-02-08T17:50:28.048+0800][gc,phases     ] GC(152)   Post Evacuate Collection Set: 0.7ms
[2020-02-08T17:50:28.048+0800][gc,phases     ] GC(152)   Other: 0.3ms
[2020-02-08T17:50:28.048+0800][gc,heap       ] GC(152) Eden regions: 62->0(84)
[2020-02-08T17:50:28.048+0800][gc,heap       ] GC(152) Survivor regions: 3->4(9)
[2020-02-08T17:50:28.048+0800][gc,heap       ] GC(152) Old regions: 54->54
[2020-02-08T17:50:28.048+0800][gc,heap       ] GC(152) Humongous regions: 130->130
[2020-02-08T17:50:28.048+0800][gc,metaspace  ] GC(152) Metaspace: 36905K->36905K(1083392K)
[2020-02-08T17:50:28.048+0800][gc            ] GC(152) Pause Young (Normal) (G1 Evacuation Pause) 246M->185M(1024M) 3.178ms
[2020-02-08T17:50:28.048+0800][gc,cpu        ] GC(152) User=0.01s Sys=0.01s Real=0.00s
[2020-02-08T17:59:59.452+0800][gc,start      ] GC(153) Pause Young (Normal) (G1 Evacuation Pause)
[2020-02-08T17:59:59.453+0800][gc,task       ] GC(153) Using 8 workers of 8 for evacuation
[2020-02-08T17:59:59.455+0800][gc,phases     ] GC(153)   Pre Evacuate Collection Set: 0.2ms
[2020-02-08T17:59:59.455+0800][gc,phases     ] GC(153)   Evacuate Collection Set: 2.1ms
[2020-02-08T17:59:59.455+0800][gc,phases     ] GC(153)   Post Evacuate Collection Set: 0.3ms
[2020-02-08T17:59:59.455+0800][gc,phases     ] GC(153)   Other: 1.4ms
[2020-02-08T17:59:59.455+0800][gc,heap       ] GC(153) Eden regions: 84->0(109)
[2020-02-08T17:59:59.456+0800][gc,heap       ] GC(153) Survivor regions: 4->3(11)
[2020-02-08T17:59:59.456+0800][gc,heap       ] GC(153) Old regions: 54->54
[2020-02-08T17:59:59.456+0800][gc,heap       ] GC(153) Humongous regions: 130->130
[2020-02-08T17:59:59.456+0800][gc,metaspace  ] GC(153) Metaspace: 36905K->36905K(1083392K)
[2020-02-08T17:59:59.456+0800][gc            ] GC(153) Pause Young (Normal) (G1 Evacuation Pause) 269M->184M(1024M) 3.621ms
[2020-02-08T17:59:59.456+0800][gc,cpu        ] GC(153) User=0.01s Sys=0.01s Real=0.01s
[2020-02-08T18:12:22.990+0800][gc,start      ] GC(154) Pause Young (Normal) (G1 Evacuation Pause)
[2020-02-08T18:12:22.990+0800][gc,task       ] GC(154) Using 8 workers of 8 for evacuation
[2020-02-08T18:12:23.007+0800][gc,phases     ] GC(154)   Pre Evacuate Collection Set: 0.0ms
[2020-02-08T18:12:23.007+0800][gc,phases     ] GC(154)   Evacuate Collection Set: 15.5ms
[2020-02-08T18:12:23.007+0800][gc,phases     ] GC(154)   Post Evacuate Collection Set: 0.6ms
[2020-02-08T18:12:23.007+0800][gc,phases     ] GC(154)   Other: 0.3ms
[2020-02-08T18:12:23.007+0800][gc,heap       ] GC(154) Eden regions: 109->0(102)
[2020-02-08T18:12:23.007+0800][gc,heap       ] GC(154) Survivor regions: 3->4(14)
[2020-02-08T18:12:23.007+0800][gc,heap       ] GC(154) Old regions: 54->54
[2020-02-08T18:12:23.007+0800][gc,heap       ] GC(154) Humongous regions: 130->130
[2020-02-08T18:12:23.007+0800][gc,metaspace  ] GC(154) Metaspace: 36907K->36907K(1083392K)
[2020-02-08T18:12:23.007+0800][gc            ] GC(154) Pause Young (Normal) (G1 Evacuation Pause) 293M->185M(1024M) 16.478ms
[2020-02-08T18:12:23.007+0800][gc,cpu        ] GC(154) User=0.02s Sys=0.00s Real=0.02s
[2020-02-08T18:23:56.527+0800][gc,start      ] GC(155) Pause Young (Normal) (G1 Evacuation Pause)
[2020-02-08T18:23:56.527+0800][gc,task       ] GC(155) Using 8 workers of 8 for evacuation
[2020-02-08T18:23:56.530+0800][gc,phases     ] GC(155)   Pre Evacuate Collection Set: 0.0ms
[2020-02-08T18:23:56.530+0800][gc,phases     ] GC(155)   Evacuate Collection Set: 2.7ms
[2020-02-08T18:23:56.530+0800][gc,phases     ] GC(155)   Post Evacuate Collection Set: 0.3ms
[2020-02-08T18:23:56.530+0800][gc,phases     ] GC(155)   Other: 0.4ms
[2020-02-08T18:23:56.530+0800][gc,heap       ] GC(155) Eden regions: 102->0(125)
[2020-02-08T18:23:56.530+0800][gc,heap       ] GC(155) Survivor regions: 4->4(14)
[2020-02-08T18:23:56.530+0800][gc,heap       ] GC(155) Old regions: 54->54
[2020-02-08T18:23:56.530+0800][gc,heap       ] GC(155) Humongous regions: 130->130
[2020-02-08T18:23:56.530+0800][gc,metaspace  ] GC(155) Metaspace: 36907K->36907K(1083392K)
[2020-02-08T18:23:56.530+0800][gc            ] GC(155) Pause Young (Normal) (G1 Evacuation Pause) 287M->185M(1024M) 3.522ms
[2020-02-08T18:23:56.530+0800][gc,cpu        ] GC(155) User=0.01s Sys=0.00s Real=0.00s
[2020-02-08T18:37:41.566+0800][gc,start      ] GC(156) Pause Young (Normal) (G1 Evacuation Pause)
[2020-02-08T18:37:41.566+0800][gc,task       ] GC(156) Using 8 workers of 8 for evacuation
[2020-02-08T18:37:41.585+0800][gc,phases     ] GC(156)   Pre Evacuate Collection Set: 0.0ms
[2020-02-08T18:37:41.585+0800][gc,phases     ] GC(156)   Evacuate Collection Set: 18.1ms
[2020-02-08T18:37:41.585+0800][gc,phases     ] GC(156)   Post Evacuate Collection Set: 0.6ms
[2020-02-08T18:37:41.585+0800][gc,phases     ] GC(156)   Other: 0.3ms
[2020-02-08T18:37:41.585+0800][gc,heap       ] GC(156) Eden regions: 125->0(104)
[2020-02-08T18:37:41.585+0800][gc,heap       ] GC(156) Survivor regions: 4->4(17)
[2020-02-08T18:37:41.585+0800][gc,heap       ] GC(156) Old regions: 54->54
[2020-02-08T18:37:41.585+0800][gc,heap       ] GC(156) Humongous regions: 130->130
[2020-02-08T18:37:41.585+0800][gc,metaspace  ] GC(156) Metaspace: 36910K->36910K(1083392K)
[2020-02-08T18:37:41.585+0800][gc            ] GC(156) Pause Young (Normal) (G1 Evacuation Pause) 310M->185M(1024M) 19.160ms
[2020-02-08T18:37:41.586+0800][gc,cpu        ] GC(156) User=0.02s Sys=0.00s Real=0.02s
[2020-02-08T18:49:26.606+0800][gc,start      ] GC(157) Pause Young (Normal) (G1 Evacuation Pause)
[2020-02-08T18:49:26.606+0800][gc,task       ] GC(157) Using 8 workers of 8 for evacuation
[2020-02-08T18:49:26.609+0800][gc,phases     ] GC(157)   Pre Evacuate Collection Set: 0.0ms
[2020-02-08T18:49:26.610+0800][gc,phases     ] GC(157)   Evacuate Collection Set: 2.4ms
[2020-02-08T18:49:26.610+0800][gc,phases     ] GC(157)   Post Evacuate Collection Set: 0.4ms
[2020-02-08T18:49:26.610+0800][gc,phases     ] GC(157)   Other: 0.3ms
[2020-02-08T18:49:26.610+0800][gc,heap       ] GC(157) Eden regions: 104->0(133)
[2020-02-08T18:49:26.610+0800][gc,heap       ] GC(157) Survivor regions: 4->4(14)
[2020-02-08T18:49:26.610+0800][gc,heap       ] GC(157) Old regions: 54->54
[2020-02-08T18:49:26.610+0800][gc,heap       ] GC(157) Humongous regions: 130->130
[2020-02-08T18:49:26.610+0800][gc,metaspace  ] GC(157) Metaspace: 36915K->36915K(1083392K)
[2020-02-08T18:49:26.610+0800][gc            ] GC(157) Pause Young (Normal) (G1 Evacuation Pause) 289M->185M(1024M) 3.217ms
[2020-02-08T18:49:26.610+0800][gc,cpu        ] GC(157) User=0.02s Sys=0.00s Real=0.00s
[2020-02-08T19:04:28.846+0800][gc,start      ] GC(158) Pause Young (Normal) (G1 Evacuation Pause)
[2020-02-08T19:04:28.846+0800][gc,task       ] GC(158) Using 8 workers of 8 for evacuation
[2020-02-08T19:04:28.863+0800][gc,phases     ] GC(158)   Pre Evacuate Collection Set: 0.0ms
[2020-02-08T19:04:28.863+0800][gc,phases     ] GC(158)   Evacuate Collection Set: 16.3ms
[2020-02-08T19:04:28.863+0800][gc,phases     ] GC(158)   Post Evacuate Collection Set: 0.3ms
[2020-02-08T19:04:28.863+0800][gc,phases     ] GC(158)   Other: 0.3ms
[2020-02-08T19:04:28.863+0800][gc,heap       ] GC(158) Eden regions: 133->0(117)
[2020-02-08T19:04:28.863+0800][gc,heap       ] GC(158) Survivor regions: 4->3(18)
[2020-02-08T19:04:28.863+0800][gc,heap       ] GC(158) Old regions: 54->54
[2020-02-08T19:04:28.863+0800][gc,heap       ] GC(158) Humongous regions: 130->130
[2020-02-08T19:04:28.863+0800][gc,metaspace  ] GC(158) Metaspace: 36929K->36929K(1083392K)
[2020-02-08T19:04:28.863+0800][gc            ] GC(158) Pause Young (Normal) (G1 Evacuation Pause) 318M->185M(1024M) 17.129ms
[2020-02-08T19:04:28.863+0800][gc,cpu        ] GC(158) User=0.01s Sys=0.00s Real=0.02s
[2020-02-08T19:17:43.986+0800][gc,start      ] GC(159) Pause Young (Normal) (G1 Evacuation Pause)
[2020-02-08T19:17:43.986+0800][gc,task       ] GC(159) Using 8 workers of 8 for evacuation
[2020-02-08T19:17:43.989+0800][gc,phases     ] GC(159)   Pre Evacuate Collection Set: 0.0ms
[2020-02-08T19:17:43.989+0800][gc,phases     ] GC(159)   Evacuate Collection Set: 2.3ms
[2020-02-08T19:17:43.989+0800][gc,phases     ] GC(159)   Post Evacuate Collection Set: 0.3ms
[2020-02-08T19:17:43.989+0800][gc,phases     ] GC(159)   Other: 0.2ms
[2020-02-08T19:17:43.989+0800][gc,heap       ] GC(159) Eden regions: 117->0(147)
[2020-02-08T19:17:43.989+0800][gc,heap       ] GC(159) Survivor regions: 3->4(15)
[2020-02-08T19:17:43.989+0800][gc,heap       ] GC(159) Old regions: 54->54
[2020-02-08T19:17:43.989+0800][gc,heap       ] GC(159) Humongous regions: 130->130
[2020-02-08T19:17:43.989+0800][gc,metaspace  ] GC(159) Metaspace: 36944K->36944K(1083392K)
[2020-02-08T19:17:43.989+0800][gc            ] GC(159) Pause Young (Normal) (G1 Evacuation Pause) 302M->185M(1024M) 3.031ms
[2020-02-08T19:17:43.989+0800][gc,cpu        ] GC(159) User=0.01s Sys=0.00s Real=0.00s
[2020-02-08T19:33:59.899+0800][gc,start      ] GC(160) Pause Young (Normal) (G1 Evacuation Pause)
[2020-02-08T19:33:59.900+0800][gc,task       ] GC(160) Using 8 workers of 8 for evacuation
[2020-02-08T19:33:59.927+0800][gc,mmu        ] GC(160) MMU target violated: 21.0ms (20.0ms/21.0ms)
[2020-02-08T19:33:59.928+0800][gc,phases     ] GC(160)   Pre Evacuate Collection Set: 0.5ms
[2020-02-08T19:33:59.928+0800][gc,phases     ] GC(160)   Evacuate Collection Set: 21.3ms
[2020-02-08T19:33:59.928+0800][gc,phases     ] GC(160)   Post Evacuate Collection Set: 3.8ms
[2020-02-08T19:33:59.928+0800][gc,phases     ] GC(160)   Other: 5.2ms
[2020-02-08T19:33:59.928+0800][gc,heap       ] GC(160) Eden regions: 147->0(115)
[2020-02-08T19:33:59.928+0800][gc,heap       ] GC(160) Survivor regions: 4->4(19)
[2020-02-08T19:33:59.928+0800][gc,heap       ] GC(160) Old regions: 54->54
[2020-02-08T19:33:59.928+0800][gc,heap       ] GC(160) Humongous regions: 130->130
[2020-02-08T19:33:59.929+0800][gc,metaspace  ] GC(160) Metaspace: 36957K->36957K(1083392K)
[2020-02-08T19:33:59.929+0800][gc            ] GC(160) Pause Young (Normal) (G1 Evacuation Pause) 332M->185M(1024M) 30.835ms
[2020-02-08T19:33:59.929+0800][gc,cpu        ] GC(160) User=0.02s Sys=0.01s Real=0.03s
[2020-02-08T19:46:58.851+0800][gc,start      ] GC(161) Pause Young (Normal) (G1 Evacuation Pause)
[2020-02-08T19:46:58.852+0800][gc,task       ] GC(161) Using 8 workers of 8 for evacuation
[2020-02-08T19:46:58.861+0800][gc,phases     ] GC(161)   Pre Evacuate Collection Set: 0.5ms
[2020-02-08T19:46:58.861+0800][gc,phases     ] GC(161)   Evacuate Collection Set: 6.1ms
[2020-02-08T19:46:58.861+0800][gc,phases     ] GC(161)   Post Evacuate Collection Set: 1.6ms
[2020-02-08T19:46:58.861+0800][gc,phases     ] GC(161)   Other: 2.7ms
[2020-02-08T19:46:58.861+0800][gc,heap       ] GC(161) Eden regions: 115->0(167)
[2020-02-08T19:46:58.861+0800][gc,heap       ] GC(161) Survivor regions: 4->4(15)
[2020-02-08T19:46:58.861+0800][gc,heap       ] GC(161) Old regions: 54->54
[2020-02-08T19:46:58.861+0800][gc,heap       ] GC(161) Humongous regions: 130->130
[2020-02-08T19:46:58.861+0800][gc,metaspace  ] GC(161) Metaspace: 36966K->36966K(1083392K)
[2020-02-08T19:46:58.861+0800][gc            ] GC(161) Pause Young (Normal) (G1 Evacuation Pause) 300M->185M(1024M) 10.459ms
[2020-02-08T19:46:58.861+0800][gc,cpu        ] GC(161) User=0.02s Sys=0.00s Real=0.02s
[2020-02-08T20:05:56.752+0800][gc,start      ] GC(162) Pause Young (Normal) (G1 Evacuation Pause)
[2020-02-08T20:05:56.752+0800][gc,task       ] GC(162) Using 8 workers of 8 for evacuation
[2020-02-08T20:05:56.768+0800][gc,phases     ] GC(162)   Pre Evacuate Collection Set: 0.0ms
[2020-02-08T20:05:56.768+0800][gc,phases     ] GC(162)   Evacuate Collection Set: 14.6ms
[2020-02-08T20:05:56.768+0800][gc,phases     ] GC(162)   Post Evacuate Collection Set: 0.9ms
[2020-02-08T20:05:56.768+0800][gc,phases     ] GC(162)   Other: 0.5ms
[2020-02-08T20:05:56.768+0800][gc,heap       ] GC(162) Eden regions: 167->0(149)
[2020-02-08T20:05:56.768+0800][gc,heap       ] GC(162) Survivor regions: 4->3(22)
[2020-02-08T20:05:56.768+0800][gc,heap       ] GC(162) Old regions: 54->54
[2020-02-08T20:05:56.768+0800][gc,heap       ] GC(162) Humongous regions: 130->130
[2020-02-08T20:05:56.768+0800][gc,metaspace  ] GC(162) Metaspace: 36966K->36966K(1083392K)
[2020-02-08T20:05:56.768+0800][gc            ] GC(162) Pause Young (Normal) (G1 Evacuation Pause) 352M->185M(1024M) 16.702ms
[2020-02-08T20:05:56.768+0800][gc,cpu        ] GC(162) User=0.02s Sys=0.00s Real=0.02s
[2020-02-08T20:22:48.845+0800][gc,start      ] GC(163) Pause Young (Normal) (G1 Evacuation Pause)
[2020-02-08T20:22:48.845+0800][gc,task       ] GC(163) Using 8 workers of 8 for evacuation
[2020-02-08T20:22:48.848+0800][gc,phases     ] GC(163)   Pre Evacuate Collection Set: 0.1ms
[2020-02-08T20:22:48.848+0800][gc,phases     ] GC(163)   Evacuate Collection Set: 2.2ms
[2020-02-08T20:22:48.848+0800][gc,phases     ] GC(163)   Post Evacuate Collection Set: 0.6ms
[2020-02-08T20:22:48.848+0800][gc,phases     ] GC(163)   Other: 0.3ms
[2020-02-08T20:22:48.848+0800][gc,heap       ] GC(163) Eden regions: 149->0(177)
[2020-02-08T20:22:48.848+0800][gc,heap       ] GC(163) Survivor regions: 3->3(19)
[2020-02-08T20:22:48.848+0800][gc,heap       ] GC(163) Old regions: 54->54
[2020-02-08T20:22:48.848+0800][gc,heap       ] GC(163) Humongous regions: 130->130
[2020-02-08T20:22:48.848+0800][gc,metaspace  ] GC(163) Metaspace: 36967K->36967K(1083392K)
[2020-02-08T20:22:48.848+0800][gc            ] GC(163) Pause Young (Normal) (G1 Evacuation Pause) 334M->185M(1024M) 3.277ms
[2020-02-08T20:22:48.848+0800][gc,cpu        ] GC(163) User=0.01s Sys=0.01s Real=0.00s
[2020-02-08T20:42:21.617+0800][gc,start      ] GC(164) Pause Young (Normal) (G1 Evacuation Pause)
[2020-02-08T20:42:21.617+0800][gc,task       ] GC(164) Using 8 workers of 8 for evacuation
[2020-02-08T20:42:21.639+0800][gc,mmu        ] GC(164) MMU target violated: 21.0ms (20.0ms/21.0ms)
[2020-02-08T20:42:21.639+0800][gc,phases     ] GC(164)   Pre Evacuate Collection Set: 0.1ms
[2020-02-08T20:42:21.639+0800][gc,phases     ] GC(164)   Evacuate Collection Set: 20.7ms
[2020-02-08T20:42:21.639+0800][gc,phases     ] GC(164)   Post Evacuate Collection Set: 0.9ms
[2020-02-08T20:42:21.639+0800][gc,phases     ] GC(164)   Other: 0.3ms
[2020-02-08T20:42:21.639+0800][gc,heap       ] GC(164) Eden regions: 177->0(148)
[2020-02-08T20:42:21.639+0800][gc,heap       ] GC(164) Survivor regions: 3->4(23)
[2020-02-08T20:42:21.639+0800][gc,heap       ] GC(164) Old regions: 54->54
[2020-02-08T20:42:21.639+0800][gc,heap       ] GC(164) Humongous regions: 130->130
[2020-02-08T20:42:21.639+0800][gc,metaspace  ] GC(164) Metaspace: 36967K->36967K(1083392K)
[2020-02-08T20:42:21.639+0800][gc            ] GC(164) Pause Young (Normal) (G1 Evacuation Pause) 362M->185M(1024M) 22.091ms
[2020-02-08T20:42:21.639+0800][gc,cpu        ] GC(164) User=0.01s Sys=0.01s Real=0.02s
[2020-02-08T20:59:03.851+0800][gc,start      ] GC(165) Pause Young (Normal) (G1 Evacuation Pause)
[2020-02-08T20:59:03.855+0800][gc,task       ] GC(165) Using 8 workers of 8 for evacuation
[2020-02-08T20:59:03.865+0800][gc,phases     ] GC(165)   Pre Evacuate Collection Set: 0.6ms
[2020-02-08T20:59:03.865+0800][gc,phases     ] GC(165)   Evacuate Collection Set: 6.3ms
[2020-02-08T20:59:03.865+0800][gc,phases     ] GC(165)   Post Evacuate Collection Set: 2.4ms
[2020-02-08T20:59:03.865+0800][gc,phases     ] GC(165)   Other: 7.8ms
[2020-02-08T20:59:03.866+0800][gc,heap       ] GC(165) Eden regions: 148->0(173)
[2020-02-08T20:59:03.866+0800][gc,heap       ] GC(165) Survivor regions: 4->3(19)
[2020-02-08T20:59:03.866+0800][gc,heap       ] GC(165) Old regions: 54->54
[2020-02-08T20:59:03.866+0800][gc,heap       ] GC(165) Humongous regions: 130->130
[2020-02-08T20:59:03.866+0800][gc,metaspace  ] GC(165) Metaspace: 36967K->36967K(1083392K)
[2020-02-08T20:59:03.866+0800][gc            ] GC(165) Pause Young (Normal) (G1 Evacuation Pause) 333M->185M(1024M) 16.650ms
[2020-02-08T20:59:03.866+0800][gc,cpu        ] GC(165) User=0.02s Sys=0.00s Real=0.02s
[2020-02-08T21:18:41.949+0800][gc,start      ] GC(166) Pause Young (Normal) (G1 Evacuation Pause)
[2020-02-08T21:18:41.950+0800][gc,task       ] GC(166) Using 8 workers of 8 for evacuation
[2020-02-08T21:18:41.969+0800][gc,phases     ] GC(166)   Pre Evacuate Collection Set: 0.4ms
[2020-02-08T21:18:41.969+0800][gc,phases     ] GC(166)   Evacuate Collection Set: 11.3ms
[2020-02-08T21:18:41.969+0800][gc,phases     ] GC(166)   Post Evacuate Collection Set: 2.3ms
[2020-02-08T21:18:41.969+0800][gc,phases     ] GC(166)   Other: 7.5ms
[2020-02-08T21:18:41.969+0800][gc,heap       ] GC(166) Eden regions: 173->0(191)
[2020-02-08T21:18:41.969+0800][gc,heap       ] GC(166) Survivor regions: 3->4(22)
[2020-02-08T21:18:41.969+0800][gc,heap       ] GC(166) Old regions: 54->54
[2020-02-08T21:18:41.969+0800][gc,heap       ] GC(166) Humongous regions: 130->130
[2020-02-08T21:18:41.969+0800][gc,metaspace  ] GC(166) Metaspace: 36967K->36967K(1083392K)
[2020-02-08T21:18:41.969+0800][gc            ] GC(166) Pause Young (Normal) (G1 Evacuation Pause) 358M->185M(1024M) 20.491ms
[2020-02-08T21:18:41.969+0800][gc,cpu        ] GC(166) User=0.02s Sys=0.01s Real=0.02s
[2020-02-08T21:39:51.255+0800][gc,start      ] GC(167) Pause Young (Normal) (G1 Evacuation Pause)
[2020-02-08T21:39:51.256+0800][gc,task       ] GC(167) Using 8 workers of 8 for evacuation
[2020-02-08T21:39:51.285+0800][gc,mmu        ] GC(167) MMU target violated: 21.0ms (20.0ms/21.0ms)
[2020-02-08T21:39:51.285+0800][gc,phases     ] GC(167)   Pre Evacuate Collection Set: 0.0ms
[2020-02-08T21:39:51.285+0800][gc,phases     ] GC(167)   Evacuate Collection Set: 27.1ms
[2020-02-08T21:39:51.285+0800][gc,phases     ] GC(167)   Post Evacuate Collection Set: 1.7ms
[2020-02-08T21:39:51.285+0800][gc,phases     ] GC(167)   Other: 1.2ms
[2020-02-08T21:39:51.285+0800][gc,heap       ] GC(167) Eden regions: 191->0(98)
[2020-02-08T21:39:51.285+0800][gc,heap       ] GC(167) Survivor regions: 4->4(25)
[2020-02-08T21:39:51.285+0800][gc,heap       ] GC(167) Old regions: 54->54
[2020-02-08T21:39:51.285+0800][gc,heap       ] GC(167) Humongous regions: 130->130
[2020-02-08T21:39:51.285+0800][gc,metaspace  ] GC(167) Metaspace: 36967K->36967K(1083392K)
[2020-02-08T21:39:51.285+0800][gc            ] GC(167) Pause Young (Normal) (G1 Evacuation Pause) 376M->186M(1024M) 30.116ms
[2020-02-08T21:39:51.285+0800][gc,cpu        ] GC(167) User=0.01s Sys=0.02s Real=0.03s
[2020-02-08T21:50:53.845+0800][gc,start      ] GC(168) Pause Young (Normal) (G1 Evacuation Pause)
[2020-02-08T21:50:53.846+0800][gc,task       ] GC(168) Using 8 workers of 8 for evacuation
[2020-02-08T21:50:53.852+0800][gc,phases     ] GC(168)   Pre Evacuate Collection Set: 0.1ms
[2020-02-08T21:50:53.853+0800][gc,phases     ] GC(168)   Evacuate Collection Set: 5.5ms
[2020-02-08T21:50:53.853+0800][gc,phases     ] GC(168)   Post Evacuate Collection Set: 1.1ms
[2020-02-08T21:50:53.853+0800][gc,phases     ] GC(168)   Other: 0.5ms
[2020-02-08T21:50:53.853+0800][gc,heap       ] GC(168) Eden regions: 98->0(172)
[2020-02-08T21:50:53.853+0800][gc,heap       ] GC(168) Survivor regions: 4->4(13)
[2020-02-08T21:50:53.853+0800][gc,heap       ] GC(168) Old regions: 54->54
[2020-02-08T21:50:53.853+0800][gc,heap       ] GC(168) Humongous regions: 130->130
[2020-02-08T21:50:53.853+0800][gc,metaspace  ] GC(168) Metaspace: 36970K->36970K(1083392K)
[2020-02-08T21:50:53.853+0800][gc            ] GC(168) Pause Young (Normal) (G1 Evacuation Pause) 284M->186M(1024M) 7.585ms
[2020-02-08T21:50:53.853+0800][gc,cpu        ] GC(168) User=0.02s Sys=0.00s Real=0.01s
[2020-02-08T22:10:22.989+0800][gc,start      ] GC(169) Pause Young (Normal) (G1 Evacuation Pause)
[2020-02-08T22:10:22.990+0800][gc,task       ] GC(169) Using 8 workers of 8 for evacuation
[2020-02-08T22:10:22.999+0800][gc,phases     ] GC(169)   Pre Evacuate Collection Set: 0.0ms
[2020-02-08T22:10:22.999+0800][gc,phases     ] GC(169)   Evacuate Collection Set: 8.5ms
[2020-02-08T22:10:22.999+0800][gc,phases     ] GC(169)   Post Evacuate Collection Set: 0.6ms
[2020-02-08T22:10:22.999+0800][gc,phases     ] GC(169)   Other: 0.9ms
[2020-02-08T22:10:22.999+0800][gc,heap       ] GC(169) Eden regions: 172->0(207)
[2020-02-08T22:10:22.999+0800][gc,heap       ] GC(169) Survivor regions: 4->4(22)
[2020-02-08T22:10:22.999+0800][gc,heap       ] GC(169) Old regions: 54->54
[2020-02-08T22:10:22.999+0800][gc,heap       ] GC(169) Humongous regions: 130->130
[2020-02-08T22:10:22.999+0800][gc,metaspace  ] GC(169) Metaspace: 36970K->36970K(1083392K)
[2020-02-08T22:10:22.999+0800][gc            ] GC(169) Pause Young (Normal) (G1 Evacuation Pause) 358M->186M(1024M) 10.162ms
[2020-02-08T22:10:22.999+0800][gc,cpu        ] GC(169) User=0.02s Sys=0.00s Real=0.01s
[2020-02-08T22:33:24.117+0800][gc,start      ] GC(170) Pause Young (Normal) (G1 Evacuation Pause)
[2020-02-08T22:33:24.118+0800][gc,task       ] GC(170) Using 8 workers of 8 for evacuation
[2020-02-08T22:33:24.138+0800][gc,phases     ] GC(170)   Pre Evacuate Collection Set: 0.0ms
[2020-02-08T22:33:24.138+0800][gc,phases     ] GC(170)   Evacuate Collection Set: 18.2ms
[2020-02-08T22:33:24.138+0800][gc,phases     ] GC(170)   Post Evacuate Collection Set: 1.6ms
[2020-02-08T22:33:24.138+0800][gc,phases     ] GC(170)   Other: 0.5ms
[2020-02-08T22:33:24.138+0800][gc,heap       ] GC(170) Eden regions: 207->0(147)
[2020-02-08T22:33:24.138+0800][gc,heap       ] GC(170) Survivor regions: 4->3(27)
[2020-02-08T22:33:24.138+0800][gc,heap       ] GC(170) Old regions: 54->54
[2020-02-08T22:33:24.138+0800][gc,heap       ] GC(170) Humongous regions: 130->130
[2020-02-08T22:33:24.138+0800][gc,metaspace  ] GC(170) Metaspace: 36972K->36972K(1083392K)
[2020-02-08T22:33:24.138+0800][gc            ] GC(170) Pause Young (Normal) (G1 Evacuation Pause) 393M->185M(1024M) 20.468ms
[2020-02-08T22:33:24.138+0800][gc,cpu        ] GC(170) User=0.01s Sys=0.01s Real=0.02s
[2020-02-08T22:49:58.359+0800][gc,start      ] GC(171) Pause Young (Normal) (G1 Evacuation Pause)
[2020-02-08T22:49:58.360+0800][gc,task       ] GC(171) Using 8 workers of 8 for evacuation
[2020-02-08T22:49:58.363+0800][gc,phases     ] GC(171)   Pre Evacuate Collection Set: 0.0ms
[2020-02-08T22:49:58.363+0800][gc,phases     ] GC(171)   Evacuate Collection Set: 2.7ms
[2020-02-08T22:49:58.363+0800][gc,phases     ] GC(171)   Post Evacuate Collection Set: 0.6ms
[2020-02-08T22:49:58.364+0800][gc,phases     ] GC(171)   Other: 0.7ms
[2020-02-08T22:49:58.364+0800][gc,heap       ] GC(171) Eden regions: 147->0(179)
[2020-02-08T22:49:58.364+0800][gc,heap       ] GC(171) Survivor regions: 3->3(19)
[2020-02-08T22:49:58.364+0800][gc,heap       ] GC(171) Old regions: 54->54
[2020-02-08T22:49:58.364+0800][gc,heap       ] GC(171) Humongous regions: 130->130
[2020-02-08T22:49:58.364+0800][gc,metaspace  ] GC(171) Metaspace: 36973K->36973K(1083392K)
[2020-02-08T22:49:58.364+0800][gc            ] GC(171) Pause Young (Normal) (G1 Evacuation Pause) 332M->185M(1024M) 4.145ms
[2020-02-08T22:49:58.364+0800][gc,cpu        ] GC(171) User=0.01s Sys=0.00s Real=0.01s
[2020-02-08T23:10:07.649+0800][gc,start      ] GC(172) Pause Young (Normal) (G1 Evacuation Pause)
[2020-02-08T23:10:07.649+0800][gc,task       ] GC(172) Using 8 workers of 8 for evacuation
[2020-02-08T23:10:07.652+0800][gc,phases     ] GC(172)   Pre Evacuate Collection Set: 0.0ms
[2020-02-08T23:10:07.652+0800][gc,phases     ] GC(172)   Evacuate Collection Set: 2.1ms
[2020-02-08T23:10:07.652+0800][gc,phases     ] GC(172)   Post Evacuate Collection Set: 0.4ms
[2020-02-08T23:10:07.652+0800][gc,phases     ] GC(172)   Other: 0.2ms
[2020-02-08T23:10:07.652+0800][gc,heap       ] GC(172) Eden regions: 179->0(207)
[2020-02-08T23:10:07.652+0800][gc,heap       ] GC(172) Survivor regions: 3->4(23)
[2020-02-08T23:10:07.652+0800][gc,heap       ] GC(172) Old regions: 54->54
[2020-02-08T23:10:07.652+0800][gc,heap       ] GC(172) Humongous regions: 130->130
[2020-02-08T23:10:07.652+0800][gc,metaspace  ] GC(172) Metaspace: 36990K->36990K(1083392K)
[2020-02-08T23:10:07.652+0800][gc            ] GC(172) Pause Young (Normal) (G1 Evacuation Pause) 364M->185M(1024M) 2.830ms
[2020-02-08T23:10:07.652+0800][gc,cpu        ] GC(172) User=0.02s Sys=0.00s Real=0.00s
[2020-02-08T23:33:06.409+0800][gc,start      ] GC(173) Pause Young (Normal) (G1 Evacuation Pause)
[2020-02-08T23:33:06.409+0800][gc,task       ] GC(173) Using 8 workers of 8 for evacuation
[2020-02-08T23:33:06.415+0800][gc,phases     ] GC(173)   Pre Evacuate Collection Set: 0.0ms
[2020-02-08T23:33:06.415+0800][gc,phases     ] GC(173)   Evacuate Collection Set: 5.0ms
[2020-02-08T23:33:06.415+0800][gc,phases     ] GC(173)   Post Evacuate Collection Set: 0.3ms
[2020-02-08T23:33:06.415+0800][gc,phases     ] GC(173)   Other: 0.2ms
[2020-02-08T23:33:06.415+0800][gc,heap       ] GC(173) Eden regions: 207->0(233)
[2020-02-08T23:33:06.415+0800][gc,heap       ] GC(173) Survivor regions: 4->4(27)
[2020-02-08T23:33:06.415+0800][gc,heap       ] GC(173) Old regions: 54->54
[2020-02-08T23:33:06.415+0800][gc,heap       ] GC(173) Humongous regions: 130->130
[2020-02-08T23:33:06.415+0800][gc,metaspace  ] GC(173) Metaspace: 36991K->36991K(1083392K)
[2020-02-08T23:33:06.415+0800][gc            ] GC(173) Pause Young (Normal) (G1 Evacuation Pause) 392M->185M(1024M) 5.723ms
[2020-02-08T23:33:06.415+0800][gc,cpu        ] GC(173) User=0.01s Sys=0.00s Real=0.01s
[2020-02-08T23:55:54.968+0800][gc,heap,exit  ] Heap
[2020-02-08T23:55:54.968+0800][gc,heap,exit  ]  garbage-first heap   total 1048576K, used 405261K [0x00000000c0000000, 0x0000000100000000)
[2020-02-08T23:55:54.968+0800][gc,heap,exit  ]   region size 1024K, 216 young (221184K), 4 survivors (4096K)
[2020-02-08T23:55:54.968+0800][gc,heap,exit  ]  Metaspace       used 37490K, capacity 37993K, committed 38864K, reserved 1083392K
[2020-02-08T23:55:54.968+0800][gc,heap,exit  ]   class space    used 4774K, capacity 4923K, committed 4992K, reserved 1048576K
